Archive member included to satisfy reference by file (symbol)

core/libcore.a(tag.c.obj)     CMakeFiles/TestSlave.dir/lib/schedule.c.obj (lf_time_logical)
core/libcore.a(reactor_common.c.obj)
                              CMakeFiles/TestSlave.dir/_testslave_main.c.obj (_lf_new_reactor)
core/libcore.a(lf_token.c.obj)
                              core/libcore.a(reactor_common.c.obj) (_lf_initialize_token_with_value)
core/libcore.a(environment.c.obj)
                              core/libcore.a(reactor_common.c.obj) (environment_free)
core/libcore.a(reactor.c.obj)
                              core/libcore.a(reactor_common.c.obj) (_lf_trigger_reaction)
core/libcore.a(vector.c.obj)  core/libcore.a(reactor_common.c.obj) (vector_at)
core/libcore.a(pqueue.c.obj)  core/libcore.a(environment.c.obj) (pqueue_init)
core/libcore.a(util.c.obj)    core/libcore.a(reactor_common.c.obj) (lf_print)
core/libcore.a(hashset.c.obj)
                              core/libcore.a(lf_token.c.obj) (hashset_num_items)
core/libcore.a(hashset_itr.c.obj)
                              core/libcore.a(lf_token.c.obj) (hashset_iterator)
core/libcore.a(lf_rp2040_support.c.obj)
                              core/libcore.a(reactor.c.obj) (_lf_initialize_clock)
/usr/lib/gcc/arm-none-eabi/10.3.1/thumb/v6-m/nofp/libgcc.a(_dvmd_tls.o)
                              CMakeFiles/TestSlave.dir/home/foobar/pico-sdk/src/rp2_common/pico_divider/divider.S.obj (__aeabi_idiv0)
/usr/lib/gcc/arm-none-eabi/10.3.1/../../../arm-none-eabi/lib/thumb/v6-m/nofp/libc.a(lib_a-atexit.o)
                              /usr/lib/gcc/arm-none-eabi/10.3.1/../../../arm-none-eabi/lib/thumb/v6-m/nofp/crt0.o (atexit)
/usr/lib/gcc/arm-none-eabi/10.3.1/../../../arm-none-eabi/lib/thumb/v6-m/nofp/libc.a(lib_a-atoi.o)
                              core/libcore.a(reactor_common.c.obj) (atoi)
/usr/lib/gcc/arm-none-eabi/10.3.1/../../../arm-none-eabi/lib/thumb/v6-m/nofp/libc.a(lib_a-atoll.o)
                              core/libcore.a(reactor_common.c.obj) (atoll)
/usr/lib/gcc/arm-none-eabi/10.3.1/../../../arm-none-eabi/lib/thumb/v6-m/nofp/libc.a(lib_a-calloc.o)
                              CMakeFiles/TestSlave.dir/home/foobar/pico-sdk/src/rp2_common/pico_malloc/pico_malloc.c.obj (calloc)
/usr/lib/gcc/arm-none-eabi/10.3.1/../../../arm-none-eabi/lib/thumb/v6-m/nofp/libc.a(lib_a-callocr.o)
                              /usr/lib/gcc/arm-none-eabi/10.3.1/../../../arm-none-eabi/lib/thumb/v6-m/nofp/libc.a(lib_a-calloc.o) (_calloc_r)
/usr/lib/gcc/arm-none-eabi/10.3.1/../../../arm-none-eabi/lib/thumb/v6-m/nofp/libc.a(lib_a-fini.o)
                              /usr/lib/gcc/arm-none-eabi/10.3.1/../../../arm-none-eabi/lib/thumb/v6-m/nofp/crt0.o (__libc_fini_array)
/usr/lib/gcc/arm-none-eabi/10.3.1/../../../arm-none-eabi/lib/thumb/v6-m/nofp/libc.a(lib_a-impure.o)
                              core/libcore.a(util.c.obj) (_impure_ptr)
/usr/lib/gcc/arm-none-eabi/10.3.1/../../../arm-none-eabi/lib/thumb/v6-m/nofp/libc.a(lib_a-init.o)
                              /usr/lib/gcc/arm-none-eabi/10.3.1/../../../arm-none-eabi/lib/thumb/v6-m/nofp/crt0.o (__libc_init_array)
/usr/lib/gcc/arm-none-eabi/10.3.1/../../../arm-none-eabi/lib/thumb/v6-m/nofp/libc.a(lib_a-malloc.o)
                              CMakeFiles/TestSlave.dir/home/foobar/pico-sdk/src/rp2_common/pico_malloc/pico_malloc.c.obj (malloc)
/usr/lib/gcc/arm-none-eabi/10.3.1/../../../arm-none-eabi/lib/thumb/v6-m/nofp/libc.a(lib_a-mallocr.o)
                              /usr/lib/gcc/arm-none-eabi/10.3.1/../../../arm-none-eabi/lib/thumb/v6-m/nofp/libc.a(lib_a-callocr.o) (_malloc_r)
/usr/lib/gcc/arm-none-eabi/10.3.1/../../../arm-none-eabi/lib/thumb/v6-m/nofp/libc.a(lib_a-memcmp.o)
                              CMakeFiles/TestSlave.dir/_testslave_main.c.obj (memcmp)
/usr/lib/gcc/arm-none-eabi/10.3.1/../../../arm-none-eabi/lib/thumb/v6-m/nofp/libc.a(lib_a-memmove.o)
                              CMakeFiles/TestSlave.dir/_testslave_main.c.obj (memmove)
/usr/lib/gcc/arm-none-eabi/10.3.1/../../../arm-none-eabi/lib/thumb/v6-m/nofp/libc.a(lib_a-mlock.o)
                              /usr/lib/gcc/arm-none-eabi/10.3.1/../../../arm-none-eabi/lib/thumb/v6-m/nofp/libc.a(lib_a-mallocr.o) (__malloc_lock)
/usr/lib/gcc/arm-none-eabi/10.3.1/../../../arm-none-eabi/lib/thumb/v6-m/nofp/libc.a(lib_a-realloc.o)
                              CMakeFiles/TestSlave.dir/home/foobar/pico-sdk/src/rp2_common/pico_malloc/pico_malloc.c.obj (realloc)
/usr/lib/gcc/arm-none-eabi/10.3.1/../../../arm-none-eabi/lib/thumb/v6-m/nofp/libc.a(lib_a-reallocr.o)
                              /usr/lib/gcc/arm-none-eabi/10.3.1/../../../arm-none-eabi/lib/thumb/v6-m/nofp/libc.a(lib_a-realloc.o) (_realloc_r)
/usr/lib/gcc/arm-none-eabi/10.3.1/../../../arm-none-eabi/lib/thumb/v6-m/nofp/libc.a(lib_a-sbrkr.o)
                              /usr/lib/gcc/arm-none-eabi/10.3.1/../../../arm-none-eabi/lib/thumb/v6-m/nofp/libc.a(lib_a-mallocr.o) (_sbrk_r)
[...]
Memory Configuration

Name             Origin             Length             Attributes
FLASH            0x0000000010000000 0x0000000000200000 xr
RAM              0x0000000020000000 0x0000000000040000 xrw
SCRATCH_X        0x0000000020040000 0x0000000000001000 xrw
SCRATCH_Y        0x0000000020041000 0x0000000000001000 xrw
*default*        0x0000000000000000 0xffffffffffffffff

Linker script and memory map

LOAD /usr/lib/gcc/arm-none-eabi/10.3.1/thumb/v6-m/nofp/crti.o
LOAD /usr/lib/gcc/arm-none-eabi/10.3.1/thumb/v6-m/nofp/crtbegin.o
LOAD /usr/lib/gcc/arm-none-eabi/10.3.1/../../../arm-none-eabi/lib/thumb/v6-m/nofp/crt0.o

.flash_begin    0x0000000010000000        0x0
                0x0000000010000000                __flash_binary_start = .

.boot2          0x0000000010000000      0x100
                0x0000000010000000                __boot2_start__ = .
 *(.boot2)
 .boot2         0x0000000010000000      0x100 /tmp/cc1H61Yb.o
                0x0000000010000100                __boot2_end__ = .
                0x0000000000000001                ASSERT (((__boot2_end__ - __boot2_start__) == 0x100), ERROR: Pico second stage bootloader must be 256 bytes in size)

.text           0x0000000010000100     0xef80
                0x0000000010000100                __logical_binary_start = .
 *(.vectors)
 .vectors       0x0000000010000100       0xd4 CMakeFiles/TestSlave.dir/home/foobar/pico-sdk/src/rp2_common/pico_standard_link/crt0.S.obj
                0x0000000010000100                __vectors
                0x0000000010000100                __VECTOR_TABLE
                0x00000000100001c0                isr_invalid
                0x00000000100001c0                __default_isrs_start
                0x00000000100001c2                isr_nmi
                0x00000000100001c4                isr_hardfault
                0x00000000100001c6                isr_svcall
                0x00000000100001c8                isr_pendsv
                0x00000000100001ca                isr_systick
                0x00000000100001cc                isr_irq30
                0x00000000100001cc                __unhandled_user_irq
                0x00000000100001cc                isr_irq13
                0x00000000100001cc                isr_irq27
                0x00000000100001cc                isr_irq31
                0x00000000100001cc                isr_irq5
                0x00000000100001cc                isr_irq11
                0x00000000100001cc                isr_irq23
                0x00000000100001cc                isr_irq18
                0x00000000100001cc                isr_irq28
                0x00000000100001cc                isr_irq19
                0x00000000100001cc                isr_irq0
                0x00000000100001cc                isr_irq6
                0x00000000100001cc                isr_irq22
                0x00000000100001cc                isr_irq17
                0x00000000100001cc                isr_irq14
                0x00000000100001cc                isr_irq2
                0x00000000100001cc                isr_irq10
                0x00000000100001cc                isr_irq8
                0x00000000100001cc                isr_irq24
                0x00000000100001cc                isr_irq1
                0x00000000100001cc                isr_irq7
                0x00000000100001cc                isr_irq21
                0x00000000100001cc                isr_irq20
                0x00000000100001cc                isr_irq15
                0x00000000100001cc                isr_irq25
                0x00000000100001cc                isr_irq4
                0x00000000100001cc                isr_irq16
                0x00000000100001cc                isr_irq29
                0x00000000100001cc                isr_irq26
                0x00000000100001cc                __default_isrs_end
                0x00000000100001cc                isr_irq3
                0x00000000100001cc                isr_irq12
                0x00000000100001cc                isr_irq9
                0x00000000100001d2                unhandled_user_irq_num_in_r0
 *(.binary_info_header)
 .binary_info_header
                0x00000000100001d4       0x14 CMakeFiles/TestSlave.dir/home/foobar/pico-sdk/src/rp2_common/pico_standard_link/crt0.S.obj
                0x00000000100001e8                __binary_info_header_end = .
 *(.reset)
 .reset         0x00000000100001e8       0xa0 CMakeFiles/TestSlave.dir/home/foobar/pico-sdk/src/rp2_common/pico_standard_link/crt0.S.obj
                0x00000000100001e8                _entry_point
 .reset         0x0000000010000288       0x30 CMakeFiles/TestSlave.dir/home/foobar/pico-sdk/src/rp2_common/pico_standard_link/binary_info.c.obj
 *(.init)
 .init          0x00000000100002b8        0x4 /usr/lib/gcc/arm-none-eabi/10.3.1/thumb/v6-m/nofp/crti.o
                0x00000000100002b8                _init
 *(EXCLUDE_FILE(*libm.a: *libc.a:*lib_a-mem*.o *libgcc.a:) .text*)
 .text          0x00000000100002bc       0x98 /usr/lib/gcc/arm-none-eabi/10.3.1/thumb/v6-m/nofp/crtbegin.o
 .text._testslave_mainreaction_function_0
                0x0000000010000354       0x6c CMakeFiles/TestSlave.dir/_testslave_main.c.obj
                0x0000000010000354                _testslave_mainreaction_function_0
 .text.i2c_slave_handler
                0x00000000100003c0       0xd4 CMakeFiles/TestSlave.dir/_testslave_main.c.obj
 .text.new__testslave_main
                0x0000000010000494       0x44 CMakeFiles/TestSlave.dir/_testslave_main.c.obj
                0x0000000010000494                new__testslave_main
 .text.startup.main
                0x00000000100004d8        0xc CMakeFiles/TestSlave.dir/TestSlave.c.obj
                0x00000000100004d8                main
 .text._lf_set_default_command_line_options
                0x00000000100004e4       0x1c CMakeFiles/TestSlave.dir/TestSlave.c.obj
                0x00000000100004e4                _lf_set_default_command_line_options
 .text._lf_create_environments
                0x0000000010000500       0x30 CMakeFiles/TestSlave.dir/TestSlave.c.obj
                0x0000000010000500                _lf_create_environments
 .text._lf_get_environments
                0x0000000010000530        0xc CMakeFiles/TestSlave.dir/TestSlave.c.obj
                0x0000000010000530                _lf_get_environments
 .text._lf_initialize_trigger_objects
                0x000000001000053c       0x3c CMakeFiles/TestSlave.dir/TestSlave.c.obj
                0x000000001000053c                _lf_initialize_trigger_objects
 .text.terminate_execution
                0x0000000010000578        0x4 CMakeFiles/TestSlave.dir/TestSlave.c.obj
                0x0000000010000578                terminate_execution
 .text.gpio_set_function
                0x000000001000057c       0x30 CMakeFiles/TestSlave.dir/home/foobar/pico-sdk/src/rp2_common/hardware_gpio/gpio.c.obj
                0x000000001000057c                gpio_set_function
 .text.gpio_set_pulls
                0x00000000100005ac       0x30 CMakeFiles/TestSlave.dir/home/foobar/pico-sdk/src/rp2_common/hardware_gpio/gpio.c.obj
                0x00000000100005ac                gpio_set_pulls
 .text.gpio_init
                0x00000000100005dc       0x3c CMakeFiles/TestSlave.dir/home/foobar/pico-sdk/src/rp2_common/hardware_gpio/gpio.c.obj
                0x00000000100005dc                gpio_init
 .text.running_on_fpga
                0x0000000010000618       0x10 CMakeFiles/TestSlave.dir/home/foobar/pico-sdk/src/rp2_common/pico_platform/platform.c.obj
                0x0000000010000618                running_on_fpga
 .text.hw_claim_or_assert
                0x0000000010000628       0x44 CMakeFiles/TestSlave.dir/home/foobar/pico-sdk/src/rp2_common/hardware_claim/claim.c.obj
                0x0000000010000628                hw_claim_or_assert
 .text.hw_claim_unused_from_range
                0x000000001000066c       0x9c CMakeFiles/TestSlave.dir/home/foobar/pico-sdk/src/rp2_common/hardware_claim/claim.c.obj
                0x000000001000066c                hw_claim_unused_from_range
 .text.spin_locks_reset
                0x0000000010000708       0x1c CMakeFiles/TestSlave.dir/home/foobar/pico-sdk/src/rp2_common/hardware_sync/sync.c.obj
                0x0000000010000708                spin_locks_reset
 .text.next_striped_spin_lock_num
                0x0000000010000724       0x18 CMakeFiles/TestSlave.dir/home/foobar/pico-sdk/src/rp2_common/hardware_sync/sync.c.obj
                0x0000000010000724                next_striped_spin_lock_num
 .text.spin_lock_claim_unused
                0x000000001000073c       0x20 CMakeFiles/TestSlave.dir/home/foobar/pico-sdk/src/rp2_common/hardware_sync/sync.c.obj
                0x000000001000073c                spin_lock_claim_unused
 .text.irq_set_enabled
                0x000000001000075c       0x24 CMakeFiles/TestSlave.dir/home/foobar/pico-sdk/src/rp2_common/hardware_irq/irq.c.obj
                0x000000001000075c                irq_set_enabled
 .text.irq_set_pending
                0x0000000010000780       0x10 CMakeFiles/TestSlave.dir/home/foobar/pico-sdk/src/rp2_common/hardware_irq/irq.c.obj
                0x0000000010000780                irq_set_pending
 .text.irq_has_shared_handler
                0x0000000010000790       0x2c CMakeFiles/TestSlave.dir/home/foobar/pico-sdk/src/rp2_common/hardware_irq/irq.c.obj
                0x0000000010000790                irq_has_shared_handler
 .text.irq_get_vtable_handler
                0x00000000100007bc       0x10 CMakeFiles/TestSlave.dir/home/foobar/pico-sdk/src/rp2_common/hardware_irq/irq.c.obj
                0x00000000100007bc                irq_get_vtable_handler
 .text.irq_set_exclusive_handler
                0x00000000100007cc       0x54 CMakeFiles/TestSlave.dir/home/foobar/pico-sdk/src/rp2_common/hardware_irq/irq.c.obj
                0x00000000100007cc                irq_set_exclusive_handler
 .text.irq_add_shared_handler
                0x0000000010000820      0x1e8 CMakeFiles/TestSlave.dir/home/foobar/pico-sdk/src/rp2_common/hardware_irq/irq.c.obj
                0x0000000010000820                irq_add_shared_handler
 .text.irq_remove_handler
                0x0000000010000a08      0x1b0 CMakeFiles/TestSlave.dir/home/foobar/pico-sdk/src/rp2_common/hardware_irq/irq.c.obj
                0x0000000010000a08                irq_remove_handler
 .text.irq_add_tail_to_free_list
                0x0000000010000bb8       0xb4 CMakeFiles/TestSlave.dir/home/foobar/pico-sdk/src/rp2_common/hardware_irq/irq.c.obj
                0x0000000010000bb8                irq_add_tail_to_free_list
 .text.irq_init_priorities
                0x0000000010000c6c       0x24 CMakeFiles/TestSlave.dir/home/foobar/pico-sdk/src/rp2_common/hardware_irq/irq.c.obj
                0x0000000010000c6c                irq_init_priorities
 .text.user_irq_claim_unused
                0x0000000010000c90       0x28 CMakeFiles/TestSlave.dir/home/foobar/pico-sdk/src/rp2_common/hardware_irq/irq.c.obj
                0x0000000010000c90                user_irq_claim_unused
 .text.sem_init
                0x0000000010000cb8       0x20 CMakeFiles/TestSlave.dir/home/foobar/pico-sdk/src/common/pico_sync/sem.c.obj
                0x0000000010000cb8                sem_init
 .text.lock_init
                0x0000000010000cd8       0x10 CMakeFiles/TestSlave.dir/home/foobar/pico-sdk/src/common/pico_sync/lock_core.c.obj
                0x0000000010000cd8                lock_init
 .text.mutex_init
                0x0000000010000ce8       0x1c CMakeFiles/TestSlave.dir/home/foobar/pico-sdk/src/common/pico_sync/mutex.c.obj
                0x0000000010000ce8                mutex_init
 .text.recursive_mutex_init
                0x0000000010000d04       0x1c CMakeFiles/TestSlave.dir/home/foobar/pico-sdk/src/common/pico_sync/mutex.c.obj
                0x0000000010000d04                recursive_mutex_init
 .text.critical_section_init
                0x0000000010000d20       0x20 CMakeFiles/TestSlave.dir/home/foobar/pico-sdk/src/common/pico_sync/critical_section.c.obj
                0x0000000010000d20                critical_section_init
 .text.critical_section_init_with_lock_num
                0x0000000010000d40       0x14 CMakeFiles/TestSlave.dir/home/foobar/pico-sdk/src/common/pico_sync/critical_section.c.obj
                0x0000000010000d40                critical_section_init_with_lock_num
 .text.timer_pool_entry_comparator
                0x0000000010000d54       0x34 CMakeFiles/TestSlave.dir/home/foobar/pico-sdk/src/common/pico_time/time.c.obj
                0x0000000010000d54                timer_pool_entry_comparator
 .text.sleep_until_callback
                0x0000000010000d88       0x30 CMakeFiles/TestSlave.dir/home/foobar/pico-sdk/src/common/pico_time/time.c.obj
 .text.add_alarm_under_lock.isra.0
                0x0000000010000db8      0x100 CMakeFiles/TestSlave.dir/home/foobar/pico-sdk/src/common/pico_time/time.c.obj
 .text.alarm_pool_alarm_callback
                0x0000000010000eb8      0x1bc CMakeFiles/TestSlave.dir/home/foobar/pico-sdk/src/common/pico_time/time.c.obj
 .text.alarm_pool_init_default
                0x0000000010001074       0x6c CMakeFiles/TestSlave.dir/home/foobar/pico-sdk/src/common/pico_time/time.c.obj
                0x0000000010001074                alarm_pool_init_default
 .text.alarm_pool_get_default
                0x00000000100010e0        0x8 CMakeFiles/TestSlave.dir/home/foobar/pico-sdk/src/common/pico_time/time.c.obj
                0x00000000100010e0                alarm_pool_get_default
 .text.alarm_pool_add_alarm_at
                0x00000000100010e8      0x178 CMakeFiles/TestSlave.dir/home/foobar/pico-sdk/src/common/pico_time/time.c.obj
                0x00000000100010e8                alarm_pool_add_alarm_at
 .text.alarm_pool_core_num
                0x0000000010001260        0x4 CMakeFiles/TestSlave.dir/home/foobar/pico-sdk/src/common/pico_time/time.c.obj
                0x0000000010001260                alarm_pool_core_num
 .text.best_effort_wfe_or_timeout
                0x0000000010001264       0xd4 CMakeFiles/TestSlave.dir/home/foobar/pico-sdk/src/common/pico_time/time.c.obj
                0x0000000010001264                best_effort_wfe_or_timeout
 .text.hardware_alarm_irq_handler
                0x0000000010001338       0xbc CMakeFiles/TestSlave.dir/home/foobar/pico-sdk/src/rp2_common/hardware_timer/timer.c.obj
 .text.hardware_alarm_claim
                0x00000000100013f4       0x18 CMakeFiles/TestSlave.dir/home/foobar/pico-sdk/src/rp2_common/hardware_timer/timer.c.obj
                0x00000000100013f4                hardware_alarm_claim
 .text.time_us_64
                0x000000001000140c       0x14 CMakeFiles/TestSlave.dir/home/foobar/pico-sdk/src/rp2_common/hardware_timer/timer.c.obj
                0x000000001000140c                time_us_64
 .text.busy_wait_us
                0x0000000010001420       0x54 CMakeFiles/TestSlave.dir/home/foobar/pico-sdk/src/rp2_common/hardware_timer/timer.c.obj
                0x0000000010001420                busy_wait_us
 .text.hardware_alarm_set_callback
                0x0000000010001474       0x8c CMakeFiles/TestSlave.dir/home/foobar/pico-sdk/src/rp2_common/hardware_timer/timer.c.obj
                0x0000000010001474                hardware_alarm_set_callback
 .text.hardware_alarm_set_target
                0x0000000010001500       0xd4 CMakeFiles/TestSlave.dir/home/foobar/pico-sdk/src/rp2_common/hardware_timer/timer.c.obj
                0x0000000010001500                hardware_alarm_set_target
 .text.hardware_alarm_cancel
                0x00000000100015d4       0x3c CMakeFiles/TestSlave.dir/home/foobar/pico-sdk/src/rp2_common/hardware_timer/timer.c.obj
                0x00000000100015d4                hardware_alarm_cancel
 .text.ph_merge_nodes
                0x0000000010001610       0x68 CMakeFiles/TestSlave.dir/home/foobar/pico-sdk/src/common/pico_util/pheap.c.obj
 .text.ph_post_alloc_init
                0x0000000010001678       0x3c CMakeFiles/TestSlave.dir/home/foobar/pico-sdk/src/common/pico_util/pheap.c.obj
                0x0000000010001678                ph_post_alloc_init
 .text.ph_merge_two_pass
                0x00000000100016b4       0x90 CMakeFiles/TestSlave.dir/home/foobar/pico-sdk/src/common/pico_util/pheap.c.obj
                0x00000000100016b4                ph_merge_two_pass
 .text.ph_remove_any_head
                0x0000000010001744      0x100 CMakeFiles/TestSlave.dir/home/foobar/pico-sdk/src/common/pico_util/pheap.c.obj
 .text.ph_remove_head
                0x0000000010001844      0x104 CMakeFiles/TestSlave.dir/home/foobar/pico-sdk/src/common/pico_util/pheap.c.obj
                0x0000000010001844                ph_remove_head
 .text.ph_remove_and_free_node
                0x0000000010001948       0x7c CMakeFiles/TestSlave.dir/home/foobar/pico-sdk/src/common/pico_util/pheap.c.obj
                0x0000000010001948                ph_remove_and_free_node
 .text.clocks_init
                0x00000000100019c4      0x2d0 CMakeFiles/TestSlave.dir/home/foobar/pico-sdk/src/rp2_common/hardware_clocks/clocks.c.obj
                0x00000000100019c4                clocks_init
 .text.clock_get_hz
                0x0000000010001c94        0xc CMakeFiles/TestSlave.dir/home/foobar/pico-sdk/src/rp2_common/hardware_clocks/clocks.c.obj
                0x0000000010001c94                clock_get_hz
 .text.pll_init
                0x0000000010001ca0       0xa0 CMakeFiles/TestSlave.dir/home/foobar/pico-sdk/src/rp2_common/hardware_pll/pll.c.obj
                0x0000000010001ca0                pll_init
 .text.watchdog_start_tick
                0x0000000010001d40       0x10 CMakeFiles/TestSlave.dir/home/foobar/pico-sdk/src/rp2_common/hardware_watchdog/watchdog.c.obj
                0x0000000010001d40                watchdog_start_tick
 .text.watchdog_reboot
                0x0000000010001d50       0x98 CMakeFiles/TestSlave.dir/home/foobar/pico-sdk/src/rp2_common/hardware_watchdog/watchdog.c.obj
                0x0000000010001d50                watchdog_reboot
 .text.xosc_init
                0x0000000010001de8       0x28 CMakeFiles/TestSlave.dir/home/foobar/pico-sdk/src/rp2_common/hardware_xosc/xosc.c.obj
                0x0000000010001de8                xosc_init
 .text.runtime_init
                0x0000000010001e10       0xf0 CMakeFiles/TestSlave.dir/home/foobar/pico-sdk/src/rp2_common/pico_runtime/runtime.c.obj
                0x0000000010001e10                runtime_init
 .text._exit    0x0000000010001f00        0x4 CMakeFiles/TestSlave.dir/home/foobar/pico-sdk/src/rp2_common/pico_runtime/runtime.c.obj
                0x0000000010001f00                _exit
 .text._sbrk    0x0000000010001f04       0x34 CMakeFiles/TestSlave.dir/home/foobar/pico-sdk/src/rp2_common/pico_runtime/runtime.c.obj
                0x0000000010001f04                _sbrk
 .text.exit     0x0000000010001f38        0x8 CMakeFiles/TestSlave.dir/home/foobar/pico-sdk/src/rp2_common/pico_runtime/runtime.c.obj
                0x0000000010001f38                exit
 .text.__assert_func
                0x0000000010001f40       0x34 CMakeFiles/TestSlave.dir/home/foobar/pico-sdk/src/rp2_common/pico_runtime/runtime.c.obj
                0x0000000010001f40                __assert_func
 .text.panic    0x0000000010001f74       0x30 CMakeFiles/TestSlave.dir/home/foobar/pico-sdk/src/rp2_common/pico_runtime/runtime.c.obj
                0x0000000010001f74                panic
 .text.hard_assertion_failure
                0x0000000010001fa4        0xc CMakeFiles/TestSlave.dir/home/foobar/pico-sdk/src/rp2_common/pico_runtime/runtime.c.obj
                0x0000000010001fa4                hard_assertion_failure
 .text._out_buffer
                0x0000000010001fb0        0x8 CMakeFiles/TestSlave.dir/home/foobar/pico-sdk/src/rp2_common/pico_printf/printf.c.obj
 .text._out_null
                0x0000000010001fb8        0x4 CMakeFiles/TestSlave.dir/home/foobar/pico-sdk/src/rp2_common/pico_printf/printf.c.obj
 .text._out_rev
                0x0000000010001fbc       0x9c CMakeFiles/TestSlave.dir/home/foobar/pico-sdk/src/rp2_common/pico_printf/printf.c.obj
 .text._ntoa_format
                0x0000000010002058      0x1cc CMakeFiles/TestSlave.dir/home/foobar/pico-sdk/src/rp2_common/pico_printf/printf.c.obj
 .text._out_char
                0x0000000010002224       0x10 CMakeFiles/TestSlave.dir/home/foobar/pico-sdk/src/rp2_common/pico_printf/printf.c.obj
 .text._out_fct
                0x0000000010002234       0x10 CMakeFiles/TestSlave.dir/home/foobar/pico-sdk/src/rp2_common/pico_printf/printf.c.obj
 .text._etoa    0x0000000010002244      0x44c CMakeFiles/TestSlave.dir/home/foobar/pico-sdk/src/rp2_common/pico_printf/printf.c.obj
 .text._ftoa    0x0000000010002690      0x398 CMakeFiles/TestSlave.dir/home/foobar/pico-sdk/src/rp2_common/pico_printf/printf.c.obj
 .text._vsnprintf
                0x0000000010002a28      0xb04 CMakeFiles/TestSlave.dir/home/foobar/pico-sdk/src/rp2_common/pico_printf/printf.c.obj
 .text.__wrap_snprintf
                0x000000001000352c       0x28 CMakeFiles/TestSlave.dir/home/foobar/pico-sdk/src/rp2_common/pico_printf/printf.c.obj
                0x000000001000352c                __wrap_snprintf
 .text.vfctprintf
                0x0000000010003554       0x20 CMakeFiles/TestSlave.dir/home/foobar/pico-sdk/src/rp2_common/pico_printf/printf.c.obj
                0x0000000010003554                vfctprintf
 .text.weak_raw_printf
                0x0000000010003574       0x40 CMakeFiles/TestSlave.dir/home/foobar/pico-sdk/src/rp2_common/pico_printf/printf.c.obj
                0x0000000010003574                weak_raw_printf
 .text.weak_raw_vprintf
                0x00000000100035b4       0x30 CMakeFiles/TestSlave.dir/home/foobar/pico-sdk/src/rp2_common/pico_printf/printf.c.obj
                0x00000000100035b4                weak_raw_vprintf
 .text          0x00000000100035e4       0x10 CMakeFiles/TestSlave.dir/home/foobar/pico-sdk/src/rp2_common/pico_bit_ops/bit_ops_aeabi.S.obj
 .text.rom_func_lookup
                0x00000000100035f4       0x10 CMakeFiles/TestSlave.dir/home/foobar/pico-sdk/src/rp2_common/pico_bootrom/bootrom.c.obj
                0x00000000100035f4                rom_func_lookup
 .text.rom_data_lookup
                0x0000000010003604       0x10 CMakeFiles/TestSlave.dir/home/foobar/pico-sdk/src/rp2_common/pico_bootrom/bootrom.c.obj
                0x0000000010003604                rom_data_lookup
 .text.rom_funcs_lookup
                0x0000000010003614       0x44 CMakeFiles/TestSlave.dir/home/foobar/pico-sdk/src/rp2_common/pico_bootrom/bootrom.c.obj
                0x0000000010003614                rom_funcs_lookup
 .text.__wrap___aeabi_idiv
                0x0000000010003658       0x50 CMakeFiles/TestSlave.dir/home/foobar/pico-sdk/src/rp2_common/pico_divider/divider.S.obj
                0x0000000010003658                __wrap___aeabi_idivmod
                0x0000000010003658                divmod_s32s32
                0x0000000010003658                div_s32s32
                0x0000000010003658                __wrap___aeabi_idiv
                0x0000000010003660                divmod_s32s32_unsafe
                0x000000001000368c                divmod_s32s32_savestate
 .text.__wrap___aeabi_uidiv
                0x00000000100036a8       0x4c CMakeFiles/TestSlave.dir/home/foobar/pico-sdk/src/rp2_common/pico_divider/divider.S.obj
                0x00000000100036a8                __wrap___aeabi_uidiv
                0x00000000100036a8                __wrap___aeabi_uidivmod
                0x00000000100036a8                div_u32u32
                0x00000000100036a8                divmod_u32u32
                0x00000000100036b0                divmod_u32u32_unsafe
                0x00000000100036d8                divmod_u32u32_savestate
 .text.__wrap___aeabi_ldiv
                0x00000000100036f4      0x424 CMakeFiles/TestSlave.dir/home/foobar/pico-sdk/src/rp2_common/pico_divider/divider.S.obj
                0x00000000100036f4                div_s64s64
                0x00000000100036f4                divmod_s64s64
                0x00000000100036f4                __wrap___aeabi_ldivmod
                0x0000000010003724                div_u64u64
                0x0000000010003724                divmod_u64u64
                0x0000000010003724                __wrap___aeabi_uldivmod
                0x0000000010003734                divmod_u64u64_savestate
                0x0000000010003754                divmod_s64s64_unsafe
                0x00000000100037dc                divmod_u64u64_unsafe
 .text.__wrap___aeabi_darithmetic
                0x0000000010003b18       0x60 CMakeFiles/TestSlave.dir/home/foobar/pico-sdk/src/rp2_common/pico_double/double_aeabi.S.obj
                0x0000000010003b18                __wrap___aeabi_drsub
                0x0000000010003b1e                __wrap___aeabi_dsub
                0x0000000010003b28                __wrap___aeabi_dadd
                0x0000000010003b32                __wrap___aeabi_ddiv
                0x0000000010003b66                __wrap___aeabi_dmul
 .text.__wrap___aeabi_cdcmple
                0x0000000010003b78       0x6c CMakeFiles/TestSlave.dir/home/foobar/pico-sdk/src/rp2_common/pico_double/double_aeabi.S.obj
                0x0000000010003b78                __wrap___aeabi_cdrcmple
                0x0000000010003b88                __wrap___aeabi_cdcmple
                0x0000000010003b88                __wrap___aeabi_cdcmpeq
 .text.__wrap___aeabi_dcmpeq
                0x0000000010003be4       0x10 CMakeFiles/TestSlave.dir/home/foobar/pico-sdk/src/rp2_common/pico_double/double_aeabi.S.obj
                0x0000000010003be4                __wrap___aeabi_dcmpeq
 .text.__wrap___aeabi_dcmplt
                0x0000000010003bf4        0xc CMakeFiles/TestSlave.dir/home/foobar/pico-sdk/src/rp2_common/pico_double/double_aeabi.S.obj
                0x0000000010003bf4                __wrap___aeabi_dcmplt
 .text.__wrap___aeabi_dcmple
                0x0000000010003c00       0x10 CMakeFiles/TestSlave.dir/home/foobar/pico-sdk/src/rp2_common/pico_double/double_aeabi.S.obj
                0x0000000010003c00                __wrap___aeabi_dcmple
 .text.__wrap___aeabi_dcmpge
                0x0000000010003c10       0x10 CMakeFiles/TestSlave.dir/home/foobar/pico-sdk/src/rp2_common/pico_double/double_aeabi.S.obj
                0x0000000010003c10                __wrap___aeabi_dcmpge
 .text.__wrap___aeabi_dcmpgt
                0x0000000010003c20        0xa CMakeFiles/TestSlave.dir/home/foobar/pico-sdk/src/rp2_common/pico_double/double_aeabi.S.obj
                0x0000000010003c20                __wrap___aeabi_dcmpgt
 .text.__wrap___aeabi_dcmpun
                0x0000000010003c2a       0x1c CMakeFiles/TestSlave.dir/home/foobar/pico-sdk/src/rp2_common/pico_double/double_aeabi.S.obj
                0x0000000010003c2a                __wrap___aeabi_dcmpun
 *fill*         0x0000000010003c46        0x2 
 .text.__wrap___aeabi_i2d
                0x0000000010003c48       0x38 CMakeFiles/TestSlave.dir/home/foobar/pico-sdk/src/rp2_common/pico_double/double_aeabi.S.obj
                0x0000000010003c48                __wrap___aeabi_ui2d
                0x0000000010003c50                __wrap___aeabi_i2d
 .text.__wrap___aeabi_d2iz
                0x0000000010003c80       0x48 CMakeFiles/TestSlave.dir/home/foobar/pico-sdk/src/rp2_common/pico_double/double_aeabi.S.obj
                0x0000000010003c80                __wrap___aeabi_d2iz
                0x0000000010003c80                double2int_z
 .text.__wrap___aeabi_d2uiz
                0x0000000010003cc8       0x10 CMakeFiles/TestSlave.dir/home/foobar/pico-sdk/src/rp2_common/pico_double/double_aeabi.S.obj
                0x0000000010003cc8                double2uint
                0x0000000010003cc8                __wrap___aeabi_d2uiz
 .text.missing_double_func_shim
                0x0000000010003cd8        0xc CMakeFiles/TestSlave.dir/home/foobar/pico-sdk/src/rp2_common/pico_double/double_init_rom.c.obj
 .text.__aeabi_double_init
                0x0000000010003ce4       0x98 CMakeFiles/TestSlave.dir/home/foobar/pico-sdk/src/rp2_common/pico_double/double_init_rom.c.obj
                0x0000000010003ce4                __aeabi_double_init
 .text.double_table_shim_on_use_helper
                0x0000000010003d7c       0x2c CMakeFiles/TestSlave.dir/home/foobar/pico-sdk/src/rp2_common/pico_double/double_v1_rom_shim.S.obj
                0x0000000010003d7c                double_table_shim_on_use_helper
 .text.__aeabi_lmul
                0x0000000010003da8       0x32 CMakeFiles/TestSlave.dir/home/foobar/pico-sdk/src/rp2_common/pico_int64_ops/pico_int64_ops_aeabi.S.obj
                0x0000000010003da8                __wrap___aeabi_lmul
 *fill*         0x0000000010003dda        0x2 
 .text.__wrap___aeabi_farithmetic
                0x0000000010003ddc       0x48 CMakeFiles/TestSlave.dir/home/foobar/pico-sdk/src/rp2_common/pico_float/float_aeabi.S.obj
                0x0000000010003ddc                __wrap___aeabi_frsub
                0x0000000010003de2                __wrap___aeabi_fsub
                0x0000000010003de8                __wrap___aeabi_fadd
                0x0000000010003dee                __wrap___aeabi_fdiv
                0x0000000010003e16                __wrap___aeabi_fmul
 .text.__wrap___aeabi_cfcmple
                0x0000000010003e24       0x50 CMakeFiles/TestSlave.dir/home/foobar/pico-sdk/src/rp2_common/pico_float/float_aeabi.S.obj
                0x0000000010003e24                __wrap___aeabi_cfrcmple
                0x0000000010003e30                __wrap___aeabi_cfcmpeq
                0x0000000010003e30                __wrap___aeabi_cfcmple
 .text.__wrap___aeabi_fcmpge
                0x0000000010003e74       0x10 CMakeFiles/TestSlave.dir/home/foobar/pico-sdk/src/rp2_common/pico_float/float_aeabi.S.obj
                0x0000000010003e74                __wrap___aeabi_fcmpge
 .text.__wrap___aeabi_ui2f
                0x0000000010003e84        0xa CMakeFiles/TestSlave.dir/home/foobar/pico-sdk/src/rp2_common/pico_float/float_aeabi.S.obj
                0x0000000010003e84                __wrap___aeabi_ui2f
 *fill*         0x0000000010003e8e        0x2 
 .text.__wrap___aeabi_i2f
                0x0000000010003e90       0x44 CMakeFiles/TestSlave.dir/home/foobar/pico-sdk/src/rp2_common/pico_float/float_aeabi.S.obj
                0x0000000010003e90                __wrap___aeabi_i2f
 .text.missing_float_func_shim
                0x0000000010003ed4        0xc CMakeFiles/TestSlave.dir/home/foobar/pico-sdk/src/rp2_common/pico_float/float_init_rom.c.obj
 .text.__aeabi_float_init
                0x0000000010003ee0       0x5c CMakeFiles/TestSlave.dir/home/foobar/pico-sdk/src/rp2_common/pico_float/float_init_rom.c.obj
                0x0000000010003ee0                __aeabi_float_init
 .text.__wrap_malloc
                0x0000000010003f3c       0x3c CMakeFiles/TestSlave.dir/home/foobar/pico-sdk/src/rp2_common/pico_malloc/pico_malloc.c.obj
                0x0000000010003f3c                __wrap_malloc
 .text.__wrap_calloc
                0x0000000010003f78       0x40 CMakeFiles/TestSlave.dir/home/foobar/pico-sdk/src/rp2_common/pico_malloc/pico_malloc.c.obj
                0x0000000010003f78                __wrap_calloc
 .text.__wrap_realloc
                0x0000000010003fb8       0x40 CMakeFiles/TestSlave.dir/home/foobar/pico-sdk/src/rp2_common/pico_malloc/pico_malloc.c.obj
                0x0000000010003fb8                __wrap_realloc
 .text.__wrap_free
                0x0000000010003ff8       0x20 CMakeFiles/TestSlave.dir/home/foobar/pico-sdk/src/rp2_common/pico_malloc/pico_malloc.c.obj
                0x0000000010003ff8                __wrap_free
 .text          0x0000000010004018       0x10 CMakeFiles/TestSlave.dir/home/foobar/pico-sdk/src/rp2_common/pico_mem_ops/mem_ops_aeabi.S.obj
                0x0000000010004018                __aeabi_mem_init
 .text.memset   0x0000000010004028        0xc CMakeFiles/TestSlave.dir/home/foobar/pico-sdk/src/rp2_common/pico_mem_ops/mem_ops_aeabi.S.obj
                0x0000000010004028                __wrap_memset
 .text.memcpy   0x0000000010004034        0xc CMakeFiles/TestSlave.dir/home/foobar/pico-sdk/src/rp2_common/pico_mem_ops/mem_ops_aeabi.S.obj
                0x0000000010004034                __wrap___aeabi_memcpy
                0x0000000010004034                __wrap_memcpy
 .text.stdio_out_chars_no_crlf
                0x0000000010004040       0x10 CMakeFiles/TestSlave.dir/home/foobar/pico-sdk/src/rp2_common/pico_stdio/stdio.c.obj
 .text.stdio_out_chars_crlf
                0x0000000010004050       0xb4 CMakeFiles/TestSlave.dir/home/foobar/pico-sdk/src/rp2_common/pico_stdio/stdio.c.obj
 .text.stdio_buffered_printer
                0x0000000010004104       0x64 CMakeFiles/TestSlave.dir/home/foobar/pico-sdk/src/rp2_common/pico_stdio/stdio.c.obj
 .text.stdio_put_string.isra.0
                0x0000000010004168       0xfc CMakeFiles/TestSlave.dir/home/foobar/pico-sdk/src/rp2_common/pico_stdio/stdio.c.obj
 .text.__wrap_putchar
                0x0000000010004264       0x98 CMakeFiles/TestSlave.dir/home/foobar/pico-sdk/src/rp2_common/pico_stdio/stdio.c.obj
                0x0000000010004264                __wrap_putchar
 .text.__wrap_puts
                0x00000000100042fc       0x3c CMakeFiles/TestSlave.dir/home/foobar/pico-sdk/src/rp2_common/pico_stdio/stdio.c.obj
                0x00000000100042fc                __wrap_puts
 .text._read    0x0000000010004338       0x94 CMakeFiles/TestSlave.dir/home/foobar/pico-sdk/src/rp2_common/pico_stdio/stdio.c.obj
                0x0000000010004338                _read
 .text._write   0x00000000100043cc       0xac CMakeFiles/TestSlave.dir/home/foobar/pico-sdk/src/rp2_common/pico_stdio/stdio.c.obj
                0x00000000100043cc                _write
 .text._close   0x0000000010004478        0x8 CMakeFiles/TestSlave.dir/home/foobar/pico-sdk/src/rp2_common/pico_stdio/stdio.c.obj
                0x0000000010004478                _close
 .text._lseek   0x0000000010004480        0x8 CMakeFiles/TestSlave.dir/home/foobar/pico-sdk/src/rp2_common/pico_stdio/stdio.c.obj
                0x0000000010004480                _lseek
 .text._fstat   0x0000000010004488        0x8 CMakeFiles/TestSlave.dir/home/foobar/pico-sdk/src/rp2_common/pico_stdio/stdio.c.obj
                0x0000000010004488                _fstat
 .text._isatty  0x0000000010004490        0xc CMakeFiles/TestSlave.dir/home/foobar/pico-sdk/src/rp2_common/pico_stdio/stdio.c.obj
                0x0000000010004490                _isatty
 .text.stdio_set_driver_enabled
                0x000000001000449c       0x30 CMakeFiles/TestSlave.dir/home/foobar/pico-sdk/src/rp2_common/pico_stdio/stdio.c.obj
                0x000000001000449c                stdio_set_driver_enabled
 .text.__wrap_vprintf
                0x00000000100044cc       0xd8 CMakeFiles/TestSlave.dir/home/foobar/pico-sdk/src/rp2_common/pico_stdio/stdio.c.obj
                0x00000000100044cc                __wrap_vprintf
 .text.__wrap_printf
                0x00000000100045a4       0x18 CMakeFiles/TestSlave.dir/home/foobar/pico-sdk/src/rp2_common/pico_stdio/stdio.c.obj
                0x00000000100045a4                __wrap_printf
 .text.stdio_init_all
                0x00000000100045bc       0x10 CMakeFiles/TestSlave.dir/home/foobar/pico-sdk/src/rp2_common/pico_stdio/stdio.c.obj
                0x00000000100045bc                stdio_init_all
 .text.stdio_uart_init
                0x00000000100045cc        0x4 CMakeFiles/TestSlave.dir/home/foobar/pico-sdk/src/rp2_common/pico_stdio_uart/stdio_uart.c.obj
                0x00000000100045cc                stdio_uart_init
 .text.resetd_init
                0x00000000100045d0        0x4 CMakeFiles/TestSlave.dir/home/foobar/pico-sdk/src/rp2_common/pico_stdio_usb/reset_interface.c.obj
 .text.resetd_reset
                0x00000000100045d4        0xc CMakeFiles/TestSlave.dir/home/foobar/pico-sdk/src/rp2_common/pico_stdio_usb/reset_interface.c.obj
 .text.resetd_open
                0x00000000100045e0       0x28 CMakeFiles/TestSlave.dir/home/foobar/pico-sdk/src/rp2_common/pico_stdio_usb/reset_interface.c.obj
 .text.resetd_xfer_cb
                0x0000000010004608        0x4 CMakeFiles/TestSlave.dir/home/foobar/pico-sdk/src/rp2_common/pico_stdio_usb/reset_interface.c.obj
 .text.resetd_control_xfer_cb
                0x000000001000460c       0x64 CMakeFiles/TestSlave.dir/home/foobar/pico-sdk/src/rp2_common/pico_stdio_usb/reset_interface.c.obj
 .text.usbd_app_driver_get_cb
                0x0000000010004670        0xc CMakeFiles/TestSlave.dir/home/foobar/pico-sdk/src/rp2_common/pico_stdio_usb/reset_interface.c.obj
                0x0000000010004670                usbd_app_driver_get_cb
 .text.tud_cdc_line_coding_cb
                0x000000001000467c       0x34 CMakeFiles/TestSlave.dir/home/foobar/pico-sdk/src/rp2_common/pico_stdio_usb/reset_interface.c.obj
                0x000000001000467c                tud_cdc_line_coding_cb
 .text.stdio_usb_set_chars_available_callback
                0x00000000100046b0       0x14 CMakeFiles/TestSlave.dir/home/foobar/pico-sdk/src/rp2_common/pico_stdio_usb/stdio_usb.c.obj
                0x00000000100046b0                stdio_usb_set_chars_available_callback
 .text.usb_irq  0x00000000100046c4       0x10 CMakeFiles/TestSlave.dir/home/foobar/pico-sdk/src/rp2_common/pico_stdio_usb/stdio_usb.c.obj
 .text.timer_task
                0x00000000100046d4       0x54 CMakeFiles/TestSlave.dir/home/foobar/pico-sdk/src/rp2_common/pico_stdio_usb/stdio_usb.c.obj
 .text.stdio_usb_in_chars
                0x0000000010004728       0x90 CMakeFiles/TestSlave.dir/home/foobar/pico-sdk/src/rp2_common/pico_stdio_usb/stdio_usb.c.obj
                0x0000000010004728                stdio_usb_in_chars
 .text.stdio_usb_out_chars
                0x00000000100047b8      0x100 CMakeFiles/TestSlave.dir/home/foobar/pico-sdk/src/rp2_common/pico_stdio_usb/stdio_usb.c.obj
 .text.low_priority_worker_irq
                0x00000000100048b8       0xa8 CMakeFiles/TestSlave.dir/home/foobar/pico-sdk/src/rp2_common/pico_stdio_usb/stdio_usb.c.obj
 .text.tud_cdc_rx_cb
                0x0000000010004960       0x20 CMakeFiles/TestSlave.dir/home/foobar/pico-sdk/src/rp2_common/pico_stdio_usb/stdio_usb.c.obj
                0x0000000010004960                tud_cdc_rx_cb
 .text.stdio_usb_init
                0x0000000010004980       0xdc CMakeFiles/TestSlave.dir/home/foobar/pico-sdk/src/rp2_common/pico_stdio_usb/stdio_usb.c.obj
                0x0000000010004980                stdio_usb_init
 .text.tud_descriptor_device_cb
                0x0000000010004a5c        0x8 CMakeFiles/TestSlave.dir/home/foobar/pico-sdk/src/rp2_common/pico_stdio_usb/stdio_usb_descriptors.c.obj
                0x0000000010004a5c                tud_descriptor_device_cb
 .text.tud_descriptor_configuration_cb
                0x0000000010004a64        0x8 CMakeFiles/TestSlave.dir/home/foobar/pico-sdk/src/rp2_common/pico_stdio_usb/stdio_usb_descriptors.c.obj
                0x0000000010004a64                tud_descriptor_configuration_cb
 .text.tud_descriptor_string_cb
                0x0000000010004a6c       0x74 CMakeFiles/TestSlave.dir/home/foobar/pico-sdk/src/rp2_common/pico_stdio_usb/stdio_usb_descriptors.c.obj
                0x0000000010004a6c                tud_descriptor_string_cb
 .text.startup._retrieve_unique_id_on_boot
                0x0000000010004ae0       0x10 CMakeFiles/TestSlave.dir/home/foobar/pico-sdk/src/rp2_common/pico_unique_id/unique_id.c.obj
 .text.pico_get_unique_board_id
                0x0000000010004af0       0x10 CMakeFiles/TestSlave.dir/home/foobar/pico-sdk/src/rp2_common/pico_unique_id/unique_id.c.obj
                0x0000000010004af0                pico_get_unique_board_id
 .text.pico_get_unique_board_id_string
                0x0000000010004b00      0x1a8 CMakeFiles/TestSlave.dir/home/foobar/pico-sdk/src/rp2_common/pico_unique_id/unique_id.c.obj
                0x0000000010004b00                pico_get_unique_board_id_string
 .text.flash_get_unique_id
                0x0000000010004ca8       0x40 CMakeFiles/TestSlave.dir/home/foobar/pico-sdk/src/rp2_common/hardware_flash/flash.c.obj
                0x0000000010004ca8                flash_get_unique_id
 .text.dcd_int_enable
                0x0000000010004ce8        0xc CMakeFiles/TestSlave.dir/home/foobar/pico-sdk/lib/tinyusb/src/portable/raspberrypi/rp2040/dcd_rp2040.c.obj
                0x0000000010004ce8                dcd_int_enable
 .text.dcd_set_address
                0x0000000010004cf4       0x14 CMakeFiles/TestSlave.dir/home/foobar/pico-sdk/lib/tinyusb/src/portable/raspberrypi/rp2040/dcd_rp2040.c.obj
                0x0000000010004cf4                dcd_set_address
 .text.dcd_connect
                0x0000000010004d08       0x10 CMakeFiles/TestSlave.dir/home/foobar/pico-sdk/lib/tinyusb/src/portable/raspberrypi/rp2040/dcd_rp2040.c.obj
                0x0000000010004d08                dcd_connect
 .text.dcd_init
                0x0000000010004d18       0x98 CMakeFiles/TestSlave.dir/home/foobar/pico-sdk/lib/tinyusb/src/portable/raspberrypi/rp2040/dcd_rp2040.c.obj
                0x0000000010004d18                dcd_init
 .text.dcd_edpt0_status_complete
                0x0000000010004db0       0x1c CMakeFiles/TestSlave.dir/home/foobar/pico-sdk/lib/tinyusb/src/portable/raspberrypi/rp2040/dcd_rp2040.c.obj
                0x0000000010004db0                dcd_edpt0_status_complete
 .text.dcd_edpt_open
                0x0000000010004dcc      0x108 CMakeFiles/TestSlave.dir/home/foobar/pico-sdk/lib/tinyusb/src/portable/raspberrypi/rp2040/dcd_rp2040.c.obj
                0x0000000010004dcc                dcd_edpt_open
 .text.dcd_edpt_close_all
                0x0000000010004ed4        0x8 CMakeFiles/TestSlave.dir/home/foobar/pico-sdk/lib/tinyusb/src/portable/raspberrypi/rp2040/dcd_rp2040.c.obj
                0x0000000010004ed4                dcd_edpt_close_all
 .text.dcd_edpt_xfer
                0x0000000010004edc       0x24 CMakeFiles/TestSlave.dir/home/foobar/pico-sdk/lib/tinyusb/src/portable/raspberrypi/rp2040/dcd_rp2040.c.obj
                0x0000000010004edc                dcd_edpt_xfer
 .text.dcd_edpt_stall
                0x0000000010004f00       0x38 CMakeFiles/TestSlave.dir/home/foobar/pico-sdk/lib/tinyusb/src/portable/raspberrypi/rp2040/dcd_rp2040.c.obj
                0x0000000010004f00                dcd_edpt_stall
 .text.dcd_edpt_clear_stall
                0x0000000010004f38       0x30 CMakeFiles/TestSlave.dir/home/foobar/pico-sdk/lib/tinyusb/src/portable/raspberrypi/rp2040/dcd_rp2040.c.obj
                0x0000000010004f38                dcd_edpt_clear_stall
 .text.rp2040_usb_init
                0x0000000010004f68       0x4c CMakeFiles/TestSlave.dir/home/foobar/pico-sdk/lib/tinyusb/src/portable/raspberrypi/rp2040/rp2040_usb.c.obj
                0x0000000010004f68                rp2040_usb_init
 .text.hw_endpoint_xfer_start
                0x0000000010004fb4       0x50 CMakeFiles/TestSlave.dir/home/foobar/pico-sdk/lib/tinyusb/src/portable/raspberrypi/rp2040/rp2040_usb.c.obj
                0x0000000010004fb4                hw_endpoint_xfer_start
 .text.tud_mounted
                0x0000000010005004       0x10 CMakeFiles/TestSlave.dir/home/foobar/pico-sdk/lib/tinyusb/src/device/usbd.c.obj
                0x0000000010005004                tud_mounted
 .text.tud_suspended
                0x0000000010005014       0x10 CMakeFiles/TestSlave.dir/home/foobar/pico-sdk/lib/tinyusb/src/device/usbd.c.obj
                0x0000000010005014                tud_suspended
 .text.tud_inited
                0x0000000010005024       0x14 CMakeFiles/TestSlave.dir/home/foobar/pico-sdk/lib/tinyusb/src/device/usbd.c.obj
                0x0000000010005024                tud_inited
 .text.tud_init
                0x0000000010005038       0xe4 CMakeFiles/TestSlave.dir/home/foobar/pico-sdk/lib/tinyusb/src/device/usbd.c.obj
                0x0000000010005038                tud_init
 .text.tud_task_ext
                0x000000001000511c      0x854 CMakeFiles/TestSlave.dir/home/foobar/pico-sdk/lib/tinyusb/src/device/usbd.c.obj
                0x000000001000511c                tud_task_ext
 .text.usbd_open_edpt_pair
                0x0000000010005970       0x9c CMakeFiles/TestSlave.dir/home/foobar/pico-sdk/lib/tinyusb/src/device/usbd.c.obj
                0x0000000010005970                usbd_open_edpt_pair
 .text.usbd_defer_func
                0x0000000010005a0c       0x48 CMakeFiles/TestSlave.dir/home/foobar/pico-sdk/lib/tinyusb/src/device/usbd.c.obj
                0x0000000010005a0c                usbd_defer_func
 .text.usbd_edpt_open
                0x0000000010005a54       0x34 CMakeFiles/TestSlave.dir/home/foobar/pico-sdk/lib/tinyusb/src/device/usbd.c.obj
                0x0000000010005a54                usbd_edpt_open
 .text.usbd_edpt_claim
                0x0000000010005a88       0x28 CMakeFiles/TestSlave.dir/home/foobar/pico-sdk/lib/tinyusb/src/device/usbd.c.obj
                0x0000000010005a88                usbd_edpt_claim
 .text.usbd_edpt_release
                0x0000000010005ab0       0x28 CMakeFiles/TestSlave.dir/home/foobar/pico-sdk/lib/tinyusb/src/device/usbd.c.obj
                0x0000000010005ab0                usbd_edpt_release
 .text.usbd_edpt_xfer
                0x0000000010005ad8       0x4c CMakeFiles/TestSlave.dir/home/foobar/pico-sdk/lib/tinyusb/src/device/usbd.c.obj
                0x0000000010005ad8                usbd_edpt_xfer
 .text.tud_control_status
                0x0000000010005b24       0x30 CMakeFiles/TestSlave.dir/home/foobar/pico-sdk/lib/tinyusb/src/device/usbd_control.c.obj
                0x0000000010005b24                tud_control_status
 .text.tud_control_xfer
                0x0000000010005b54       0xbc CMakeFiles/TestSlave.dir/home/foobar/pico-sdk/lib/tinyusb/src/device/usbd_control.c.obj
                0x0000000010005b54                tud_control_xfer
 .text.usbd_control_reset
                0x0000000010005c10       0x14 CMakeFiles/TestSlave.dir/home/foobar/pico-sdk/lib/tinyusb/src/device/usbd_control.c.obj
                0x0000000010005c10                usbd_control_reset
 .text.usbd_control_set_complete_callback
                0x0000000010005c24        0xc CMakeFiles/TestSlave.dir/home/foobar/pico-sdk/lib/tinyusb/src/device/usbd_control.c.obj
                0x0000000010005c24                usbd_control_set_complete_callback
 .text.usbd_control_set_request
                0x0000000010005c30       0x1c CMakeFiles/TestSlave.dir/home/foobar/pico-sdk/lib/tinyusb/src/device/usbd_control.c.obj
                0x0000000010005c30                usbd_control_set_request
 .text.usbd_control_xfer_cb
                0x0000000010005c4c       0xfc CMakeFiles/TestSlave.dir/home/foobar/pico-sdk/lib/tinyusb/src/device/usbd_control.c.obj
                0x0000000010005c4c                usbd_control_xfer_cb
 .text.tud_cdc_n_connected
                0x0000000010005d48       0x30 CMakeFiles/TestSlave.dir/home/foobar/pico-sdk/lib/tinyusb/src/class/cdc/cdc_device.c.obj
                0x0000000010005d48                tud_cdc_n_connected
 .text.tud_cdc_n_available
                0x0000000010005d78       0x18 CMakeFiles/TestSlave.dir/home/foobar/pico-sdk/lib/tinyusb/src/class/cdc/cdc_device.c.obj
                0x0000000010005d78                tud_cdc_n_available
 .text.tud_cdc_n_read
                0x0000000010005d90       0x70 CMakeFiles/TestSlave.dir/home/foobar/pico-sdk/lib/tinyusb/src/class/cdc/cdc_device.c.obj
                0x0000000010005d90                tud_cdc_n_read
 .text.tud_cdc_n_write_flush
                0x0000000010005e00       0x78 CMakeFiles/TestSlave.dir/home/foobar/pico-sdk/lib/tinyusb/src/class/cdc/cdc_device.c.obj
                0x0000000010005e00                tud_cdc_n_write_flush
 .text.tud_cdc_n_write
                0x0000000010005e78       0x34 CMakeFiles/TestSlave.dir/home/foobar/pico-sdk/lib/tinyusb/src/class/cdc/cdc_device.c.obj
                0x0000000010005e78                tud_cdc_n_write
 .text.tud_cdc_n_write_available
                0x0000000010005eac       0x18 CMakeFiles/TestSlave.dir/home/foobar/pico-sdk/lib/tinyusb/src/class/cdc/cdc_device.c.obj
                0x0000000010005eac                tud_cdc_n_write_available
 .text.cdcd_init
                0x0000000010005ec4       0x7c CMakeFiles/TestSlave.dir/home/foobar/pico-sdk/lib/tinyusb/src/class/cdc/cdc_device.c.obj
                0x0000000010005ec4                cdcd_init
 .text.cdcd_reset
                0x0000000010005f40       0x2c CMakeFiles/TestSlave.dir/home/foobar/pico-sdk/lib/tinyusb/src/class/cdc/cdc_device.c.obj
                0x0000000010005f40                cdcd_reset
 .text.cdcd_open
                0x0000000010005f6c       0xe8 CMakeFiles/TestSlave.dir/home/foobar/pico-sdk/lib/tinyusb/src/class/cdc/cdc_device.c.obj
                0x0000000010005f6c                cdcd_open
 .text.cdcd_control_xfer_cb
                0x0000000010006054       0xe4 CMakeFiles/TestSlave.dir/home/foobar/pico-sdk/lib/tinyusb/src/class/cdc/cdc_device.c.obj
                0x0000000010006054                cdcd_control_xfer_cb
 .text.cdcd_xfer_cb
                0x0000000010006138      0x148 CMakeFiles/TestSlave.dir/home/foobar/pico-sdk/lib/tinyusb/src/class/cdc/cdc_device.c.obj
                0x0000000010006138                cdcd_xfer_cb
 .text.tusb_init
                0x0000000010006280        0xc CMakeFiles/TestSlave.dir/home/foobar/pico-sdk/lib/tinyusb/src/tusb.c.obj
                0x0000000010006280                tusb_init
 .text.tusb_inited
                0x000000001000628c        0x8 CMakeFiles/TestSlave.dir/home/foobar/pico-sdk/lib/tinyusb/src/tusb.c.obj
                0x000000001000628c                tusb_inited
 .text.tu_edpt_claim
                0x0000000010006294       0x50 CMakeFiles/TestSlave.dir/home/foobar/pico-sdk/lib/tinyusb/src/tusb.c.obj
                0x0000000010006294                tu_edpt_claim
 .text.tu_edpt_release
                0x00000000100062e4       0x38 CMakeFiles/TestSlave.dir/home/foobar/pico-sdk/lib/tinyusb/src/tusb.c.obj
                0x00000000100062e4                tu_edpt_release
 .text.tu_edpt_validate
                0x000000001000631c       0x78 CMakeFiles/TestSlave.dir/home/foobar/pico-sdk/lib/tinyusb/src/tusb.c.obj
                0x000000001000631c                tu_edpt_validate
 .text.tu_edpt_bind_driver
                0x0000000010006394       0x34 CMakeFiles/TestSlave.dir/home/foobar/pico-sdk/lib/tinyusb/src/tusb.c.obj
                0x0000000010006394                tu_edpt_bind_driver
 .text.tu_fifo_config
                0x00000000100063c8       0x70 CMakeFiles/TestSlave.dir/home/foobar/pico-sdk/lib/tinyusb/src/common/tusb_fifo.c.obj
                0x00000000100063c8                tu_fifo_config
 .text.tu_fifo_count
                0x0000000010006438       0x2c CMakeFiles/TestSlave.dir/home/foobar/pico-sdk/lib/tinyusb/src/common/tusb_fifo.c.obj
                0x0000000010006438                tu_fifo_count
 .text.tu_fifo_empty
                0x0000000010006464       0x10 CMakeFiles/TestSlave.dir/home/foobar/pico-sdk/lib/tinyusb/src/common/tusb_fifo.c.obj
                0x0000000010006464                tu_fifo_empty
 .text.tu_fifo_remaining
                0x0000000010006474       0x2c CMakeFiles/TestSlave.dir/home/foobar/pico-sdk/lib/tinyusb/src/common/tusb_fifo.c.obj
                0x0000000010006474                tu_fifo_remaining
 .text.tu_fifo_read
                0x00000000100064a0       0xa0 CMakeFiles/TestSlave.dir/home/foobar/pico-sdk/lib/tinyusb/src/common/tusb_fifo.c.obj
                0x00000000100064a0                tu_fifo_read
 .text.tu_fifo_read_n
                0x0000000010006540       0xec CMakeFiles/TestSlave.dir/home/foobar/pico-sdk/lib/tinyusb/src/common/tusb_fifo.c.obj
                0x0000000010006540                tu_fifo_read_n
 .text.tu_fifo_write
                0x000000001000662c       0x88 CMakeFiles/TestSlave.dir/home/foobar/pico-sdk/lib/tinyusb/src/common/tusb_fifo.c.obj
                0x000000001000662c                tu_fifo_write
 .text.tu_fifo_write_n
                0x00000000100066b4      0x168 CMakeFiles/TestSlave.dir/home/foobar/pico-sdk/lib/tinyusb/src/common/tusb_fifo.c.obj
                0x00000000100066b4                tu_fifo_write_n
 .text.tu_fifo_clear
                0x000000001000681c       0x40 CMakeFiles/TestSlave.dir/home/foobar/pico-sdk/lib/tinyusb/src/common/tusb_fifo.c.obj
                0x000000001000681c                tu_fifo_clear
 .text.tu_fifo_set_overwritable
                0x000000001000685c       0x48 CMakeFiles/TestSlave.dir/home/foobar/pico-sdk/lib/tinyusb/src/common/tusb_fifo.c.obj
                0x000000001000685c                tu_fifo_set_overwritable
 .text.i2c_set_baudrate
                0x00000000100068a4       0xc4 CMakeFiles/TestSlave.dir/home/foobar/pico-sdk/src/rp2_common/hardware_i2c/i2c.c.obj
                0x00000000100068a4                i2c_set_baudrate
 .text.i2c_init
                0x0000000010006968       0x54 CMakeFiles/TestSlave.dir/home/foobar/pico-sdk/src/rp2_common/hardware_i2c/i2c.c.obj
                0x0000000010006968                i2c_init
 .text.i2c_set_slave_mode
                0x00000000100069bc       0x40 CMakeFiles/TestSlave.dir/home/foobar/pico-sdk/src/rp2_common/hardware_i2c/i2c.c.obj
                0x00000000100069bc                i2c_set_slave_mode
 .text.i2c_slave_init
                0x00000000100069fc       0x48 CMakeFiles/TestSlave.dir/home/foobar/pico-sdk/src/rp2_common/pico_i2c_slave/i2c_slave.c.obj
                0x00000000100069fc                i2c_slave_init
 .text.lf_tag_compare
                0x0000000010006a44       0x38 core/libcore.a(tag.c.obj)
                0x0000000010006a44                lf_tag_compare
 .text.lf_time_logical
                0x0000000010006a7c        0x8 core/libcore.a(tag.c.obj)
                0x0000000010006a7c                lf_time_logical
 .text.lf_time_logical_elapsed
                0x0000000010006a84       0x14 core/libcore.a(tag.c.obj)
                0x0000000010006a84                lf_time_logical_elapsed
 .text.lf_time_physical
                0x0000000010006a98       0x60 core/libcore.a(tag.c.obj)
                0x0000000010006a98                lf_time_physical
 .text.lf_time_physical_elapsed
                0x0000000010006af8       0x6c core/libcore.a(tag.c.obj)
                0x0000000010006af8                lf_time_physical_elapsed
 .text.lf_comma_separated_time
                0x0000000010006b64      0x274 core/libcore.a(tag.c.obj)
                0x0000000010006b64                lf_comma_separated_time
 .text._lf_new_reactor
                0x0000000010006dd8       0x40 core/libcore.a(reactor_common.c.obj)
                0x0000000010006dd8                _lf_new_reactor
 .text._lf_set_stop_tag
                0x0000000010006e18       0x3c core/libcore.a(reactor_common.c.obj)
                0x0000000010006e18                _lf_set_stop_tag
 .text._lf_start_time_step
                0x0000000010006e54       0x68 core/libcore.a(reactor_common.c.obj)
                0x0000000010006e54                _lf_start_time_step
 .text._lf_is_tag_after_stop_tag
                0x0000000010006ebc       0x30 core/libcore.a(reactor_common.c.obj)
                0x0000000010006ebc                _lf_is_tag_after_stop_tag
 .text._lf_initialize_timer
                0x0000000010006eec       0x88 core/libcore.a(reactor_common.c.obj)
                0x0000000010006eec                _lf_initialize_timer
 .text._lf_initialize_timers
                0x0000000010006f74       0x30 core/libcore.a(reactor_common.c.obj)
                0x0000000010006f74                _lf_initialize_timers
 .text._lf_trigger_startup_reactions
                0x0000000010006fa4       0x38 core/libcore.a(reactor_common.c.obj)
                0x0000000010006fa4                _lf_trigger_startup_reactions
 .text._lf_trigger_shutdown_reactions
                0x0000000010006fdc       0x38 core/libcore.a(reactor_common.c.obj)
                0x0000000010006fdc                _lf_trigger_shutdown_reactions
 .text._lf_schedule
                0x0000000010007014      0x2c4 core/libcore.a(reactor_common.c.obj)
                0x0000000010007014                _lf_schedule
 .text._lf_pop_events
                0x00000000100072d8      0x118 core/libcore.a(reactor_common.c.obj)
                0x00000000100072d8                _lf_pop_events
 .text._lf_advance_logical_time
                0x00000000100073f0       0x38 core/libcore.a(reactor_common.c.obj)
                0x00000000100073f0                _lf_advance_logical_time
 .text._lf_invoke_reaction
                0x0000000010007428       0x14 core/libcore.a(reactor_common.c.obj)
                0x0000000010007428                _lf_invoke_reaction
 .text.schedule_output_reactions
                0x000000001000743c      0x150 core/libcore.a(reactor_common.c.obj)
                0x000000001000743c                schedule_output_reactions
 .text.usage    0x000000001000758c       0xb0 core/libcore.a(reactor_common.c.obj)
                0x000000001000758c                usage
 .text.process_args
                0x000000001000763c      0x414 core/libcore.a(reactor_common.c.obj)
                0x000000001000763c                process_args
 .text.initialize_global
                0x0000000010007a50       0x24 core/libcore.a(reactor_common.c.obj)
                0x0000000010007a50                initialize_global
 .text.termination
                0x0000000010007a74      0x194 core/libcore.a(reactor_common.c.obj)
                0x0000000010007a74                termination
 .text._lf_free_token.part.0
                0x0000000010007c08       0xcc core/libcore.a(lf_token.c.obj)
 .text._lf_free_all_tokens
                0x0000000010007cd4       0xe0 core/libcore.a(lf_token.c.obj)
                0x0000000010007cd4                _lf_free_all_tokens
 .text._lf_replace_template_token
                0x0000000010007db4       0x44 core/libcore.a(lf_token.c.obj)
                0x0000000010007db4                _lf_replace_template_token
 .text._lf_done_using
                0x0000000010007df8       0x2c core/libcore.a(lf_token.c.obj)
                0x0000000010007df8                _lf_done_using
 .text._lf_free_token_copies
                0x0000000010007e24       0x44 core/libcore.a(lf_token.c.obj)
                0x0000000010007e24                _lf_free_token_copies
 .text.environment_init_tags
                0x0000000010007e68       0x58 core/libcore.a(environment.c.obj)
                0x0000000010007e68                environment_init_tags
 .text.environment_free
                0x0000000010007ec0       0x44 core/libcore.a(environment.c.obj)
                0x0000000010007ec0                environment_free
 .text.environment_init
                0x0000000010007f04      0x188 core/libcore.a(environment.c.obj)
                0x0000000010007f04                environment_init
 .text._lf_trigger_reaction
                0x000000001000808c       0x28 core/libcore.a(reactor.c.obj)
                0x000000001000808c                _lf_trigger_reaction
 .text._lf_do_step
                0x00000000100080b4       0xb0 core/libcore.a(reactor.c.obj)
                0x00000000100080b4                _lf_do_step
 .text.next     0x0000000010008164      0x138 core/libcore.a(reactor.c.obj)
                0x0000000010008164                next
 .text.lf_reactor_c_main
                0x000000001000829c       0xf8 core/libcore.a(reactor.c.obj)
                0x000000001000829c                lf_reactor_c_main
 .text.lf_critical_section_enter
                0x0000000010008394        0x8 core/libcore.a(reactor.c.obj)
                0x0000000010008394                lf_critical_section_enter
 .text.lf_critical_section_exit
                0x000000001000839c        0x8 core/libcore.a(reactor.c.obj)
                0x000000001000839c                lf_critical_section_exit
 .text.vector_at
                0x00000000100083a4       0x54 core/libcore.a(vector.c.obj)
                0x00000000100083a4                vector_at
 .text.vector_size
                0x00000000100083f8        0x8 core/libcore.a(vector.c.obj)
                0x00000000100083f8                vector_size
 .text.percolate_down
                0x0000000010008400       0xd8 core/libcore.a(pqueue.c.obj)
 .text.bubble_up.isra.0
                0x00000000100084d8       0x84 core/libcore.a(pqueue.c.obj)
 .text.find_equal_same_priority
                0x000000001000855c       0xa8 core/libcore.a(pqueue.c.obj)
                0x000000001000855c                find_equal_same_priority
 .text.pqueue_init
                0x0000000010008604       0x54 core/libcore.a(pqueue.c.obj)
                0x0000000010008604                pqueue_init
 .text.pqueue_free
                0x0000000010008658       0x14 core/libcore.a(pqueue.c.obj)
                0x0000000010008658                pqueue_free
 .text.pqueue_size
                0x000000001000866c       0x10 core/libcore.a(pqueue.c.obj)
                0x000000001000866c                pqueue_size
 .text.pqueue_find_equal_same_priority
                0x000000001000867c        0xc core/libcore.a(pqueue.c.obj)
                0x000000001000867c                pqueue_find_equal_same_priority
 .text.pqueue_insert
                0x0000000010008688       0x44 core/libcore.a(pqueue.c.obj)
                0x0000000010008688                pqueue_insert
 .text.pqueue_pop
                0x00000000100086cc       0x28 core/libcore.a(pqueue.c.obj)
                0x00000000100086cc                pqueue_pop
 .text.pqueue_peek
                0x00000000100086f4       0x14 core/libcore.a(pqueue.c.obj)
                0x00000000100086f4                pqueue_peek
 .text.in_reverse_order
                0x0000000010008708       0x18 core/libcore.a(pqueue.c.obj)
                0x0000000010008708                in_reverse_order
 .text.in_no_particular_order
                0x0000000010008720        0x4 core/libcore.a(pqueue.c.obj)
                0x0000000010008720                in_no_particular_order
 .text.event_matches
                0x0000000010008724        0xc core/libcore.a(pqueue.c.obj)
                0x0000000010008724                event_matches
 .text.reaction_matches
                0x0000000010008730        0x8 core/libcore.a(pqueue.c.obj)
                0x0000000010008730                reaction_matches
 .text.get_event_time
                0x0000000010008738        0x8 core/libcore.a(pqueue.c.obj)
                0x0000000010008738                get_event_time
 .text.get_reaction_index
                0x0000000010008740        0x8 core/libcore.a(pqueue.c.obj)
                0x0000000010008740                get_reaction_index
 .text.get_event_position
                0x0000000010008748        0x4 core/libcore.a(pqueue.c.obj)
                0x0000000010008748                get_event_position
 .text.get_reaction_position
                0x000000001000874c        0x4 core/libcore.a(pqueue.c.obj)
                0x000000001000874c                get_reaction_position
 .text.set_event_position
                0x0000000010008750        0x4 core/libcore.a(pqueue.c.obj)
                0x0000000010008750                set_event_position
 .text.set_reaction_position
                0x0000000010008754        0x4 core/libcore.a(pqueue.c.obj)
                0x0000000010008754                set_reaction_position
 .text.print_reaction
                0x0000000010008758        0x4 core/libcore.a(pqueue.c.obj)
                0x0000000010008758                print_reaction
 .text.print_event
                0x000000001000875c        0x4 core/libcore.a(pqueue.c.obj)
                0x000000001000875c                print_event
 .text._lf_message_print
                0x0000000010008760       0xc0 core/libcore.a(util.c.obj)
                0x0000000010008760                _lf_message_print
 .text.lf_print
                0x0000000010008820       0x88 core/libcore.a(util.c.obj)
                0x0000000010008820                lf_print
 .text.lf_print_error
                0x00000000100088a8       0x88 core/libcore.a(util.c.obj)
                0x00000000100088a8                lf_print_error
 .text.lf_print_warning
                0x0000000010008930       0x88 core/libcore.a(util.c.obj)
                0x0000000010008930                lf_print_warning
 .text.lf_print_error_and_exit
                0x00000000100089b8       0x24 core/libcore.a(util.c.obj)
                0x00000000100089b8                lf_print_error_and_exit
 .text.lf_assert
                0x00000000100089dc       0x2c core/libcore.a(util.c.obj)
                0x00000000100089dc                lf_assert
 .text.hashset_num_items
                0x0000000010008a08        0x4 core/libcore.a(hashset.c.obj)
                0x0000000010008a08                hashset_num_items
 .text.hashset_destroy
                0x0000000010008a0c       0x18 core/libcore.a(hashset.c.obj)
                0x0000000010008a0c                hashset_destroy
 .text.hashset_create
                0x0000000010008a24       0x40 core/libcore.a(hashset.c.obj)
                0x0000000010008a24                hashset_create
 .text.hashset_add
                0x0000000010008a64      0x180 core/libcore.a(hashset.c.obj)
                0x0000000010008a64                hashset_add
 .text.hashset_iterator
                0x0000000010008be4       0x1c core/libcore.a(hashset_itr.c.obj)
                0x0000000010008be4                hashset_iterator
 .text.hashset_iterator_next
                0x0000000010008c00       0x34 core/libcore.a(hashset_itr.c.obj)
                0x0000000010008c00                hashset_iterator_next
 .text.hashset_iterator_value
                0x0000000010008c34        0xc core/libcore.a(hashset_itr.c.obj)
                0x0000000010008c34                hashset_iterator_value
 .text._lf_initialize_clock
                0x0000000010008c40       0x20 core/libcore.a(lf_rp2040_support.c.obj)
                0x0000000010008c40                _lf_initialize_clock
 .text._lf_clock_now
                0x0000000010008c60       0x24 core/libcore.a(lf_rp2040_support.c.obj)
                0x0000000010008c60                _lf_clock_now
 .text._lf_interruptable_sleep_until_locked
                0x0000000010008c84       0x48 core/libcore.a(lf_rp2040_support.c.obj)
                0x0000000010008c84                _lf_interruptable_sleep_until_locked
 .text.lf_disable_interrupts_nested
                0x0000000010008ccc       0x3c core/libcore.a(lf_rp2040_support.c.obj)
                0x0000000010008ccc                lf_disable_interrupts_nested
 .text.lf_enable_interrupts_nested
                0x0000000010008d08       0x34 core/libcore.a(lf_rp2040_support.c.obj)
                0x0000000010008d08                lf_enable_interrupts_nested
 .text          0x0000000010008d3c       0x10 /usr/lib/gcc/arm-none-eabi/10.3.1/../../../arm-none-eabi/lib/thumb/v6-m/nofp/libc.a(lib_a-atexit.o)
                0x0000000010008d3c                atexit
 .text          0x0000000010008d4c       0x18 /usr/lib/gcc/arm-none-eabi/10.3.1/../../../arm-none-eabi/lib/thumb/v6-m/nofp/libc.a(lib_a-atoi.o)
                0x0000000010008d4c                atoi
                0x0000000010008d58                _atoi_r
 .text          0x0000000010008d64       0x18 /usr/lib/gcc/arm-none-eabi/10.3.1/../../../arm-none-eabi/lib/thumb/v6-m/nofp/libc.a(lib_a-atoll.o)
                0x0000000010008d64                atoll
                0x0000000010008d70                _atoll_r
 .text          0x0000000010008d7c       0x18 /usr/lib/gcc/arm-none-eabi/10.3.1/../../../arm-none-eabi/lib/thumb/v6-m/nofp/libc.a(lib_a-calloc.o)
                0x0000000010008d7c                calloc
 .text          0x0000000010008d94       0x5c /usr/lib/gcc/arm-none-eabi/10.3.1/../../../arm-none-eabi/lib/thumb/v6-m/nofp/libc.a(lib_a-callocr.o)
                0x0000000010008d94                _calloc_r
 .text          0x0000000010008df0       0x28 /usr/lib/gcc/arm-none-eabi/10.3.1/../../../arm-none-eabi/lib/thumb/v6-m/nofp/libc.a(lib_a-malloc.o)
                0x0000000010008df0                malloc
                0x0000000010008e04                free
 .text          0x0000000010008e18      0x574 /usr/lib/gcc/arm-none-eabi/10.3.1/../../../arm-none-eabi/lib/thumb/v6-m/nofp/libc.a(lib_a-mallocr.o)
                0x0000000010008e18                _malloc_r
 .text          0x000000001000938c        0x8 /usr/lib/gcc/arm-none-eabi/10.3.1/../../../arm-none-eabi/lib/thumb/v6-m/nofp/libc.a(lib_a-mlock.o)
                0x000000001000938c                __malloc_lock
                0x0000000010009390                __malloc_unlock
 .text          0x0000000010009394       0x18 /usr/lib/gcc/arm-none-eabi/10.3.1/../../../arm-none-eabi/lib/thumb/v6-m/nofp/libc.a(lib_a-realloc.o)
                0x0000000010009394                realloc
 .text          0x00000000100093ac      0x354 /usr/lib/gcc/arm-none-eabi/10.3.1/../../../arm-none-eabi/lib/thumb/v6-m/nofp/libc.a(lib_a-reallocr.o)
                0x00000000100093ac                _realloc_r
 .text          0x0000000010009700       0x24 /usr/lib/gcc/arm-none-eabi/10.3.1/../../../arm-none-eabi/lib/thumb/v6-m/nofp/libc.a(lib_a-sbrkr.o)
                0x0000000010009700                _sbrk_r
 .text          0x0000000010009724       0x88 /usr/lib/gcc/arm-none-eabi/10.3.1/../../../arm-none-eabi/lib/thumb/v6-m/nofp/libc.a(lib_a-strcmp.o)
                0x0000000010009724                strcmp
 .text          0x00000000100097ac       0x5c /usr/lib/gcc/arm-none-eabi/10.3.1/../../../arm-none-eabi/lib/thumb/v6-m/nofp/libc.a(lib_a-strlen-stub.o)
                0x00000000100097ac                strlen
 .text          0x0000000010009808       0x74 /usr/lib/gcc/arm-none-eabi/10.3.1/../../../arm-none-eabi/lib/thumb/v6-m/nofp/libc.a(lib_a-strncmp.o)
                0x0000000010009808                strncmp
 .text          0x000000001000987c      0x1b8 /usr/lib/gcc/arm-none-eabi/10.3.1/../../../arm-none-eabi/lib/thumb/v6-m/nofp/libc.a(lib_a-strtol.o)
                0x00000000100099c0                _strtol_r
                0x00000000100099dc                strtol_l
                0x0000000010009a08                strtol
 .text          0x0000000010009a34      0x1d0 /usr/lib/gcc/arm-none-eabi/10.3.1/../../../arm-none-eabi/lib/thumb/v6-m/nofp/libc.a(lib_a-strtoll.o)
                0x0000000010009bcc                _strtoll_r
                0x0000000010009bd4                strtoll_l
                0x0000000010009bec                strtoll
 .text          0x0000000010009c04     0x16e4 /usr/lib/gcc/arm-none-eabi/10.3.1/../../../arm-none-eabi/lib/thumb/v6-m/nofp/libc.a(lib_a-vfprintf.o)
                0x0000000010009c04                _vfprintf_r
                0x000000001000b25c                vfprintf
 .text          0x000000001000b2e8       0xdc /usr/lib/gcc/arm-none-eabi/10.3.1/../../../arm-none-eabi/lib/thumb/v6-m/nofp/libc.a(lib_a-wsetup.o)
                0x000000001000b2e8                __swsetup_r
 .text          0x000000001000b3c4       0x88 /usr/lib/gcc/arm-none-eabi/10.3.1/../../../arm-none-eabi/lib/thumb/v6-m/nofp/libc.a(lib_a-__atexit.o)
                0x000000001000b3c4                __register_exitproc
 .text          0x000000001000b44c     0x1104 /usr/lib/gcc/arm-none-eabi/10.3.1/../../../arm-none-eabi/lib/thumb/v6-m/nofp/libc.a(lib_a-dtoa.o)
                0x000000001000b594                _dtoa_r
 .text          0x000000001000c550        0xc /usr/lib/gcc/arm-none-eabi/10.3.1/../../../arm-none-eabi/lib/thumb/v6-m/nofp/libc.a(lib_a-errno.o)
                0x000000001000c550                __errno
 .text          0x000000001000c55c      0x1c0 /usr/lib/gcc/arm-none-eabi/10.3.1/../../../arm-none-eabi/lib/thumb/v6-m/nofp/libc.a(lib_a-fflush.o)
                0x000000001000c55c                __sflush_r
                0x000000001000c69c                _fflush_r
                0x000000001000c6c8                fflush
 .text          0x000000001000c71c      0x248 /usr/lib/gcc/arm-none-eabi/10.3.1/../../../arm-none-eabi/lib/thumb/v6-m/nofp/libc.a(lib_a-findfp.o)
                0x000000001000c720                _cleanup_r
                0x000000001000c81c                __sfmoreglue
                0x000000001000c84c                __sfp
                0x000000001000c8fc                _cleanup
                0x000000001000c914                __sinit
                0x000000001000c924                __sfp_lock_acquire
                0x000000001000c928                __sfp_lock_release
                0x000000001000c92c                __sinit_lock_acquire
                0x000000001000c930                __sinit_lock_release
                0x000000001000c934                __fp_lock_all
                0x000000001000c94c                __fp_unlock_all
 .text          0x000000001000c964      0x260 /usr/lib/gcc/arm-none-eabi/10.3.1/../../../arm-none-eabi/lib/thumb/v6-m/nofp/libc.a(lib_a-freer.o)
                0x000000001000c964                _malloc_trim_r
                0x000000001000ca00                _free_r
 .text          0x000000001000cbc4       0x88 /usr/lib/gcc/arm-none-eabi/10.3.1/../../../arm-none-eabi/lib/thumb/v6-m/nofp/libc.a(lib_a-fwalk.o)
                0x000000001000cbc4                _fwalk
                0x000000001000cc04                _fwalk_reent
 .text          0x000000001000cc4c       0x14 /usr/lib/gcc/arm-none-eabi/10.3.1/../../../arm-none-eabi/lib/thumb/v6-m/nofp/libc.a(lib_a-localeconv.o)
                0x000000001000cc4c                __localeconv_l
                0x000000001000cc50                _localeconv_r
                0x000000001000cc58                localeconv
 .text          0x000000001000cc60      0x144 /usr/lib/gcc/arm-none-eabi/10.3.1/../../../arm-none-eabi/lib/thumb/v6-m/nofp/libc.a(lib_a-makebuf.o)
                0x000000001000cc60                __smakebuf_r
                0x000000001000cd44                __swhatbuf_r
 .text          0x000000001000cda4      0xafc /usr/lib/gcc/arm-none-eabi/10.3.1/../../../arm-none-eabi/lib/thumb/v6-m/nofp/libc.a(lib_a-mprec.o)
                0x000000001000cda4                _Balloc
                0x000000001000cdf4                _Bfree
                0x000000001000ce08                __multadd
                0x000000001000ceb0                __s2b
                0x000000001000cf60                __hi0bits
                0x000000001000cf98                __lo0bits
                0x000000001000cff4                __i2b
                0x000000001000d054                __multiply
                0x000000001000d1f8                __pow5mult
                0x000000001000d2d0                __lshift
                0x000000001000d3cc                __mcmp
                0x000000001000d400                __mdiff
                0x000000001000d58c                __ulp
                0x000000001000d5d4                __b2d
                0x000000001000d69c                __d2b
                0x000000001000d774                __ratio
                0x000000001000d7dc                _mprec_log10
                0x000000001000d810                __copybits
                0x000000001000d850                __any_on
 .text          0x000000001000d8a0       0xa4 /usr/lib/gcc/arm-none-eabi/10.3.1/../../../arm-none-eabi/lib/thumb/v6-m/nofp/libc.a(lib_a-stdio.o)
                0x000000001000d8a0                __sread
                0x000000001000d8c8                __seofread
                0x000000001000d8cc                __swrite
                0x000000001000d90c                __sseek
                0x000000001000d938                __sclose
 .text          0x000000001000d944      0xdd8 /usr/lib/gcc/arm-none-eabi/10.3.1/../../../arm-none-eabi/lib/thumb/v6-m/nofp/libc.a(lib_a-vfiprintf.o)
                0x000000001000d9cc                __sprint_r
                0x000000001000d9e0                _vfiprintf_r
                0x000000001000e690                vfiprintf
 .text          0x000000001000e71c       0x28 /usr/lib/gcc/arm-none-eabi/10.3.1/../../../arm-none-eabi/lib/thumb/v6-m/nofp/libc.a(lib_a-writer.o)
                0x000000001000e71c                _write_r
 .text          0x000000001000e744       0x24 /usr/lib/gcc/arm-none-eabi/10.3.1/../../../arm-none-eabi/lib/thumb/v6-m/nofp/libc.a(lib_a-closer.o)
                0x000000001000e744                _close_r
 .text          0x000000001000e768       0xe8 /usr/lib/gcc/arm-none-eabi/10.3.1/../../../arm-none-eabi/lib/thumb/v6-m/nofp/libc.a(lib_a-fclose.o)
                0x000000001000e7d8                _fclose_r
                0x000000001000e810                fclose
 .text          0x000000001000e850       0xfc /usr/lib/gcc/arm-none-eabi/10.3.1/../../../arm-none-eabi/lib/thumb/v6-m/nofp/libc.a(lib_a-fputwc.o)
                0x000000001000e850                __fputwc
                0x000000001000e8e8                _fputwc_r
                0x000000001000e908                fputwc
 .text          0x000000001000e94c       0x28 /usr/lib/gcc/arm-none-eabi/10.3.1/../../../arm-none-eabi/lib/thumb/v6-m/nofp/libc.a(lib_a-fstatr.o)
                0x000000001000e94c                _fstat_r
 .text          0x000000001000e974      0x2f4 /usr/lib/gcc/arm-none-eabi/10.3.1/../../../arm-none-eabi/lib/thumb/v6-m/nofp/libc.a(lib_a-fvwrite.o)
                0x000000001000e974                __sfvwrite_r
 .text          0x000000001000ec68       0x24 /usr/lib/gcc/arm-none-eabi/10.3.1/../../../arm-none-eabi/lib/thumb/v6-m/nofp/libc.a(lib_a-isattyr.o)
                0x000000001000ec68                _isatty_r
 .text          0x000000001000ec8c       0x98 /usr/lib/gcc/arm-none-eabi/10.3.1/../../../arm-none-eabi/lib/thumb/v6-m/nofp/libc.a(lib_a-locale.o)
                0x000000001000ec8c                _setlocale_r
                0x000000001000ecd0                __locale_mb_cur_max
                0x000000001000ece0                setlocale
 .text          0x000000001000ed24       0x28 /usr/lib/gcc/arm-none-eabi/10.3.1/../../../arm-none-eabi/lib/thumb/v6-m/nofp/libc.a(lib_a-lseekr.o)
                0x000000001000ed24                _lseek_r
 .text          0x000000001000ed4c       0x44 /usr/lib/gcc/arm-none-eabi/10.3.1/../../../arm-none-eabi/lib/thumb/v6-m/nofp/libc.a(lib_a-mbtowc_r.o)
                0x000000001000ed4c                _mbtowc_r
                0x000000001000ed64                __ascii_mbtowc
 .text          0x000000001000ed90       0x28 /usr/lib/gcc/arm-none-eabi/10.3.1/../../../arm-none-eabi/lib/thumb/v6-m/nofp/libc.a(lib_a-readr.o)
                0x000000001000ed90                _read_r
 .text          0x000000001000edb8       0xe0 /usr/lib/gcc/arm-none-eabi/10.3.1/../../../arm-none-eabi/lib/thumb/v6-m/nofp/libc.a(lib_a-wbuf.o)
                0x000000001000edb8                __swbuf_r
                0x000000001000ee80                __swbuf
 .text          0x000000001000ee98       0x84 /usr/lib/gcc/arm-none-eabi/10.3.1/../../../arm-none-eabi/lib/thumb/v6-m/nofp/libc.a(lib_a-wcrtomb.o)
                0x000000001000ee98                _wcrtomb_r
                0x000000001000eed8                wcrtomb
 .text          0x000000001000ef1c       0x2c /usr/lib/gcc/arm-none-eabi/10.3.1/../../../arm-none-eabi/lib/thumb/v6-m/nofp/libc.a(lib_a-wctomb_r.o)
                0x000000001000ef1c                _wctomb_r
                0x000000001000ef2c                __ascii_wctomb
 *(.fini)
 .fini          0x000000001000ef48        0x4 /usr/lib/gcc/arm-none-eabi/10.3.1/thumb/v6-m/nofp/crti.o
                0x000000001000ef48                _fini
 *fill*         0x000000001000ef4c        0x4 
 .fini.__stub   0x000000001000ef50      0x130 linker stubs
 *crtbegin.o(.ctors)
 *crtbegin?.o(.ctors)
 *(EXCLUDE_FILE(*crtend.o *crtend?.o) .ctors)
 *(SORT_BY_NAME(.ctors.*))
 *(.ctors)
 *crtbegin.o(.dtors)
 *crtbegin?.o(.dtors)
 *(EXCLUDE_FILE(*crtend.o *crtend?.o) .dtors)
 *(SORT_BY_NAME(.dtors.*))
 *(.dtors)
 *(.eh_frame*)
 .eh_frame      0x000000001000f080        0x0 /usr/lib/gcc/arm-none-eabi/10.3.1/thumb/v6-m/nofp/crtbegin.o
                0x000000001000f080                . = ALIGN (0x4)

.glue_7         0x000000001000f080        0x0
 .glue_7        0x000000001000f080        0x0 linker stubs

.glue_7t        0x000000001000f080        0x0
 .glue_7t       0x000000001000f080        0x0 linker stubs

.vfp11_veneer   0x000000001000f080        0x0
 .vfp11_veneer  0x000000001000f080        0x0 linker stubs

.v4_bx          0x000000001000f080        0x0
 .v4_bx         0x000000001000f080        0x0 linker stubs

.iplt           0x000000001000f080        0x0
 .iplt          0x000000001000f080        0x0 /usr/lib/gcc/arm-none-eabi/10.3.1/thumb/v6-m/nofp/crtbegin.o

.rodata         0x000000001000f080     0x14bc
 *(EXCLUDE_FILE(*libm.a: *libc.a:*lib_a-mem*.o *libgcc.a:) .rodata*)
 .rodata.new__testslave_main.str1.4
                0x000000001000f080        0x2 CMakeFiles/TestSlave.dir/_testslave_main.c.obj
 *fill*         0x000000001000f082        0x2 
 .rodata.str1.4
                0x000000001000f084       0x11 CMakeFiles/TestSlave.dir/TestSlave.c.obj
 *fill*         0x000000001000f095        0x3 
 .rodata.spin_lock_claim_unused.str1.4
                0x000000001000f098       0x1b CMakeFiles/TestSlave.dir/home/foobar/pico-sdk/src/rp2_common/hardware_sync/sync.c.obj
 *fill*         0x000000001000f0b3        0x1 
 .rodata.user_irq_claim_unused.str1.4
                0x000000001000f0b4       0x1b CMakeFiles/TestSlave.dir/home/foobar/pico-sdk/src/rp2_common/hardware_irq/irq.c.obj
 *fill*         0x000000001000f0cf        0x1 
 .rodata.at_the_end_of_time
                0x000000001000f0d0        0x8 CMakeFiles/TestSlave.dir/home/foobar/pico-sdk/src/common/pico_time/time.c.obj
                0x000000001000f0d0                at_the_end_of_time
 .rodata.hardware_alarm_claim.str1.4
                0x000000001000f0d8       0x22 CMakeFiles/TestSlave.dir/home/foobar/pico-sdk/src/rp2_common/hardware_timer/timer.c.obj
 *fill*         0x000000001000f0fa        0x2 
 .rodata.__assert_func.str1.4
                0x000000001000f0fc       0x3f CMakeFiles/TestSlave.dir/home/foobar/pico-sdk/src/rp2_common/pico_runtime/runtime.c.obj
                                         0x43 (size before relaxing)
 *fill*         0x000000001000f13b        0x1 
 .rodata.panic.str1.4
                0x000000001000f13c       0x10 CMakeFiles/TestSlave.dir/home/foobar/pico-sdk/src/rp2_common/pico_runtime/runtime.c.obj
                                         0x12 (size before relaxing)
 .rodata.hard_assertion_failure.str1.4
                0x000000001000f14c        0xc CMakeFiles/TestSlave.dir/home/foobar/pico-sdk/src/rp2_common/pico_runtime/runtime.c.obj
 .rodata._ftoa.str1.4
                0x000000001000f158       0x15 CMakeFiles/TestSlave.dir/home/foobar/pico-sdk/src/rp2_common/pico_printf/printf.c.obj
 *fill*         0x000000001000f16d        0x3 
 .rodata._vsnprintf
                0x000000001000f170      0x1e0 CMakeFiles/TestSlave.dir/home/foobar/pico-sdk/src/rp2_common/pico_printf/printf.c.obj
 .rodata.pow10.0
                0x000000001000f350       0x50 CMakeFiles/TestSlave.dir/home/foobar/pico-sdk/src/rp2_common/pico_printf/printf.c.obj
 .rodata.missing_double_func_shim.str1.4
                0x000000001000f3a0       0x18 CMakeFiles/TestSlave.dir/home/foobar/pico-sdk/src/rp2_common/pico_double/double_init_rom.c.obj
 .rodata.missing_float_func_shim.str1.4
                0x000000001000f3b8        0x1 CMakeFiles/TestSlave.dir/home/foobar/pico-sdk/src/rp2_common/pico_float/float_init_rom.c.obj
 .rodata.__wrap_malloc.str1.4
                0x000000001000f3b8        0xe CMakeFiles/TestSlave.dir/home/foobar/pico-sdk/src/rp2_common/pico_malloc/pico_malloc.c.obj
 *fill*         0x000000001000f3c6        0x2 
 .rodata.str1.4
                0x000000001000f3c8       0x50 CMakeFiles/TestSlave.dir/home/foobar/pico-sdk/src/rp2_common/pico_standard_link/binary_info.c.obj
 .rodata.__bi_44
                0x000000001000f418        0xc CMakeFiles/TestSlave.dir/home/foobar/pico-sdk/src/rp2_common/pico_standard_link/binary_info.c.obj
 .rodata.__bi_75
                0x000000001000f424        0xc CMakeFiles/TestSlave.dir/home/foobar/pico-sdk/src/rp2_common/pico_standard_link/binary_info.c.obj
 .rodata.__bi_81
                0x000000001000f430        0xc CMakeFiles/TestSlave.dir/home/foobar/pico-sdk/src/rp2_common/pico_standard_link/binary_info.c.obj
 .rodata.crlf_str.0
                0x000000001000f43c        0x2 CMakeFiles/TestSlave.dir/home/foobar/pico-sdk/src/rp2_common/pico_stdio/stdio.c.obj
 *fill*         0x000000001000f43e        0x2 
 .rodata._resetd_driver
                0x000000001000f440       0x18 CMakeFiles/TestSlave.dir/home/foobar/pico-sdk/src/rp2_common/pico_stdio_usb/reset_interface.c.obj
 .rodata.str1.4
                0x000000001000f458       0x13 CMakeFiles/TestSlave.dir/home/foobar/pico-sdk/src/rp2_common/pico_stdio_usb/stdio_usb.c.obj
 *fill*         0x000000001000f46b        0x1 
 .rodata.__bi_182.0
                0x000000001000f46c        0xc CMakeFiles/TestSlave.dir/home/foobar/pico-sdk/src/rp2_common/pico_stdio_usb/stdio_usb.c.obj
 .rodata.str1.4
                0x000000001000f478       0x2a CMakeFiles/TestSlave.dir/home/foobar/pico-sdk/src/rp2_common/pico_stdio_usb/stdio_usb_descriptors.c.obj
 *fill*         0x000000001000f4a2        0x2 
 .rodata.usbd_desc_cfg
                0x000000001000f4a4       0x54 CMakeFiles/TestSlave.dir/home/foobar/pico-sdk/src/rp2_common/pico_stdio_usb/stdio_usb_descriptors.c.obj
 .rodata.usbd_desc_device
                0x000000001000f4f8       0x12 CMakeFiles/TestSlave.dir/home/foobar/pico-sdk/src/rp2_common/pico_stdio_usb/stdio_usb_descriptors.c.obj
 *fill*         0x000000001000f50a        0x2 
 .rodata.usbd_desc_str
                0x000000001000f50c       0x18 CMakeFiles/TestSlave.dir/home/foobar/pico-sdk/src/rp2_common/pico_stdio_usb/stdio_usb_descriptors.c.obj
 .rodata.str1.4
                0x000000001000f524       0x14 CMakeFiles/TestSlave.dir/home/foobar/pico-sdk/lib/tinyusb/src/portable/raspberrypi/rp2040/dcd_rp2040.c.obj
 .rodata.str1.4
                0x000000001000f538       0x50 CMakeFiles/TestSlave.dir/home/foobar/pico-sdk/lib/tinyusb/src/portable/raspberrypi/rp2040/rp2040_usb.c.obj
                                         0x53 (size before relaxing)
 .rodata.tud_task_ext
                0x000000001000f588       0x8c CMakeFiles/TestSlave.dir/home/foobar/pico-sdk/lib/tinyusb/src/device/usbd.c.obj
 .rodata._usbd_driver
                0x000000001000f614       0x18 CMakeFiles/TestSlave.dir/home/foobar/pico-sdk/lib/tinyusb/src/device/usbd.c.obj
 .rodata._lf_physical_time.str1.4
                0x000000001000f62c       0x23 core/libcore.a(tag.c.obj)
 *fill*         0x000000001000f64f        0x1 
 .rodata.lf_comma_separated_time.str1.4
                0x000000001000f650       0x14 core/libcore.a(tag.c.obj)
                                         0x18 (size before relaxing)
 .rodata._lf_allocate.str1.4
                0x000000001000f664        0xf core/libcore.a(reactor_common.c.obj)
 *fill*         0x000000001000f673        0x1 
 .rodata._lf_schedule.str1.4
                0x000000001000f674       0x6f core/libcore.a(reactor_common.c.obj)
 *fill*         0x000000001000f6e3        0x1 
 .rodata._lf_advance_logical_time.str1.4
                0x000000001000f6e4       0x40 core/libcore.a(reactor_common.c.obj)
 .rodata.usage.str1.4
                0x000000001000f724      0x248 core/libcore.a(reactor_common.c.obj)
                                        0x24a (size before relaxing)
 .rodata.process_args.str1.4
                0x000000001000f96c      0x1bb core/libcore.a(reactor_common.c.obj)
                                        0x1c3 (size before relaxing)
 *fill*         0x000000001000fb27        0x1 
 .rodata.termination.str1.4
                0x000000001000fb28      0x1ce core/libcore.a(reactor_common.c.obj)
 *fill*         0x000000001000fcf6        0x2 
 .rodata._lf_free_token.part.0.str1.4
                0x000000001000fcf8       0xbd core/libcore.a(lf_token.c.obj)
 *fill*         0x000000001000fdb5        0x3 
 .rodata._lf_get_token.str1.4
                0x000000001000fdb8       0x32 core/libcore.a(lf_token.c.obj)
 .rodata.environment_init.str1.4
                0x000000001000fdea        0xe core/libcore.a(environment.c.obj)
 *fill*         0x000000001000fdea        0x6 
 .rodata        0x000000001000fdf0       0x10 core/libcore.a(environment.c.obj)
 .rodata._lf_trigger_reaction.str1.4
                0x000000001000fe00       0x2a core/libcore.a(reactor.c.obj)
 .rodata.next.str1.4
                0x000000001000fe2a       0x45 core/libcore.a(reactor.c.obj)
 *fill*         0x000000001000fe2a        0x2 
 .rodata.lf_reactor_c_main.str1.4
                0x000000001000fe2c       0x72 core/libcore.a(reactor.c.obj)
 *fill*         0x000000001000fe9e        0x2 
 .rodata        0x000000001000fea0       0x10 core/libcore.a(reactor.c.obj)
 .rodata.find_equal_same_priority.str1.4
                0x000000001000feb0       0x3d core/libcore.a(pqueue.c.obj)
 *fill*         0x000000001000feed        0x3 
 .rodata._lf_message_print.str1.4
                0x000000001000fef0       0x1b core/libcore.a(util.c.obj)
 .rodata.lf_print.str1.4
                0x000000001000ff0b        0x1 core/libcore.a(util.c.obj)
 *fill*         0x000000001000ff0b        0x1 
 .rodata.lf_print_error.str1.4
                0x000000001000ff0c        0x8 core/libcore.a(util.c.obj)
 .rodata.lf_print_warning.str1.4
                0x000000001000ff14        0xa core/libcore.a(util.c.obj)
 *fill*         0x000000001000ff1e        0x2 
 .rodata.lf_print_error_and_exit.str1.4
                0x000000001000ff20        0xe core/libcore.a(util.c.obj)
 *fill*         0x000000001000ff2e        0x2 
 .rodata        0x000000001000ff30        0x4 /usr/lib/gcc/arm-none-eabi/10.3.1/../../../arm-none-eabi/lib/thumb/v6-m/nofp/libc.a(lib_a-impure.o)
                0x000000001000ff30                _global_impure_ptr
 .rodata.str1.4
                0x000000001000ff34       0x3b /usr/lib/gcc/arm-none-eabi/10.3.1/../../../arm-none-eabi/lib/thumb/v6-m/nofp/libc.a(lib_a-vfprintf.o)
                                         0x42 (size before relaxing)
 *fill*         0x000000001000ff6f        0x1 
 .rodata        0x000000001000ff70      0x184 /usr/lib/gcc/arm-none-eabi/10.3.1/../../../arm-none-eabi/lib/thumb/v6-m/nofp/libc.a(lib_a-vfprintf.o)
 .rodata        0x00000000100100f4      0x101 /usr/lib/gcc/arm-none-eabi/10.3.1/../../../arm-none-eabi/lib/thumb/v6-m/nofp/libc.a(lib_a-ctype_.o)
                0x00000000100100f4                _ctype_
 *fill*         0x00000000100101f5        0x3 
 .rodata.str1.4
                0x00000000100101f8       0x56 /usr/lib/gcc/arm-none-eabi/10.3.1/../../../arm-none-eabi/lib/thumb/v6-m/nofp/libc.a(lib_a-dtoa.o)
                                         0x5a (size before relaxing)
 *fill*         0x000000001001024e        0x2 
 .rodata.str1.4
                0x0000000010010250       0x33 /usr/lib/gcc/arm-none-eabi/10.3.1/../../../arm-none-eabi/lib/thumb/v6-m/nofp/libc.a(lib_a-mprec.o)
                                         0x47 (size before relaxing)
 *fill*         0x0000000010010283        0x5 
 .rodata        0x0000000010010288      0x128 /usr/lib/gcc/arm-none-eabi/10.3.1/../../../arm-none-eabi/lib/thumb/v6-m/nofp/libc.a(lib_a-mprec.o)
                0x0000000010010298                __mprec_tinytens
                0x00000000100102c0                __mprec_bigtens
                0x00000000100102e8                __mprec_tens
 .rodata.str1.4
                0x00000000100103b0       0x2f /usr/lib/gcc/arm-none-eabi/10.3.1/../../../arm-none-eabi/lib/thumb/v6-m/nofp/libc.a(lib_a-vfiprintf.o)
 .rodata        0x00000000100103b0      0x184 /usr/lib/gcc/arm-none-eabi/10.3.1/../../../arm-none-eabi/lib/thumb/v6-m/nofp/libc.a(lib_a-vfiprintf.o)
 .rodata.str1.4
                0x0000000010010534        0x6 /usr/lib/gcc/arm-none-eabi/10.3.1/../../../arm-none-eabi/lib/thumb/v6-m/nofp/libc.a(lib_a-locale.o)
                                         0x12 (size before relaxing)
                0x000000001001053c                . = ALIGN (0x4)
 *fill*         0x000000001001053a        0x2 
 *(SORT_BY_ALIGNMENT(SORT_BY_NAME(.flashdata*)))
                0x000000001001053c                . = ALIGN (0x4)

.ARM.extab
 *(.ARM.extab* .gnu.linkonce.armextab.*)
                0x000000001001053c                __exidx_start = .

.ARM.exidx
 *(.ARM.exidx* .gnu.linkonce.armexidx.*)
                0x000000001001053c                __exidx_end = .
                0x000000001001053c                . = ALIGN (0x4)
                0x000000001001053c                __binary_info_start = .

.binary_info    0x000000001001053c       0x20
 *(.binary_info.keep.*)
 .binary_info.keep.__bi_ptr22
                0x000000001001053c        0x4 CMakeFiles/TestSlave.dir/home/foobar/pico-sdk/src/rp2_common/pico_standard_link/binary_info.c.obj
 .binary_info.keep.__bi_ptr30
                0x0000000010010540        0x4 CMakeFiles/TestSlave.dir/home/foobar/pico-sdk/src/rp2_common/pico_standard_link/binary_info.c.obj
 .binary_info.keep.__bi_ptr38
                0x0000000010010544        0x4 CMakeFiles/TestSlave.dir/home/foobar/pico-sdk/src/rp2_common/pico_standard_link/binary_info.c.obj
 .binary_info.keep.__bi_ptr44
                0x0000000010010548        0x4 CMakeFiles/TestSlave.dir/home/foobar/pico-sdk/src/rp2_common/pico_standard_link/binary_info.c.obj
 .binary_info.keep.__bi_ptr50
                0x000000001001054c        0x4 CMakeFiles/TestSlave.dir/home/foobar/pico-sdk/src/rp2_common/pico_standard_link/binary_info.c.obj
 .binary_info.keep.__bi_ptr75
                0x0000000010010550        0x4 CMakeFiles/TestSlave.dir/home/foobar/pico-sdk/src/rp2_common/pico_standard_link/binary_info.c.obj
 .binary_info.keep.__bi_ptr81
                0x0000000010010554        0x4 CMakeFiles/TestSlave.dir/home/foobar/pico-sdk/src/rp2_common/pico_standard_link/binary_info.c.obj
 *(.binary_info.*)
 .binary_info.__bi_ptr182
                0x0000000010010558        0x4 CMakeFiles/TestSlave.dir/home/foobar/pico-sdk/src/rp2_common/pico_stdio_usb/stdio_usb.c.obj
                0x000000001001055c                __binary_info_end = .

.rel.dyn        0x000000001001055c        0x0
 .rel.iplt      0x000000001001055c        0x0 /usr/lib/gcc/arm-none-eabi/10.3.1/thumb/v6-m/nofp/crtbegin.o