Archive member included to satisfy reference by file (symbol)

core/libcore.a(tag.c.obj)     CMakeFiles/CircularSlave.dir/lib/schedule.c.obj (lf_time_logical)
core/libcore.a(reactor_common.c.obj)
                              CMakeFiles/CircularSlave.dir/_circularslave_main.c.obj (_lf_new_reactor)
core/libcore.a(lf_token.c.obj)
                              core/libcore.a(reactor_common.c.obj) (_lf_count_payload_allocations)
core/libcore.a(environment.c.obj)
                              core/libcore.a(reactor_common.c.obj) (environment_free)
core/libcore.a(reactor.c.obj)
                              core/libcore.a(reactor_common.c.obj) (_lf_trigger_reaction)
core/libcore.a(vector.c.obj)  core/libcore.a(reactor_common.c.obj) (vector_at)
core/libcore.a(pqueue.c.obj)  core/libcore.a(environment.c.obj) (pqueue_init)
core/libcore.a(util.c.obj)    core/libcore.a(reactor_common.c.obj) (lf_print)
core/libcore.a(hashset.c.obj)
                              core/libcore.a(lf_token.c.obj) (hashset_num_items)
core/libcore.a(hashset_itr.c.obj)
                              core/libcore.a(lf_token.c.obj) (hashset_iterator)
core/libcore.a(lf_rp2040_support.c.obj)
                              core/libcore.a(reactor.c.obj) (_lf_initialize_clock)
/usr/lib/gcc/arm-none-eabi/12.2.1/thumb/v6-m/nofp/libgcc.a(_dvmd_tls.o)
                              CMakeFiles/CircularSlave.dir/home/ee149/pico/pico-sdk/src/rp2_common/pico_divider/divider.S.obj (__aeabi_idiv0)
/usr/lib/gcc/arm-none-eabi/12.2.1/../../../arm-none-eabi/lib/thumb/v6-m/nofp/libc.a(lib_a-atexit.o)
                              /usr/lib/gcc/arm-none-eabi/12.2.1/../../../arm-none-eabi/lib/thumb/v6-m/nofp/crt0.o (atexit)
/usr/lib/gcc/arm-none-eabi/12.2.1/../../../arm-none-eabi/lib/thumb/v6-m/nofp/libc.a(lib_a-atoi.o)
                              core/libcore.a(reactor_common.c.obj) (atoi)
/usr/lib/gcc/arm-none-eabi/12.2.1/../../../arm-none-eabi/lib/thumb/v6-m/nofp/libc.a(lib_a-atoll.o)
                              core/libcore.a(reactor_common.c.obj) (atoll)
/usr/lib/gcc/arm-none-eabi/12.2.1/../../../arm-none-eabi/lib/thumb/v6-m/nofp/libc.a(lib_a-calloc.o)
                              CMakeFiles/CircularSlave.dir/home/ee149/pico/pico-sdk/src/rp2_common/pico_malloc/pico_malloc.c.obj (calloc)
/usr/lib/gcc/arm-none-eabi/12.2.1/../../../arm-none-eabi/lib/thumb/v6-m/nofp/libc.a(lib_a-callocr.o)
                              /usr/lib/gcc/arm-none-eabi/12.2.1/../../../arm-none-eabi/lib/thumb/v6-m/nofp/libc.a(lib_a-calloc.o) (_calloc_r)
/usr/lib/gcc/arm-none-eabi/12.2.1/../../../arm-none-eabi/lib/thumb/v6-m/nofp/libc.a(lib_a-fini.o)
                              /usr/lib/gcc/arm-none-eabi/12.2.1/../../../arm-none-eabi/lib/thumb/v6-m/nofp/crt0.o (__libc_fini_array)
/usr/lib/gcc/arm-none-eabi/12.2.1/../../../arm-none-eabi/lib/thumb/v6-m/nofp/libc.a(lib_a-impure.o)
                              core/libcore.a(util.c.obj) (_impure_ptr)
/usr/lib/gcc/arm-none-eabi/12.2.1/../../../arm-none-eabi/lib/thumb/v6-m/nofp/libc.a(lib_a-init.o)
                              /usr/lib/gcc/arm-none-eabi/12.2.1/../../../arm-none-eabi/lib/thumb/v6-m/nofp/crt0.o (__libc_init_array)
/usr/lib/gcc/arm-none-eabi/12.2.1/../../../arm-none-eabi/lib/thumb/v6-m/nofp/libc.a(lib_a-malloc.o)
                              CMakeFiles/CircularSlave.dir/home/ee149/pico/pico-sdk/src/rp2_common/pico_malloc/pico_malloc.c.obj (malloc)
/usr/lib/gcc/arm-none-eabi/12.2.1/../../../arm-none-eabi/lib/thumb/v6-m/nofp/libc.a(lib_a-mallocr.o)
                              /usr/lib/gcc/arm-none-eabi/12.2.1/../../../arm-none-eabi/lib/thumb/v6-m/nofp/libc.a(lib_a-callocr.o) (_malloc_r)
/usr/lib/gcc/arm-none-eabi/12.2.1/../../../arm-none-eabi/lib/thumb/v6-m/nofp/libc.a(lib_a-memcmp.o)
                              CMakeFiles/CircularSlave.dir/_circularslave_main.c.obj (memcmp)
/usr/lib/gcc/arm-none-eabi/12.2.1/../../../arm-none-eabi/lib/thumb/v6-m/nofp/libc.a(lib_a-memmove.o)
                              CMakeFiles/CircularSlave.dir/_circularslave_main.c.obj (memmove)
/usr/lib/gcc/arm-none-eabi/12.2.1/../../../arm-none-eabi/lib/thumb/v6-m/nofp/libc.a(lib_a-mlock.o)
                              /usr/lib/gcc/arm-none-eabi/12.2.1/../../../arm-none-eabi/lib/thumb/v6-m/nofp/libc.a(lib_a-mallocr.o) (__malloc_lock)
/usr/lib/gcc/arm-none-eabi/12.2.1/../../../arm-none-eabi/lib/thumb/v6-m/nofp/libc.a(lib_a-realloc.o)
                              CMakeFiles/CircularSlave.dir/home/ee149/pico/pico-sdk/src/rp2_common/pico_malloc/pico_malloc.c.obj (realloc)
/usr/lib/gcc/arm-none-eabi/12.2.1/../../../arm-none-eabi/lib/thumb/v6-m/nofp/libc.a(lib_a-reallocr.o)
                              /usr/lib/gcc/arm-none-eabi/12.2.1/../../../arm-none-eabi/lib/thumb/v6-m/nofp/libc.a(lib_a-realloc.o) (_realloc_r)
/usr/lib/gcc/arm-none-eabi/12.2.1/../../../arm-none-eabi/lib/thumb/v6-m/nofp/libc.a(lib_a-sbrkr.o)
                              /usr/lib/gcc/arm-none-eabi/12.2.1/../../../arm-none-eabi/lib/thumb/v6-m/nofp/libc.a(lib_a-mallocr.o) (_sbrk_r)
[...]
Memory Configuration

Name             Origin             Length             Attributes
FLASH            0x10000000         0x00200000         xr
RAM              0x20000000         0x00040000         xrw
SCRATCH_X        0x20040000         0x00001000         xrw
SCRATCH_Y        0x20041000         0x00001000         xrw
*default*        0x00000000         0xffffffff

Linker script and memory map

LOAD /usr/lib/gcc/arm-none-eabi/12.2.1/thumb/v6-m/nofp/crti.o
LOAD /usr/lib/gcc/arm-none-eabi/12.2.1/thumb/v6-m/nofp/crtbegin.o
LOAD /usr/lib/gcc/arm-none-eabi/12.2.1/../../../arm-none-eabi/lib/thumb/v6-m/nofp/crt0.o

.flash_begin    0x10000000        0x0
                0x10000000                        __flash_binary_start = .

.boot2          0x10000000      0x100
                0x10000000                        __boot2_start__ = .
 *(.boot2)
 .boot2         0x10000000      0x100 /tmp/ccxTrULS.o
                0x10000100                        __boot2_end__ = .
                0x00000001                        ASSERT (((__boot2_end__ - __boot2_start__) == 0x100), ERROR: Pico second stage bootloader must be 256 bytes in size)

.text           0x10000100     0xefb0
                0x10000100                        __logical_binary_start = .
 *(.vectors)
 .vectors       0x10000100       0xd4 CMakeFiles/CircularSlave.dir/home/ee149/pico/pico-sdk/src/rp2_common/pico_standard_link/crt0.S.obj
                0x10000100                __vectors
                0x10000100                __VECTOR_TABLE
                0x100001c0                isr_invalid
                0x100001c0                __default_isrs_start
                0x100001c2                isr_nmi
                0x100001c4                isr_hardfault
                0x100001c6                isr_svcall
                0x100001c8                isr_pendsv
                0x100001ca                isr_systick
                0x100001cc                isr_irq30
                0x100001cc                __unhandled_user_irq
                0x100001cc                isr_irq13
                0x100001cc                isr_irq27
                0x100001cc                isr_irq31
                0x100001cc                isr_irq5
                0x100001cc                isr_irq11
                0x100001cc                isr_irq23
                0x100001cc                isr_irq18
                0x100001cc                isr_irq28
                0x100001cc                isr_irq19
                0x100001cc                isr_irq0
                0x100001cc                isr_irq6
                0x100001cc                isr_irq22
                0x100001cc                isr_irq17
                0x100001cc                isr_irq14
                0x100001cc                isr_irq2
                0x100001cc                isr_irq10
                0x100001cc                isr_irq8
                0x100001cc                isr_irq24
                0x100001cc                isr_irq1
                0x100001cc                isr_irq7
                0x100001cc                isr_irq21
                0x100001cc                isr_irq20
                0x100001cc                isr_irq15
                0x100001cc                isr_irq25
                0x100001cc                isr_irq4
                0x100001cc                isr_irq16
                0x100001cc                isr_irq29
                0x100001cc                isr_irq26
                0x100001cc                __default_isrs_end
                0x100001cc                isr_irq3
                0x100001cc                isr_irq12
                0x100001cc                isr_irq9
                0x100001d2                unhandled_user_irq_num_in_r0
 *(.binary_info_header)
 .binary_info_header
                0x100001d4       0x14 CMakeFiles/CircularSlave.dir/home/ee149/pico/pico-sdk/src/rp2_common/pico_standard_link/crt0.S.obj
                0x100001e8                        __binary_info_header_end = .
 *(.reset)
 .reset         0x100001e8       0xa0 CMakeFiles/CircularSlave.dir/home/ee149/pico/pico-sdk/src/rp2_common/pico_standard_link/crt0.S.obj
                0x100001e8                _entry_point
 .reset         0x10000288       0x30 CMakeFiles/CircularSlave.dir/home/ee149/pico/pico-sdk/src/rp2_common/pico_standard_link/binary_info.c.obj
 *(.init)
 .init          0x100002b8        0x4 /usr/lib/gcc/arm-none-eabi/12.2.1/thumb/v6-m/nofp/crti.o
                0x100002b8                _init
 *(EXCLUDE_FILE(*libm.a: *libc.a:*lib_a-mem*.o *libgcc.a:) .text*)
 .text          0x100002bc       0x98 /usr/lib/gcc/arm-none-eabi/12.2.1/thumb/v6-m/nofp/crtbegin.o
 .text._circularslave_mainreaction_function_0
                0x10000354       0x50 CMakeFiles/CircularSlave.dir/_circularslave_main.c.obj
                0x10000354                _circularslave_mainreaction_function_0
 .text.i2c_slave_handler
                0x100003a4       0xb0 CMakeFiles/CircularSlave.dir/_circularslave_main.c.obj
 .text.new__circularslave_main
                0x10000454       0x44 CMakeFiles/CircularSlave.dir/_circularslave_main.c.obj
                0x10000454                new__circularslave_main
 .text.startup.main
                0x10000498        0xc CMakeFiles/CircularSlave.dir/CircularSlave.c.obj
                0x10000498                main
 .text._lf_set_default_command_line_options
                0x100004a4       0x1c CMakeFiles/CircularSlave.dir/CircularSlave.c.obj
                0x100004a4                _lf_set_default_command_line_options
 .text._lf_create_environments
                0x100004c0       0x30 CMakeFiles/CircularSlave.dir/CircularSlave.c.obj
                0x100004c0                _lf_create_environments
 .text._lf_get_environments
                0x100004f0        0xc CMakeFiles/CircularSlave.dir/CircularSlave.c.obj
                0x100004f0                _lf_get_environments
 .text._lf_initialize_trigger_objects
                0x100004fc       0x3c CMakeFiles/CircularSlave.dir/CircularSlave.c.obj
                0x100004fc                _lf_initialize_trigger_objects
 .text.terminate_execution
                0x10000538        0x4 CMakeFiles/CircularSlave.dir/CircularSlave.c.obj
                0x10000538                terminate_execution
 .text.gpio_set_function
                0x1000053c       0x30 CMakeFiles/CircularSlave.dir/home/ee149/pico/pico-sdk/src/rp2_common/hardware_gpio/gpio.c.obj
                0x1000053c                gpio_set_function
 .text.gpio_set_pulls
                0x1000056c       0x24 CMakeFiles/CircularSlave.dir/home/ee149/pico/pico-sdk/src/rp2_common/hardware_gpio/gpio.c.obj
                0x1000056c                gpio_set_pulls
 .text.gpio_init
                0x10000590       0x3c CMakeFiles/CircularSlave.dir/home/ee149/pico/pico-sdk/src/rp2_common/hardware_gpio/gpio.c.obj
                0x10000590                gpio_init
 .text.running_on_fpga
                0x100005cc       0x10 CMakeFiles/CircularSlave.dir/home/ee149/pico/pico-sdk/src/rp2_common/pico_platform/platform.c.obj
                0x100005cc                running_on_fpga
 .text.hw_claim_or_assert
                0x100005dc       0x44 CMakeFiles/CircularSlave.dir/home/ee149/pico/pico-sdk/src/rp2_common/hardware_claim/claim.c.obj
                0x100005dc                hw_claim_or_assert
 .text.hw_claim_unused_from_range
                0x10000620       0x9c CMakeFiles/CircularSlave.dir/home/ee149/pico/pico-sdk/src/rp2_common/hardware_claim/claim.c.obj
                0x10000620                hw_claim_unused_from_range
 .text.spin_locks_reset
                0x100006bc       0x1c CMakeFiles/CircularSlave.dir/home/ee149/pico/pico-sdk/src/rp2_common/hardware_sync/sync.c.obj
                0x100006bc                spin_locks_reset
 .text.next_striped_spin_lock_num
                0x100006d8       0x18 CMakeFiles/CircularSlave.dir/home/ee149/pico/pico-sdk/src/rp2_common/hardware_sync/sync.c.obj
                0x100006d8                next_striped_spin_lock_num
 .text.spin_lock_claim_unused
                0x100006f0       0x24 CMakeFiles/CircularSlave.dir/home/ee149/pico/pico-sdk/src/rp2_common/hardware_sync/sync.c.obj
                0x100006f0                spin_lock_claim_unused
 .text.irq_set_enabled
                0x10000714       0x24 CMakeFiles/CircularSlave.dir/home/ee149/pico/pico-sdk/src/rp2_common/hardware_irq/irq.c.obj
                0x10000714                irq_set_enabled
 .text.irq_set_pending
                0x10000738       0x10 CMakeFiles/CircularSlave.dir/home/ee149/pico/pico-sdk/src/rp2_common/hardware_irq/irq.c.obj
                0x10000738                irq_set_pending
 .text.irq_has_shared_handler
                0x10000748       0x2c CMakeFiles/CircularSlave.dir/home/ee149/pico/pico-sdk/src/rp2_common/hardware_irq/irq.c.obj
                0x10000748                irq_has_shared_handler
 .text.irq_get_vtable_handler
                0x10000774       0x10 CMakeFiles/CircularSlave.dir/home/ee149/pico/pico-sdk/src/rp2_common/hardware_irq/irq.c.obj
                0x10000774                irq_get_vtable_handler
 .text.irq_set_exclusive_handler
                0x10000784       0x54 CMakeFiles/CircularSlave.dir/home/ee149/pico/pico-sdk/src/rp2_common/hardware_irq/irq.c.obj
                0x10000784                irq_set_exclusive_handler
 .text.irq_add_shared_handler
                0x100007d8      0x1f4 CMakeFiles/CircularSlave.dir/home/ee149/pico/pico-sdk/src/rp2_common/hardware_irq/irq.c.obj
                0x100007d8                irq_add_shared_handler
 .text.irq_remove_handler
                0x100009cc      0x1c4 CMakeFiles/CircularSlave.dir/home/ee149/pico/pico-sdk/src/rp2_common/hardware_irq/irq.c.obj
                0x100009cc                irq_remove_handler
 .text.irq_add_tail_to_free_list
                0x10000b90       0xb4 CMakeFiles/CircularSlave.dir/home/ee149/pico/pico-sdk/src/rp2_common/hardware_irq/irq.c.obj
                0x10000b90                irq_add_tail_to_free_list
 .text.irq_init_priorities
                0x10000c44       0x24 CMakeFiles/CircularSlave.dir/home/ee149/pico/pico-sdk/src/rp2_common/hardware_irq/irq.c.obj
                0x10000c44                irq_init_priorities
 .text.user_irq_claim_unused
                0x10000c68       0x2c CMakeFiles/CircularSlave.dir/home/ee149/pico/pico-sdk/src/rp2_common/hardware_irq/irq.c.obj
                0x10000c68                user_irq_claim_unused
 .text.sem_init
                0x10000c94       0x20 CMakeFiles/CircularSlave.dir/home/ee149/pico/pico-sdk/src/common/pico_sync/sem.c.obj
                0x10000c94                sem_init
 .text.lock_init
                0x10000cb4       0x10 CMakeFiles/CircularSlave.dir/home/ee149/pico/pico-sdk/src/common/pico_sync/lock_core.c.obj
                0x10000cb4                lock_init
 .text.mutex_init
                0x10000cc4       0x1c CMakeFiles/CircularSlave.dir/home/ee149/pico/pico-sdk/src/common/pico_sync/mutex.c.obj
                0x10000cc4                mutex_init
 .text.recursive_mutex_init
                0x10000ce0       0x1c CMakeFiles/CircularSlave.dir/home/ee149/pico/pico-sdk/src/common/pico_sync/mutex.c.obj
                0x10000ce0                recursive_mutex_init
 .text.critical_section_init
                0x10000cfc       0x1c CMakeFiles/CircularSlave.dir/home/ee149/pico/pico-sdk/src/common/pico_sync/critical_section.c.obj
                0x10000cfc                critical_section_init
 .text.critical_section_init_with_lock_num
                0x10000d18       0x14 CMakeFiles/CircularSlave.dir/home/ee149/pico/pico-sdk/src/common/pico_sync/critical_section.c.obj
                0x10000d18                critical_section_init_with_lock_num
 .text.timer_pool_entry_comparator
                0x10000d2c       0x34 CMakeFiles/CircularSlave.dir/home/ee149/pico/pico-sdk/src/common/pico_time/time.c.obj
                0x10000d2c                timer_pool_entry_comparator
 .text.sleep_until_callback
                0x10000d60       0x30 CMakeFiles/CircularSlave.dir/home/ee149/pico/pico-sdk/src/common/pico_time/time.c.obj
 .text.add_alarm_under_lock.isra.0
                0x10000d90      0x100 CMakeFiles/CircularSlave.dir/home/ee149/pico/pico-sdk/src/common/pico_time/time.c.obj
 .text.alarm_pool_alarm_callback
                0x10000e90      0x1c0 CMakeFiles/CircularSlave.dir/home/ee149/pico/pico-sdk/src/common/pico_time/time.c.obj
 .text.alarm_pool_init_default
                0x10001050       0x6c CMakeFiles/CircularSlave.dir/home/ee149/pico/pico-sdk/src/common/pico_time/time.c.obj
                0x10001050                alarm_pool_init_default
 .text.alarm_pool_get_default
                0x100010bc        0x8 CMakeFiles/CircularSlave.dir/home/ee149/pico/pico-sdk/src/common/pico_time/time.c.obj
                0x100010bc                alarm_pool_get_default
 .text.alarm_pool_add_alarm_at
                0x100010c4      0x188 CMakeFiles/CircularSlave.dir/home/ee149/pico/pico-sdk/src/common/pico_time/time.c.obj
                0x100010c4                alarm_pool_add_alarm_at
 .text.alarm_pool_core_num
                0x1000124c        0x4 CMakeFiles/CircularSlave.dir/home/ee149/pico/pico-sdk/src/common/pico_time/time.c.obj
                0x1000124c                alarm_pool_core_num
 .text.best_effort_wfe_or_timeout
                0x10001250       0xec CMakeFiles/CircularSlave.dir/home/ee149/pico/pico-sdk/src/common/pico_time/time.c.obj
                0x10001250                best_effort_wfe_or_timeout
 .text.hardware_alarm_irq_handler
                0x1000133c       0xbc CMakeFiles/CircularSlave.dir/home/ee149/pico/pico-sdk/src/rp2_common/hardware_timer/timer.c.obj
 .text.hardware_alarm_claim
                0x100013f8       0x18 CMakeFiles/CircularSlave.dir/home/ee149/pico/pico-sdk/src/rp2_common/hardware_timer/timer.c.obj
                0x100013f8                hardware_alarm_claim
 .text.time_us_64
                0x10001410       0x14 CMakeFiles/CircularSlave.dir/home/ee149/pico/pico-sdk/src/rp2_common/hardware_timer/timer.c.obj
                0x10001410                time_us_64
 .text.busy_wait_us
                0x10001424       0x68 CMakeFiles/CircularSlave.dir/home/ee149/pico/pico-sdk/src/rp2_common/hardware_timer/timer.c.obj
                0x10001424                busy_wait_us
 .text.hardware_alarm_set_callback
                0x1000148c       0x8c CMakeFiles/CircularSlave.dir/home/ee149/pico/pico-sdk/src/rp2_common/hardware_timer/timer.c.obj
                0x1000148c                hardware_alarm_set_callback
 .text.hardware_alarm_set_target
                0x10001518       0xd0 CMakeFiles/CircularSlave.dir/home/ee149/pico/pico-sdk/src/rp2_common/hardware_timer/timer.c.obj
                0x10001518                hardware_alarm_set_target
 .text.hardware_alarm_cancel
                0x100015e8       0x3c CMakeFiles/CircularSlave.dir/home/ee149/pico/pico-sdk/src/rp2_common/hardware_timer/timer.c.obj
                0x100015e8                hardware_alarm_cancel
 .text.ph_merge_nodes
                0x10001624       0x64 CMakeFiles/CircularSlave.dir/home/ee149/pico/pico-sdk/src/common/pico_util/pheap.c.obj
 .text.ph_post_alloc_init
                0x10001688       0x3c CMakeFiles/CircularSlave.dir/home/ee149/pico/pico-sdk/src/common/pico_util/pheap.c.obj
                0x10001688                ph_post_alloc_init
 .text.ph_merge_two_pass
                0x100016c4       0x98 CMakeFiles/CircularSlave.dir/home/ee149/pico/pico-sdk/src/common/pico_util/pheap.c.obj
                0x100016c4                ph_merge_two_pass
 .text.ph_remove_any_head
                0x1000175c      0x100 CMakeFiles/CircularSlave.dir/home/ee149/pico/pico-sdk/src/common/pico_util/pheap.c.obj
 .text.ph_remove_head
                0x1000185c      0x104 CMakeFiles/CircularSlave.dir/home/ee149/pico/pico-sdk/src/common/pico_util/pheap.c.obj
                0x1000185c                ph_remove_head
 .text.ph_remove_and_free_node
                0x10001960       0x78 CMakeFiles/CircularSlave.dir/home/ee149/pico/pico-sdk/src/common/pico_util/pheap.c.obj
                0x10001960                ph_remove_and_free_node
 .text.clocks_init
                0x100019d8      0x2c8 CMakeFiles/CircularSlave.dir/home/ee149/pico/pico-sdk/src/rp2_common/hardware_clocks/clocks.c.obj
                0x100019d8                clocks_init
 .text.clock_get_hz
                0x10001ca0        0xc CMakeFiles/CircularSlave.dir/home/ee149/pico/pico-sdk/src/rp2_common/hardware_clocks/clocks.c.obj
                0x10001ca0                clock_get_hz
 .text.pll_init
                0x10001cac       0xa0 CMakeFiles/CircularSlave.dir/home/ee149/pico/pico-sdk/src/rp2_common/hardware_pll/pll.c.obj
                0x10001cac                pll_init
 .text.watchdog_start_tick
                0x10001d4c       0x10 CMakeFiles/CircularSlave.dir/home/ee149/pico/pico-sdk/src/rp2_common/hardware_watchdog/watchdog.c.obj
                0x10001d4c                watchdog_start_tick
 .text.watchdog_reboot
                0x10001d5c       0x9c CMakeFiles/CircularSlave.dir/home/ee149/pico/pico-sdk/src/rp2_common/hardware_watchdog/watchdog.c.obj
                0x10001d5c                watchdog_reboot
 .text.xosc_init
                0x10001df8       0x28 CMakeFiles/CircularSlave.dir/home/ee149/pico/pico-sdk/src/rp2_common/hardware_xosc/xosc.c.obj
                0x10001df8                xosc_init
 .text.runtime_init
                0x10001e20       0xf0 CMakeFiles/CircularSlave.dir/home/ee149/pico/pico-sdk/src/rp2_common/pico_runtime/runtime.c.obj
                0x10001e20                runtime_init
 .text._exit    0x10001f10        0x4 CMakeFiles/CircularSlave.dir/home/ee149/pico/pico-sdk/src/rp2_common/pico_runtime/runtime.c.obj
                0x10001f10                _exit
 .text._sbrk    0x10001f14       0x34 CMakeFiles/CircularSlave.dir/home/ee149/pico/pico-sdk/src/rp2_common/pico_runtime/runtime.c.obj
                0x10001f14                _sbrk
 .text.exit     0x10001f48        0x8 CMakeFiles/CircularSlave.dir/home/ee149/pico/pico-sdk/src/rp2_common/pico_runtime/runtime.c.obj
                0x10001f48                exit
 .text.__assert_func
                0x10001f50       0x38 CMakeFiles/CircularSlave.dir/home/ee149/pico/pico-sdk/src/rp2_common/pico_runtime/runtime.c.obj
                0x10001f50                __assert_func
 .text.panic    0x10001f88       0x30 CMakeFiles/CircularSlave.dir/home/ee149/pico/pico-sdk/src/rp2_common/pico_runtime/runtime.c.obj
                0x10001f88                panic
 .text.hard_assertion_failure
                0x10001fb8        0xc CMakeFiles/CircularSlave.dir/home/ee149/pico/pico-sdk/src/rp2_common/pico_runtime/runtime.c.obj
                0x10001fb8                hard_assertion_failure
 .text._out_buffer
                0x10001fc4        0x8 CMakeFiles/CircularSlave.dir/home/ee149/pico/pico-sdk/src/rp2_common/pico_printf/printf.c.obj
 .text._out_null
                0x10001fcc        0x4 CMakeFiles/CircularSlave.dir/home/ee149/pico/pico-sdk/src/rp2_common/pico_printf/printf.c.obj
 .text._out_rev
                0x10001fd0       0x90 CMakeFiles/CircularSlave.dir/home/ee149/pico/pico-sdk/src/rp2_common/pico_printf/printf.c.obj
 .text._ntoa_format
                0x10002060      0x1f4 CMakeFiles/CircularSlave.dir/home/ee149/pico/pico-sdk/src/rp2_common/pico_printf/printf.c.obj
 .text._out_char
                0x10002254       0x10 CMakeFiles/CircularSlave.dir/home/ee149/pico/pico-sdk/src/rp2_common/pico_printf/printf.c.obj
 .text._out_fct
                0x10002264       0x10 CMakeFiles/CircularSlave.dir/home/ee149/pico/pico-sdk/src/rp2_common/pico_printf/printf.c.obj
 .text._etoa    0x10002274      0x454 CMakeFiles/CircularSlave.dir/home/ee149/pico/pico-sdk/src/rp2_common/pico_printf/printf.c.obj
 .text._ftoa    0x100026c8      0x3c4 CMakeFiles/CircularSlave.dir/home/ee149/pico/pico-sdk/src/rp2_common/pico_printf/printf.c.obj
 .text._vsnprintf
                0x10002a8c      0xb24 CMakeFiles/CircularSlave.dir/home/ee149/pico/pico-sdk/src/rp2_common/pico_printf/printf.c.obj
 .text.__wrap_snprintf
                0x100035b0       0x28 CMakeFiles/CircularSlave.dir/home/ee149/pico/pico-sdk/src/rp2_common/pico_printf/printf.c.obj
                0x100035b0                __wrap_snprintf
 .text.vfctprintf
                0x100035d8       0x20 CMakeFiles/CircularSlave.dir/home/ee149/pico/pico-sdk/src/rp2_common/pico_printf/printf.c.obj
                0x100035d8                vfctprintf
 .text.weak_raw_printf
                0x100035f8       0x40 CMakeFiles/CircularSlave.dir/home/ee149/pico/pico-sdk/src/rp2_common/pico_printf/printf.c.obj
                0x100035f8                weak_raw_printf
 .text.weak_raw_vprintf
                0x10003638       0x30 CMakeFiles/CircularSlave.dir/home/ee149/pico/pico-sdk/src/rp2_common/pico_printf/printf.c.obj
                0x10003638                weak_raw_vprintf
 .text          0x10003668       0x10 CMakeFiles/CircularSlave.dir/home/ee149/pico/pico-sdk/src/rp2_common/pico_bit_ops/bit_ops_aeabi.S.obj
 .text.rom_func_lookup
                0x10003678       0x10 CMakeFiles/CircularSlave.dir/home/ee149/pico/pico-sdk/src/rp2_common/pico_bootrom/bootrom.c.obj
                0x10003678                rom_func_lookup
 .text.rom_data_lookup
                0x10003688       0x10 CMakeFiles/CircularSlave.dir/home/ee149/pico/pico-sdk/src/rp2_common/pico_bootrom/bootrom.c.obj
                0x10003688                rom_data_lookup
 .text.rom_funcs_lookup
                0x10003698       0x44 CMakeFiles/CircularSlave.dir/home/ee149/pico/pico-sdk/src/rp2_common/pico_bootrom/bootrom.c.obj
                0x10003698                rom_funcs_lookup
 .text.__wrap___aeabi_idiv
                0x100036dc       0x50 CMakeFiles/CircularSlave.dir/home/ee149/pico/pico-sdk/src/rp2_common/pico_divider/divider.S.obj
                0x100036dc                __wrap___aeabi_idivmod
                0x100036dc                divmod_s32s32
                0x100036dc                div_s32s32
                0x100036dc                __wrap___aeabi_idiv
                0x100036e4                divmod_s32s32_unsafe
                0x10003710                divmod_s32s32_savestate
 .text.__wrap___aeabi_uidiv
                0x1000372c       0x4c CMakeFiles/CircularSlave.dir/home/ee149/pico/pico-sdk/src/rp2_common/pico_divider/divider.S.obj
                0x1000372c                __wrap___aeabi_uidiv
                0x1000372c                __wrap___aeabi_uidivmod
                0x1000372c                div_u32u32
                0x1000372c                divmod_u32u32
                0x10003734                divmod_u32u32_unsafe
                0x1000375c                divmod_u32u32_savestate
 .text.__wrap___aeabi_ldiv
                0x10003778      0x424 CMakeFiles/CircularSlave.dir/home/ee149/pico/pico-sdk/src/rp2_common/pico_divider/divider.S.obj
                0x10003778                div_s64s64
                0x10003778                divmod_s64s64
                0x10003778                __wrap___aeabi_ldivmod
                0x100037a8                div_u64u64
                0x100037a8                divmod_u64u64
                0x100037a8                __wrap___aeabi_uldivmod
                0x100037b8                divmod_u64u64_savestate
                0x100037d8                divmod_s64s64_unsafe
                0x10003860                divmod_u64u64_unsafe
 .text.__wrap___aeabi_darithmetic
                0x10003b9c       0x60 CMakeFiles/CircularSlave.dir/home/ee149/pico/pico-sdk/src/rp2_common/pico_double/double_aeabi.S.obj
                0x10003b9c                __wrap___aeabi_drsub
                0x10003ba2                __wrap___aeabi_dsub
                0x10003bac                __wrap___aeabi_dadd
                0x10003bb6                __wrap___aeabi_ddiv
                0x10003bea                __wrap___aeabi_dmul
 .text.__wrap___aeabi_cdcmple
                0x10003bfc       0x6c CMakeFiles/CircularSlave.dir/home/ee149/pico/pico-sdk/src/rp2_common/pico_double/double_aeabi.S.obj
                0x10003bfc                __wrap___aeabi_cdrcmple
                0x10003c0c                __wrap___aeabi_cdcmple
                0x10003c0c                __wrap___aeabi_cdcmpeq
 .text.__wrap___aeabi_dcmpeq
                0x10003c68       0x10 CMakeFiles/CircularSlave.dir/home/ee149/pico/pico-sdk/src/rp2_common/pico_double/double_aeabi.S.obj
                0x10003c68                __wrap___aeabi_dcmpeq
 .text.__wrap___aeabi_dcmplt
                0x10003c78        0xc CMakeFiles/CircularSlave.dir/home/ee149/pico/pico-sdk/src/rp2_common/pico_double/double_aeabi.S.obj
                0x10003c78                __wrap___aeabi_dcmplt
 .text.__wrap___aeabi_dcmple
                0x10003c84       0x10 CMakeFiles/CircularSlave.dir/home/ee149/pico/pico-sdk/src/rp2_common/pico_double/double_aeabi.S.obj
                0x10003c84                __wrap___aeabi_dcmple
 .text.__wrap___aeabi_dcmpge
                0x10003c94       0x10 CMakeFiles/CircularSlave.dir/home/ee149/pico/pico-sdk/src/rp2_common/pico_double/double_aeabi.S.obj
                0x10003c94                __wrap___aeabi_dcmpge
 .text.__wrap___aeabi_dcmpgt
                0x10003ca4        0xa CMakeFiles/CircularSlave.dir/home/ee149/pico/pico-sdk/src/rp2_common/pico_double/double_aeabi.S.obj
                0x10003ca4                __wrap___aeabi_dcmpgt
 .text.__wrap___aeabi_dcmpun
                0x10003cae       0x1c CMakeFiles/CircularSlave.dir/home/ee149/pico/pico-sdk/src/rp2_common/pico_double/double_aeabi.S.obj
                0x10003cae                __wrap___aeabi_dcmpun
 *fill*         0x10003cca        0x2 
 .text.__wrap___aeabi_i2d
                0x10003ccc       0x38 CMakeFiles/CircularSlave.dir/home/ee149/pico/pico-sdk/src/rp2_common/pico_double/double_aeabi.S.obj
                0x10003ccc                __wrap___aeabi_ui2d
                0x10003cd4                __wrap___aeabi_i2d
 .text.__wrap___aeabi_d2iz
                0x10003d04       0x48 CMakeFiles/CircularSlave.dir/home/ee149/pico/pico-sdk/src/rp2_common/pico_double/double_aeabi.S.obj
                0x10003d04                __wrap___aeabi_d2iz
                0x10003d04                double2int_z
 .text.__wrap___aeabi_d2uiz
                0x10003d4c       0x10 CMakeFiles/CircularSlave.dir/home/ee149/pico/pico-sdk/src/rp2_common/pico_double/double_aeabi.S.obj
                0x10003d4c                double2uint
                0x10003d4c                __wrap___aeabi_d2uiz
 .text.missing_double_func_shim
                0x10003d5c        0xc CMakeFiles/CircularSlave.dir/home/ee149/pico/pico-sdk/src/rp2_common/pico_double/double_init_rom.c.obj
 .text.__aeabi_double_init
                0x10003d68       0x94 CMakeFiles/CircularSlave.dir/home/ee149/pico/pico-sdk/src/rp2_common/pico_double/double_init_rom.c.obj
                0x10003d68                __aeabi_double_init
 .text.double_table_shim_on_use_helper
                0x10003dfc       0x2c CMakeFiles/CircularSlave.dir/home/ee149/pico/pico-sdk/src/rp2_common/pico_double/double_v1_rom_shim.S.obj
                0x10003dfc                double_table_shim_on_use_helper
 .text.__aeabi_lmul
                0x10003e28       0x32 CMakeFiles/CircularSlave.dir/home/ee149/pico/pico-sdk/src/rp2_common/pico_int64_ops/pico_int64_ops_aeabi.S.obj
                0x10003e28                __wrap___aeabi_lmul
 *fill*         0x10003e5a        0x2 
 .text.__wrap___aeabi_farithmetic
                0x10003e5c       0x48 CMakeFiles/CircularSlave.dir/home/ee149/pico/pico-sdk/src/rp2_common/pico_float/float_aeabi.S.obj
                0x10003e5c                __wrap___aeabi_frsub
                0x10003e62                __wrap___aeabi_fsub
                0x10003e68                __wrap___aeabi_fadd
                0x10003e6e                __wrap___aeabi_fdiv
                0x10003e96                __wrap___aeabi_fmul
 .text.__wrap___aeabi_cfcmple
                0x10003ea4       0x50 CMakeFiles/CircularSlave.dir/home/ee149/pico/pico-sdk/src/rp2_common/pico_float/float_aeabi.S.obj
                0x10003ea4                __wrap___aeabi_cfrcmple
                0x10003eb0                __wrap___aeabi_cfcmpeq
                0x10003eb0                __wrap___aeabi_cfcmple
 .text.__wrap___aeabi_fcmpge
                0x10003ef4       0x10 CMakeFiles/CircularSlave.dir/home/ee149/pico/pico-sdk/src/rp2_common/pico_float/float_aeabi.S.obj
                0x10003ef4                __wrap___aeabi_fcmpge
 .text.__wrap___aeabi_ui2f
                0x10003f04        0xa CMakeFiles/CircularSlave.dir/home/ee149/pico/pico-sdk/src/rp2_common/pico_float/float_aeabi.S.obj
                0x10003f04                __wrap___aeabi_ui2f
 *fill*         0x10003f0e        0x2 
 .text.__wrap___aeabi_i2f
                0x10003f10       0x44 CMakeFiles/CircularSlave.dir/home/ee149/pico/pico-sdk/src/rp2_common/pico_float/float_aeabi.S.obj
                0x10003f10                __wrap___aeabi_i2f
 .text.missing_float_func_shim
                0x10003f54        0xc CMakeFiles/CircularSlave.dir/home/ee149/pico/pico-sdk/src/rp2_common/pico_float/float_init_rom.c.obj
 .text.__aeabi_float_init
                0x10003f60       0x5c CMakeFiles/CircularSlave.dir/home/ee149/pico/pico-sdk/src/rp2_common/pico_float/float_init_rom.c.obj
                0x10003f60                __aeabi_float_init
 .text.__wrap_malloc
                0x10003fbc       0x3c CMakeFiles/CircularSlave.dir/home/ee149/pico/pico-sdk/src/rp2_common/pico_malloc/pico_malloc.c.obj
                0x10003fbc                __wrap_malloc
 .text.__wrap_calloc
                0x10003ff8       0x40 CMakeFiles/CircularSlave.dir/home/ee149/pico/pico-sdk/src/rp2_common/pico_malloc/pico_malloc.c.obj
                0x10003ff8                __wrap_calloc
 .text.__wrap_realloc
                0x10004038       0x40 CMakeFiles/CircularSlave.dir/home/ee149/pico/pico-sdk/src/rp2_common/pico_malloc/pico_malloc.c.obj
                0x10004038                __wrap_realloc
 .text.__wrap_free
                0x10004078       0x20 CMakeFiles/CircularSlave.dir/home/ee149/pico/pico-sdk/src/rp2_common/pico_malloc/pico_malloc.c.obj
                0x10004078                __wrap_free
 .text          0x10004098       0x10 CMakeFiles/CircularSlave.dir/home/ee149/pico/pico-sdk/src/rp2_common/pico_mem_ops/mem_ops_aeabi.S.obj
                0x10004098                __aeabi_mem_init
 .text.memset   0x100040a8        0xc CMakeFiles/CircularSlave.dir/home/ee149/pico/pico-sdk/src/rp2_common/pico_mem_ops/mem_ops_aeabi.S.obj
                0x100040a8                __wrap_memset
 .text.memcpy   0x100040b4        0xc CMakeFiles/CircularSlave.dir/home/ee149/pico/pico-sdk/src/rp2_common/pico_mem_ops/mem_ops_aeabi.S.obj
                0x100040b4                __wrap___aeabi_memcpy
                0x100040b4                __wrap_memcpy
 .text.stdio_out_chars_crlf
                0x100040c0       0xbc CMakeFiles/CircularSlave.dir/home/ee149/pico/pico-sdk/src/rp2_common/pico_stdio/stdio.c.obj
 .text.stdio_buffered_printer
                0x1000417c       0x64 CMakeFiles/CircularSlave.dir/home/ee149/pico/pico-sdk/src/rp2_common/pico_stdio/stdio.c.obj
 .text.__wrap_putchar
                0x100041e0       0x98 CMakeFiles/CircularSlave.dir/home/ee149/pico/pico-sdk/src/rp2_common/pico_stdio/stdio.c.obj
                0x100041e0                __wrap_putchar
 .text.__wrap_puts
                0x10004278       0xe0 CMakeFiles/CircularSlave.dir/home/ee149/pico/pico-sdk/src/rp2_common/pico_stdio/stdio.c.obj
                0x10004278                __wrap_puts
 .text._read    0x10004358       0x94 CMakeFiles/CircularSlave.dir/home/ee149/pico/pico-sdk/src/rp2_common/pico_stdio/stdio.c.obj
                0x10004358                _read
 .text._write   0x100043ec       0xb4 CMakeFiles/CircularSlave.dir/home/ee149/pico/pico-sdk/src/rp2_common/pico_stdio/stdio.c.obj
                0x100043ec                _write
 .text._close   0x100044a0        0x8 CMakeFiles/CircularSlave.dir/home/ee149/pico/pico-sdk/src/rp2_common/pico_stdio/stdio.c.obj
                0x100044a0                _close
 .text._lseek   0x100044a8        0x8 CMakeFiles/CircularSlave.dir/home/ee149/pico/pico-sdk/src/rp2_common/pico_stdio/stdio.c.obj
                0x100044a8                _lseek
 .text._fstat   0x100044b0        0x8 CMakeFiles/CircularSlave.dir/home/ee149/pico/pico-sdk/src/rp2_common/pico_stdio/stdio.c.obj
                0x100044b0                _fstat
 .text._isatty  0x100044b8        0xc CMakeFiles/CircularSlave.dir/home/ee149/pico/pico-sdk/src/rp2_common/pico_stdio/stdio.c.obj
                0x100044b8                _isatty
 .text.stdio_set_driver_enabled
                0x100044c4       0x30 CMakeFiles/CircularSlave.dir/home/ee149/pico/pico-sdk/src/rp2_common/pico_stdio/stdio.c.obj
                0x100044c4                stdio_set_driver_enabled
 .text.__wrap_vprintf
                0x100044f4       0xd4 CMakeFiles/CircularSlave.dir/home/ee149/pico/pico-sdk/src/rp2_common/pico_stdio/stdio.c.obj
                0x100044f4                __wrap_vprintf
 .text.__wrap_printf
                0x100045c8       0x18 CMakeFiles/CircularSlave.dir/home/ee149/pico/pico-sdk/src/rp2_common/pico_stdio/stdio.c.obj
                0x100045c8                __wrap_printf
 .text.stdio_init_all
                0x100045e0       0x10 CMakeFiles/CircularSlave.dir/home/ee149/pico/pico-sdk/src/rp2_common/pico_stdio/stdio.c.obj
                0x100045e0                stdio_init_all
 .text.stdio_uart_init
                0x100045f0        0x4 CMakeFiles/CircularSlave.dir/home/ee149/pico/pico-sdk/src/rp2_common/pico_stdio_uart/stdio_uart.c.obj
                0x100045f0                stdio_uart_init
 .text.resetd_init
                0x100045f4        0x4 CMakeFiles/CircularSlave.dir/home/ee149/pico/pico-sdk/src/rp2_common/pico_stdio_usb/reset_interface.c.obj
 .text.resetd_reset
                0x100045f8        0xc CMakeFiles/CircularSlave.dir/home/ee149/pico/pico-sdk/src/rp2_common/pico_stdio_usb/reset_interface.c.obj
 .text.resetd_open
                0x10004604       0x28 CMakeFiles/CircularSlave.dir/home/ee149/pico/pico-sdk/src/rp2_common/pico_stdio_usb/reset_interface.c.obj
 .text.resetd_xfer_cb
                0x1000462c        0x4 CMakeFiles/CircularSlave.dir/home/ee149/pico/pico-sdk/src/rp2_common/pico_stdio_usb/reset_interface.c.obj
 .text.resetd_control_xfer_cb
                0x10004630       0x60 CMakeFiles/CircularSlave.dir/home/ee149/pico/pico-sdk/src/rp2_common/pico_stdio_usb/reset_interface.c.obj
 .text.usbd_app_driver_get_cb
                0x10004690        0xc CMakeFiles/CircularSlave.dir/home/ee149/pico/pico-sdk/src/rp2_common/pico_stdio_usb/reset_interface.c.obj
                0x10004690                usbd_app_driver_get_cb
 .text.tud_cdc_line_coding_cb
                0x1000469c       0x34 CMakeFiles/CircularSlave.dir/home/ee149/pico/pico-sdk/src/rp2_common/pico_stdio_usb/reset_interface.c.obj
                0x1000469c                tud_cdc_line_coding_cb
 .text.stdio_usb_set_chars_available_callback
                0x100046d0       0x14 CMakeFiles/CircularSlave.dir/home/ee149/pico/pico-sdk/src/rp2_common/pico_stdio_usb/stdio_usb.c.obj
                0x100046d0                stdio_usb_set_chars_available_callback
 .text.usb_irq  0x100046e4       0x10 CMakeFiles/CircularSlave.dir/home/ee149/pico/pico-sdk/src/rp2_common/pico_stdio_usb/stdio_usb.c.obj
 .text.timer_task
                0x100046f4       0x54 CMakeFiles/CircularSlave.dir/home/ee149/pico/pico-sdk/src/rp2_common/pico_stdio_usb/stdio_usb.c.obj
 .text.stdio_usb_in_chars
                0x10004748       0x90 CMakeFiles/CircularSlave.dir/home/ee149/pico/pico-sdk/src/rp2_common/pico_stdio_usb/stdio_usb.c.obj
                0x10004748                stdio_usb_in_chars
 .text.stdio_usb_out_chars
                0x100047d8      0x104 CMakeFiles/CircularSlave.dir/home/ee149/pico/pico-sdk/src/rp2_common/pico_stdio_usb/stdio_usb.c.obj
 .text.low_priority_worker_irq
                0x100048dc       0xa8 CMakeFiles/CircularSlave.dir/home/ee149/pico/pico-sdk/src/rp2_common/pico_stdio_usb/stdio_usb.c.obj
 .text.tud_cdc_rx_cb
                0x10004984       0x20 CMakeFiles/CircularSlave.dir/home/ee149/pico/pico-sdk/src/rp2_common/pico_stdio_usb/stdio_usb.c.obj
                0x10004984                tud_cdc_rx_cb
 .text.stdio_usb_init
                0x100049a4       0xe0 CMakeFiles/CircularSlave.dir/home/ee149/pico/pico-sdk/src/rp2_common/pico_stdio_usb/stdio_usb.c.obj
                0x100049a4                stdio_usb_init
 .text.tud_descriptor_device_cb
                0x10004a84        0x8 CMakeFiles/CircularSlave.dir/home/ee149/pico/pico-sdk/src/rp2_common/pico_stdio_usb/stdio_usb_descriptors.c.obj
                0x10004a84                tud_descriptor_device_cb
 .text.tud_descriptor_configuration_cb
                0x10004a8c        0x8 CMakeFiles/CircularSlave.dir/home/ee149/pico/pico-sdk/src/rp2_common/pico_stdio_usb/stdio_usb_descriptors.c.obj
                0x10004a8c                tud_descriptor_configuration_cb
 .text.tud_descriptor_string_cb
                0x10004a94       0x78 CMakeFiles/CircularSlave.dir/home/ee149/pico/pico-sdk/src/rp2_common/pico_stdio_usb/stdio_usb_descriptors.c.obj
                0x10004a94                tud_descriptor_string_cb
 .text.startup._retrieve_unique_id_on_boot
                0x10004b0c       0x10 CMakeFiles/CircularSlave.dir/home/ee149/pico/pico-sdk/src/rp2_common/pico_unique_id/unique_id.c.obj
 .text.pico_get_unique_board_id
                0x10004b1c       0x10 CMakeFiles/CircularSlave.dir/home/ee149/pico/pico-sdk/src/rp2_common/pico_unique_id/unique_id.c.obj
                0x10004b1c                pico_get_unique_board_id
 .text.pico_get_unique_board_id_string
                0x10004b2c      0x1a8 CMakeFiles/CircularSlave.dir/home/ee149/pico/pico-sdk/src/rp2_common/pico_unique_id/unique_id.c.obj
                0x10004b2c                pico_get_unique_board_id_string
 .text.flash_get_unique_id
                0x10004cd4       0x40 CMakeFiles/CircularSlave.dir/home/ee149/pico/pico-sdk/src/rp2_common/hardware_flash/flash.c.obj
                0x10004cd4                flash_get_unique_id
 .text.dcd_int_enable
                0x10004d14        0xc CMakeFiles/CircularSlave.dir/home/ee149/pico/pico-sdk/lib/tinyusb/src/portable/raspberrypi/rp2040/dcd_rp2040.c.obj
                0x10004d14                dcd_int_enable
 .text.dcd_set_address
                0x10004d20       0x14 CMakeFiles/CircularSlave.dir/home/ee149/pico/pico-sdk/lib/tinyusb/src/portable/raspberrypi/rp2040/dcd_rp2040.c.obj
                0x10004d20                dcd_set_address
 .text.dcd_connect
                0x10004d34       0x10 CMakeFiles/CircularSlave.dir/home/ee149/pico/pico-sdk/lib/tinyusb/src/portable/raspberrypi/rp2040/dcd_rp2040.c.obj
                0x10004d34                dcd_connect
 .text.dcd_init
                0x10004d44       0x98 CMakeFiles/CircularSlave.dir/home/ee149/pico/pico-sdk/lib/tinyusb/src/portable/raspberrypi/rp2040/dcd_rp2040.c.obj
                0x10004d44                dcd_init
 .text.dcd_edpt0_status_complete
                0x10004ddc       0x1c CMakeFiles/CircularSlave.dir/home/ee149/pico/pico-sdk/lib/tinyusb/src/portable/raspberrypi/rp2040/dcd_rp2040.c.obj
                0x10004ddc                dcd_edpt0_status_complete
 .text.dcd_edpt_open
                0x10004df8      0x108 CMakeFiles/CircularSlave.dir/home/ee149/pico/pico-sdk/lib/tinyusb/src/portable/raspberrypi/rp2040/dcd_rp2040.c.obj
                0x10004df8                dcd_edpt_open
 .text.dcd_edpt_close_all
                0x10004f00        0x8 CMakeFiles/CircularSlave.dir/home/ee149/pico/pico-sdk/lib/tinyusb/src/portable/raspberrypi/rp2040/dcd_rp2040.c.obj
                0x10004f00                dcd_edpt_close_all
 .text.dcd_edpt_xfer
                0x10004f08       0x24 CMakeFiles/CircularSlave.dir/home/ee149/pico/pico-sdk/lib/tinyusb/src/portable/raspberrypi/rp2040/dcd_rp2040.c.obj
                0x10004f08                dcd_edpt_xfer
 .text.dcd_edpt_stall
                0x10004f2c       0x38 CMakeFiles/CircularSlave.dir/home/ee149/pico/pico-sdk/lib/tinyusb/src/portable/raspberrypi/rp2040/dcd_rp2040.c.obj
                0x10004f2c                dcd_edpt_stall
 .text.dcd_edpt_clear_stall
                0x10004f64       0x30 CMakeFiles/CircularSlave.dir/home/ee149/pico/pico-sdk/lib/tinyusb/src/portable/raspberrypi/rp2040/dcd_rp2040.c.obj
                0x10004f64                dcd_edpt_clear_stall
 .text.rp2040_usb_init
                0x10004f94       0x4c CMakeFiles/CircularSlave.dir/home/ee149/pico/pico-sdk/lib/tinyusb/src/portable/raspberrypi/rp2040/rp2040_usb.c.obj
                0x10004f94                rp2040_usb_init
 .text.hw_endpoint_xfer_start
                0x10004fe0       0x40 CMakeFiles/CircularSlave.dir/home/ee149/pico/pico-sdk/lib/tinyusb/src/portable/raspberrypi/rp2040/rp2040_usb.c.obj
                0x10004fe0                hw_endpoint_xfer_start
 .text.tud_mounted
                0x10005020       0x10 CMakeFiles/CircularSlave.dir/home/ee149/pico/pico-sdk/lib/tinyusb/src/device/usbd.c.obj
                0x10005020                tud_mounted
 .text.tud_suspended
                0x10005030       0x10 CMakeFiles/CircularSlave.dir/home/ee149/pico/pico-sdk/lib/tinyusb/src/device/usbd.c.obj
                0x10005030                tud_suspended
 .text.tud_inited
                0x10005040       0x14 CMakeFiles/CircularSlave.dir/home/ee149/pico/pico-sdk/lib/tinyusb/src/device/usbd.c.obj
                0x10005040                tud_inited
 .text.tud_init
                0x10005054       0xd8 CMakeFiles/CircularSlave.dir/home/ee149/pico/pico-sdk/lib/tinyusb/src/device/usbd.c.obj
                0x10005054                tud_init
 .text.tud_task_ext
                0x1000512c      0x8a8 CMakeFiles/CircularSlave.dir/home/ee149/pico/pico-sdk/lib/tinyusb/src/device/usbd.c.obj
                0x1000512c                tud_task_ext
 .text.usbd_open_edpt_pair
                0x100059d4       0x9c CMakeFiles/CircularSlave.dir/home/ee149/pico/pico-sdk/lib/tinyusb/src/device/usbd.c.obj
                0x100059d4                usbd_open_edpt_pair
 .text.usbd_defer_func
                0x10005a70       0x48 CMakeFiles/CircularSlave.dir/home/ee149/pico/pico-sdk/lib/tinyusb/src/device/usbd.c.obj
                0x10005a70                usbd_defer_func
 .text.usbd_edpt_open
                0x10005ab8       0x34 CMakeFiles/CircularSlave.dir/home/ee149/pico/pico-sdk/lib/tinyusb/src/device/usbd.c.obj
                0x10005ab8                usbd_edpt_open
 .text.usbd_edpt_claim
                0x10005aec       0x28 CMakeFiles/CircularSlave.dir/home/ee149/pico/pico-sdk/lib/tinyusb/src/device/usbd.c.obj
                0x10005aec                usbd_edpt_claim
 .text.usbd_edpt_release
                0x10005b14       0x28 CMakeFiles/CircularSlave.dir/home/ee149/pico/pico-sdk/lib/tinyusb/src/device/usbd.c.obj
                0x10005b14                usbd_edpt_release
 .text.usbd_edpt_xfer
                0x10005b3c       0x4c CMakeFiles/CircularSlave.dir/home/ee149/pico/pico-sdk/lib/tinyusb/src/device/usbd.c.obj
                0x10005b3c                usbd_edpt_xfer
 .text.tud_control_status
                0x10005b88       0x2c CMakeFiles/CircularSlave.dir/home/ee149/pico/pico-sdk/lib/tinyusb/src/device/usbd_control.c.obj
                0x10005b88                tud_control_status
 .text.tud_control_xfer
                0x10005bb4       0xac CMakeFiles/CircularSlave.dir/home/ee149/pico/pico-sdk/lib/tinyusb/src/device/usbd_control.c.obj
                0x10005bb4                tud_control_xfer
 .text.usbd_control_reset
                0x10005c60       0x14 CMakeFiles/CircularSlave.dir/home/ee149/pico/pico-sdk/lib/tinyusb/src/device/usbd_control.c.obj
                0x10005c60                usbd_control_reset
 .text.usbd_control_set_complete_callback
                0x10005c74        0xc CMakeFiles/CircularSlave.dir/home/ee149/pico/pico-sdk/lib/tinyusb/src/device/usbd_control.c.obj
                0x10005c74                usbd_control_set_complete_callback
 .text.usbd_control_set_request
                0x10005c80       0x1c CMakeFiles/CircularSlave.dir/home/ee149/pico/pico-sdk/lib/tinyusb/src/device/usbd_control.c.obj
                0x10005c80                usbd_control_set_request
 .text.usbd_control_xfer_cb
                0x10005c9c       0xf4 CMakeFiles/CircularSlave.dir/home/ee149/pico/pico-sdk/lib/tinyusb/src/device/usbd_control.c.obj
                0x10005c9c                usbd_control_xfer_cb
 .text.tud_cdc_n_connected
                0x10005d90       0x30 CMakeFiles/CircularSlave.dir/home/ee149/pico/pico-sdk/lib/tinyusb/src/class/cdc/cdc_device.c.obj
                0x10005d90                tud_cdc_n_connected
 .text.tud_cdc_n_available
                0x10005dc0       0x18 CMakeFiles/CircularSlave.dir/home/ee149/pico/pico-sdk/lib/tinyusb/src/class/cdc/cdc_device.c.obj
                0x10005dc0                tud_cdc_n_available
 .text.tud_cdc_n_read
                0x10005dd8       0x70 CMakeFiles/CircularSlave.dir/home/ee149/pico/pico-sdk/lib/tinyusb/src/class/cdc/cdc_device.c.obj
                0x10005dd8                tud_cdc_n_read
 .text.tud_cdc_n_write_flush
                0x10005e48       0x78 CMakeFiles/CircularSlave.dir/home/ee149/pico/pico-sdk/lib/tinyusb/src/class/cdc/cdc_device.c.obj
                0x10005e48                tud_cdc_n_write_flush
 .text.tud_cdc_n_write
                0x10005ec0       0x34 CMakeFiles/CircularSlave.dir/home/ee149/pico/pico-sdk/lib/tinyusb/src/class/cdc/cdc_device.c.obj
                0x10005ec0                tud_cdc_n_write
 .text.tud_cdc_n_write_available
                0x10005ef4       0x18 CMakeFiles/CircularSlave.dir/home/ee149/pico/pico-sdk/lib/tinyusb/src/class/cdc/cdc_device.c.obj
                0x10005ef4                tud_cdc_n_write_available
 .text.cdcd_init
                0x10005f0c       0x7c CMakeFiles/CircularSlave.dir/home/ee149/pico/pico-sdk/lib/tinyusb/src/class/cdc/cdc_device.c.obj
                0x10005f0c                cdcd_init
 .text.cdcd_reset
                0x10005f88       0x2c CMakeFiles/CircularSlave.dir/home/ee149/pico/pico-sdk/lib/tinyusb/src/class/cdc/cdc_device.c.obj
                0x10005f88                cdcd_reset
 .text.cdcd_open
                0x10005fb4       0xe4 CMakeFiles/CircularSlave.dir/home/ee149/pico/pico-sdk/lib/tinyusb/src/class/cdc/cdc_device.c.obj
                0x10005fb4                cdcd_open
 .text.cdcd_control_xfer_cb
                0x10006098       0xe4 CMakeFiles/CircularSlave.dir/home/ee149/pico/pico-sdk/lib/tinyusb/src/class/cdc/cdc_device.c.obj
                0x10006098                cdcd_control_xfer_cb
 .text.cdcd_xfer_cb
                0x1000617c      0x13c CMakeFiles/CircularSlave.dir/home/ee149/pico/pico-sdk/lib/tinyusb/src/class/cdc/cdc_device.c.obj
                0x1000617c                cdcd_xfer_cb
 .text.tusb_init
                0x100062b8        0xc CMakeFiles/CircularSlave.dir/home/ee149/pico/pico-sdk/lib/tinyusb/src/tusb.c.obj
                0x100062b8                tusb_init
 .text.tusb_inited
                0x100062c4        0x8 CMakeFiles/CircularSlave.dir/home/ee149/pico/pico-sdk/lib/tinyusb/src/tusb.c.obj
                0x100062c4                tusb_inited
 .text.tu_edpt_claim
                0x100062cc       0x50 CMakeFiles/CircularSlave.dir/home/ee149/pico/pico-sdk/lib/tinyusb/src/tusb.c.obj
                0x100062cc                tu_edpt_claim
 .text.tu_edpt_release
                0x1000631c       0x38 CMakeFiles/CircularSlave.dir/home/ee149/pico/pico-sdk/lib/tinyusb/src/tusb.c.obj
                0x1000631c                tu_edpt_release
 .text.tu_edpt_validate
                0x10006354       0x7c CMakeFiles/CircularSlave.dir/home/ee149/pico/pico-sdk/lib/tinyusb/src/tusb.c.obj
                0x10006354                tu_edpt_validate
 .text.tu_edpt_bind_driver
                0x100063d0       0x34 CMakeFiles/CircularSlave.dir/home/ee149/pico/pico-sdk/lib/tinyusb/src/tusb.c.obj
                0x100063d0                tu_edpt_bind_driver
 .text.tu_fifo_config
                0x10006404       0x6c CMakeFiles/CircularSlave.dir/home/ee149/pico/pico-sdk/lib/tinyusb/src/common/tusb_fifo.c.obj
                0x10006404                tu_fifo_config
 .text.tu_fifo_count
                0x10006470       0x2c CMakeFiles/CircularSlave.dir/home/ee149/pico/pico-sdk/lib/tinyusb/src/common/tusb_fifo.c.obj
                0x10006470                tu_fifo_count
 .text.tu_fifo_empty
                0x1000649c       0x10 CMakeFiles/CircularSlave.dir/home/ee149/pico/pico-sdk/lib/tinyusb/src/common/tusb_fifo.c.obj
                0x1000649c                tu_fifo_empty
 .text.tu_fifo_remaining
                0x100064ac       0x2c CMakeFiles/CircularSlave.dir/home/ee149/pico/pico-sdk/lib/tinyusb/src/common/tusb_fifo.c.obj
                0x100064ac                tu_fifo_remaining
 .text.tu_fifo_read
                0x100064d8       0x9c CMakeFiles/CircularSlave.dir/home/ee149/pico/pico-sdk/lib/tinyusb/src/common/tusb_fifo.c.obj
                0x100064d8                tu_fifo_read
 .text.tu_fifo_read_n
                0x10006574       0xe8 CMakeFiles/CircularSlave.dir/home/ee149/pico/pico-sdk/lib/tinyusb/src/common/tusb_fifo.c.obj
                0x10006574                tu_fifo_read_n
 .text.tu_fifo_write
                0x1000665c       0x88 CMakeFiles/CircularSlave.dir/home/ee149/pico/pico-sdk/lib/tinyusb/src/common/tusb_fifo.c.obj
                0x1000665c                tu_fifo_write
 .text.tu_fifo_write_n
                0x100066e4      0x170 CMakeFiles/CircularSlave.dir/home/ee149/pico/pico-sdk/lib/tinyusb/src/common/tusb_fifo.c.obj
                0x100066e4                tu_fifo_write_n
 .text.tu_fifo_clear
                0x10006854       0x40 CMakeFiles/CircularSlave.dir/home/ee149/pico/pico-sdk/lib/tinyusb/src/common/tusb_fifo.c.obj
                0x10006854                tu_fifo_clear
 .text.tu_fifo_set_overwritable
                0x10006894       0x48 CMakeFiles/CircularSlave.dir/home/ee149/pico/pico-sdk/lib/tinyusb/src/common/tusb_fifo.c.obj
                0x10006894                tu_fifo_set_overwritable
 .text.i2c_set_baudrate
                0x100068dc       0xc4 CMakeFiles/CircularSlave.dir/home/ee149/pico/pico-sdk/src/rp2_common/hardware_i2c/i2c.c.obj
                0x100068dc                i2c_set_baudrate
 .text.i2c_init
                0x100069a0       0x54 CMakeFiles/CircularSlave.dir/home/ee149/pico/pico-sdk/src/rp2_common/hardware_i2c/i2c.c.obj
                0x100069a0                i2c_init
 .text.i2c_set_slave_mode
                0x100069f4       0x40 CMakeFiles/CircularSlave.dir/home/ee149/pico/pico-sdk/src/rp2_common/hardware_i2c/i2c.c.obj
                0x100069f4                i2c_set_slave_mode
 .text.i2c_slave_init
                0x10006a34       0x48 CMakeFiles/CircularSlave.dir/home/ee149/pico/pico-sdk/src/rp2_common/pico_i2c_slave/i2c_slave.c.obj
                0x10006a34                i2c_slave_init
 .text.lf_tag_compare
                0x10006a7c       0x38 core/libcore.a(tag.c.obj)
                0x10006a7c                lf_tag_compare
 .text.lf_time_logical
                0x10006ab4        0x8 core/libcore.a(tag.c.obj)
                0x10006ab4                lf_time_logical
 .text.lf_time_logical_elapsed
                0x10006abc       0x14 core/libcore.a(tag.c.obj)
                0x10006abc                lf_time_logical_elapsed
 .text.lf_time_physical
                0x10006ad0       0x60 core/libcore.a(tag.c.obj)
                0x10006ad0                lf_time_physical
 .text.lf_time_physical_elapsed
                0x10006b30       0x6c core/libcore.a(tag.c.obj)
                0x10006b30                lf_time_physical_elapsed
 .text.lf_comma_separated_time
                0x10006b9c      0x274 core/libcore.a(tag.c.obj)
                0x10006b9c                lf_comma_separated_time
 .text._lf_new_reactor
                0x10006e10       0x40 core/libcore.a(reactor_common.c.obj)
                0x10006e10                _lf_new_reactor
 .text._lf_set_stop_tag
                0x10006e50       0x3c core/libcore.a(reactor_common.c.obj)
                0x10006e50                _lf_set_stop_tag
 .text._lf_start_time_step
                0x10006e8c       0x68 core/libcore.a(reactor_common.c.obj)
                0x10006e8c                _lf_start_time_step
 .text._lf_is_tag_after_stop_tag
                0x10006ef4       0x30 core/libcore.a(reactor_common.c.obj)
                0x10006ef4                _lf_is_tag_after_stop_tag
 .text._lf_initialize_timer
                0x10006f24       0x88 core/libcore.a(reactor_common.c.obj)
                0x10006f24                _lf_initialize_timer
 .text._lf_initialize_timers
                0x10006fac       0x30 core/libcore.a(reactor_common.c.obj)
                0x10006fac                _lf_initialize_timers
 .text._lf_trigger_startup_reactions
                0x10006fdc       0x38 core/libcore.a(reactor_common.c.obj)
                0x10006fdc                _lf_trigger_startup_reactions
 .text._lf_trigger_shutdown_reactions
                0x10007014       0x38 core/libcore.a(reactor_common.c.obj)
                0x10007014                _lf_trigger_shutdown_reactions
 .text._lf_schedule
                0x1000704c      0x2e0 core/libcore.a(reactor_common.c.obj)
                0x1000704c                _lf_schedule
 .text._lf_pop_events
                0x1000732c      0x118 core/libcore.a(reactor_common.c.obj)
                0x1000732c                _lf_pop_events
 .text._lf_advance_logical_time
                0x10007444       0x38 core/libcore.a(reactor_common.c.obj)
                0x10007444                _lf_advance_logical_time
 .text._lf_invoke_reaction
                0x1000747c       0x14 core/libcore.a(reactor_common.c.obj)
                0x1000747c                _lf_invoke_reaction
 .text.schedule_output_reactions
                0x10007490      0x144 core/libcore.a(reactor_common.c.obj)
                0x10007490                schedule_output_reactions
 .text.usage    0x100075d4       0xb0 core/libcore.a(reactor_common.c.obj)
                0x100075d4                usage
 .text.process_args
                0x10007684      0x3f0 core/libcore.a(reactor_common.c.obj)
                0x10007684                process_args
 .text.initialize_global
                0x10007a74       0x24 core/libcore.a(reactor_common.c.obj)
                0x10007a74                initialize_global
 .text.termination
                0x10007a98      0x190 core/libcore.a(reactor_common.c.obj)
                0x10007a98                termination
 .text._lf_free_token.part.0
                0x10007c28       0xcc core/libcore.a(lf_token.c.obj)
 .text._lf_free_all_tokens
                0x10007cf4       0xe0 core/libcore.a(lf_token.c.obj)
                0x10007cf4                _lf_free_all_tokens
 .text._lf_replace_template_token
                0x10007dd4       0x44 core/libcore.a(lf_token.c.obj)
                0x10007dd4                _lf_replace_template_token
 .text._lf_done_using
                0x10007e18       0x30 core/libcore.a(lf_token.c.obj)
                0x10007e18                _lf_done_using
 .text._lf_free_token_copies
                0x10007e48       0x44 core/libcore.a(lf_token.c.obj)
                0x10007e48                _lf_free_token_copies
 .text.environment_init_tags
                0x10007e8c       0x58 core/libcore.a(environment.c.obj)
                0x10007e8c                environment_init_tags
 .text.environment_free
                0x10007ee4       0x44 core/libcore.a(environment.c.obj)
                0x10007ee4                environment_free
 .text.environment_init
                0x10007f28      0x188 core/libcore.a(environment.c.obj)
                0x10007f28                environment_init
 .text._lf_trigger_reaction
                0x100080b0       0x28 core/libcore.a(reactor.c.obj)
                0x100080b0                _lf_trigger_reaction
 .text._lf_do_step
                0x100080d8       0xbc core/libcore.a(reactor.c.obj)
                0x100080d8                _lf_do_step
 .text.next     0x10008194      0x130 core/libcore.a(reactor.c.obj)
                0x10008194                next
 .text.lf_reactor_c_main
                0x100082c4       0xf8 core/libcore.a(reactor.c.obj)
                0x100082c4                lf_reactor_c_main
 .text.lf_critical_section_enter
                0x100083bc        0x8 core/libcore.a(reactor.c.obj)
                0x100083bc                lf_critical_section_enter
 .text.lf_critical_section_exit
                0x100083c4        0x8 core/libcore.a(reactor.c.obj)
                0x100083c4                lf_critical_section_exit
 .text.vector_at
                0x100083cc       0x4c core/libcore.a(vector.c.obj)
                0x100083cc                vector_at
 .text.vector_size
                0x10008418        0x8 core/libcore.a(vector.c.obj)
                0x10008418                vector_size
 .text.percolate_down
                0x10008420       0xd0 core/libcore.a(pqueue.c.obj)
 .text.bubble_up.isra.0
                0x100084f0       0xa4 core/libcore.a(pqueue.c.obj)
 .text.find_equal_same_priority
                0x10008594       0xb0 core/libcore.a(pqueue.c.obj)
                0x10008594                find_equal_same_priority
 .text.pqueue_init
                0x10008644       0x54 core/libcore.a(pqueue.c.obj)
                0x10008644                pqueue_init
 .text.pqueue_free
                0x10008698       0x14 core/libcore.a(pqueue.c.obj)
                0x10008698                pqueue_free
 .text.pqueue_size
                0x100086ac       0x10 core/libcore.a(pqueue.c.obj)
                0x100086ac                pqueue_size
 .text.pqueue_find_equal_same_priority
                0x100086bc        0xc core/libcore.a(pqueue.c.obj)
                0x100086bc                pqueue_find_equal_same_priority
 .text.pqueue_insert
                0x100086c8       0x44 core/libcore.a(pqueue.c.obj)
                0x100086c8                pqueue_insert
 .text.pqueue_pop
                0x1000870c       0x28 core/libcore.a(pqueue.c.obj)
                0x1000870c                pqueue_pop
 .text.pqueue_peek
                0x10008734       0x14 core/libcore.a(pqueue.c.obj)
                0x10008734                pqueue_peek
 .text.in_reverse_order
                0x10008748       0x18 core/libcore.a(pqueue.c.obj)
                0x10008748                in_reverse_order
 .text.in_no_particular_order
                0x10008760        0x4 core/libcore.a(pqueue.c.obj)
                0x10008760                in_no_particular_order
 .text.event_matches
                0x10008764        0xc core/libcore.a(pqueue.c.obj)
                0x10008764                event_matches
 .text.reaction_matches
                0x10008770        0x8 core/libcore.a(pqueue.c.obj)
                0x10008770                reaction_matches
 .text.get_event_time
                0x10008778        0x8 core/libcore.a(pqueue.c.obj)
                0x10008778                get_event_time
 .text.get_reaction_index
                0x10008780        0x8 core/libcore.a(pqueue.c.obj)
                0x10008780                get_reaction_index
 .text.get_event_position
                0x10008788        0x4 core/libcore.a(pqueue.c.obj)
                0x10008788                get_event_position
 .text.get_reaction_position
                0x1000878c        0x4 core/libcore.a(pqueue.c.obj)
                0x1000878c                get_reaction_position
 .text.set_event_position
                0x10008790        0x4 core/libcore.a(pqueue.c.obj)
                0x10008790                set_event_position
 .text.set_reaction_position
                0x10008794        0x4 core/libcore.a(pqueue.c.obj)
                0x10008794                set_reaction_position
 .text.print_reaction
                0x10008798        0x4 core/libcore.a(pqueue.c.obj)
                0x10008798                print_reaction
 .text.print_event
                0x1000879c        0x4 core/libcore.a(pqueue.c.obj)
                0x1000879c                print_event
 .text._lf_message_print
                0x100087a0       0xc0 core/libcore.a(util.c.obj)
                0x100087a0                _lf_message_print
 .text.lf_print
                0x10008860       0x88 core/libcore.a(util.c.obj)
                0x10008860                lf_print
 .text.lf_print_error
                0x100088e8       0x88 core/libcore.a(util.c.obj)
                0x100088e8                lf_print_error
 .text.lf_print_warning
                0x10008970       0x88 core/libcore.a(util.c.obj)
                0x10008970                lf_print_warning
 .text.lf_print_error_and_exit
                0x100089f8       0x24 core/libcore.a(util.c.obj)
                0x100089f8                lf_print_error_and_exit
 .text.lf_assert
                0x10008a1c       0x2c core/libcore.a(util.c.obj)
                0x10008a1c                lf_assert
 .text.hashset_num_items
                0x10008a48        0x4 core/libcore.a(hashset.c.obj)
                0x10008a48                hashset_num_items
 .text.hashset_destroy
                0x10008a4c       0x18 core/libcore.a(hashset.c.obj)
                0x10008a4c                hashset_destroy
 .text.hashset_create
                0x10008a64       0x40 core/libcore.a(hashset.c.obj)
                0x10008a64                hashset_create
 .text.hashset_add
                0x10008aa4      0x17c core/libcore.a(hashset.c.obj)
                0x10008aa4                hashset_add
 .text.hashset_iterator
                0x10008c20       0x1c core/libcore.a(hashset_itr.c.obj)
                0x10008c20                hashset_iterator
 .text.hashset_iterator_next
                0x10008c3c       0x38 core/libcore.a(hashset_itr.c.obj)
                0x10008c3c                hashset_iterator_next
 .text.hashset_iterator_value
                0x10008c74        0xc core/libcore.a(hashset_itr.c.obj)
                0x10008c74                hashset_iterator_value
 .text._lf_initialize_clock
                0x10008c80       0x20 core/libcore.a(lf_rp2040_support.c.obj)
                0x10008c80                _lf_initialize_clock
 .text._lf_clock_now
                0x10008ca0       0x24 core/libcore.a(lf_rp2040_support.c.obj)
                0x10008ca0                _lf_clock_now
 .text._lf_interruptable_sleep_until_locked
                0x10008cc4       0x48 core/libcore.a(lf_rp2040_support.c.obj)
                0x10008cc4                _lf_interruptable_sleep_until_locked
 .text.lf_disable_interrupts_nested
                0x10008d0c       0x3c core/libcore.a(lf_rp2040_support.c.obj)
                0x10008d0c                lf_disable_interrupts_nested
 .text.lf_enable_interrupts_nested
                0x10008d48       0x38 core/libcore.a(lf_rp2040_support.c.obj)
                0x10008d48                lf_enable_interrupts_nested
 .text          0x10008d80       0x10 /usr/lib/gcc/arm-none-eabi/12.2.1/../../../arm-none-eabi/lib/thumb/v6-m/nofp/libc.a(lib_a-atexit.o)
                0x10008d80                atexit
 .text          0x10008d90       0x18 /usr/lib/gcc/arm-none-eabi/12.2.1/../../../arm-none-eabi/lib/thumb/v6-m/nofp/libc.a(lib_a-atoi.o)
                0x10008d90                atoi
                0x10008d9c                _atoi_r
 .text          0x10008da8       0x18 /usr/lib/gcc/arm-none-eabi/12.2.1/../../../arm-none-eabi/lib/thumb/v6-m/nofp/libc.a(lib_a-atoll.o)
                0x10008da8                atoll
                0x10008db4                _atoll_r
 .text          0x10008dc0       0x18 /usr/lib/gcc/arm-none-eabi/12.2.1/../../../arm-none-eabi/lib/thumb/v6-m/nofp/libc.a(lib_a-calloc.o)
                0x10008dc0                calloc
 .text          0x10008dd8       0x5c /usr/lib/gcc/arm-none-eabi/12.2.1/../../../arm-none-eabi/lib/thumb/v6-m/nofp/libc.a(lib_a-callocr.o)
                0x10008dd8                _calloc_r
 .text          0x10008e34       0x28 /usr/lib/gcc/arm-none-eabi/12.2.1/../../../arm-none-eabi/lib/thumb/v6-m/nofp/libc.a(lib_a-malloc.o)
                0x10008e34                malloc
                0x10008e48                free
 .text          0x10008e5c      0x574 /usr/lib/gcc/arm-none-eabi/12.2.1/../../../arm-none-eabi/lib/thumb/v6-m/nofp/libc.a(lib_a-mallocr.o)
                0x10008e5c                _malloc_r
 .text          0x100093d0        0x8 /usr/lib/gcc/arm-none-eabi/12.2.1/../../../arm-none-eabi/lib/thumb/v6-m/nofp/libc.a(lib_a-mlock.o)
                0x100093d0                __malloc_lock
                0x100093d4                __malloc_unlock
 .text          0x100093d8       0x18 /usr/lib/gcc/arm-none-eabi/12.2.1/../../../arm-none-eabi/lib/thumb/v6-m/nofp/libc.a(lib_a-realloc.o)
                0x100093d8                realloc
 .text          0x100093f0      0x354 /usr/lib/gcc/arm-none-eabi/12.2.1/../../../arm-none-eabi/lib/thumb/v6-m/nofp/libc.a(lib_a-reallocr.o)
                0x100093f0                _realloc_r
 .text          0x10009744       0x24 /usr/lib/gcc/arm-none-eabi/12.2.1/../../../arm-none-eabi/lib/thumb/v6-m/nofp/libc.a(lib_a-sbrkr.o)
                0x10009744                _sbrk_r
 .text          0x10009768       0x88 /usr/lib/gcc/arm-none-eabi/12.2.1/../../../arm-none-eabi/lib/thumb/v6-m/nofp/libc.a(lib_a-strcmp.o)
                0x10009768                strcmp
 .text          0x100097f0       0x5c /usr/lib/gcc/arm-none-eabi/12.2.1/../../../arm-none-eabi/lib/thumb/v6-m/nofp/libc.a(lib_a-strlen-stub.o)
                0x100097f0                strlen
 .text          0x1000984c       0x74 /usr/lib/gcc/arm-none-eabi/12.2.1/../../../arm-none-eabi/lib/thumb/v6-m/nofp/libc.a(lib_a-strncmp.o)
                0x1000984c                strncmp
 .text          0x100098c0      0x1b8 /usr/lib/gcc/arm-none-eabi/12.2.1/../../../arm-none-eabi/lib/thumb/v6-m/nofp/libc.a(lib_a-strtol.o)
                0x10009a04                _strtol_r
                0x10009a20                strtol_l
                0x10009a4c                strtol
 .text          0x10009a78      0x1d0 /usr/lib/gcc/arm-none-eabi/12.2.1/../../../arm-none-eabi/lib/thumb/v6-m/nofp/libc.a(lib_a-strtoll.o)
                0x10009c10                _strtoll_r
                0x10009c18                strtoll_l
                0x10009c30                strtoll
 .text          0x10009c48     0x16e4 /usr/lib/gcc/arm-none-eabi/12.2.1/../../../arm-none-eabi/lib/thumb/v6-m/nofp/libc.a(lib_a-vfprintf.o)
                0x10009c48                _vfprintf_r
                0x1000b2a0                vfprintf
 .text          0x1000b32c       0xdc /usr/lib/gcc/arm-none-eabi/12.2.1/../../../arm-none-eabi/lib/thumb/v6-m/nofp/libc.a(lib_a-wsetup.o)
                0x1000b32c                __swsetup_r
 .text          0x1000b408       0x88 /usr/lib/gcc/arm-none-eabi/12.2.1/../../../arm-none-eabi/lib/thumb/v6-m/nofp/libc.a(lib_a-__atexit.o)
                0x1000b408                __register_exitproc
 .text          0x1000b490     0x1104 /usr/lib/gcc/arm-none-eabi/12.2.1/../../../arm-none-eabi/lib/thumb/v6-m/nofp/libc.a(lib_a-dtoa.o)
                0x1000b5d8                _dtoa_r
 .text          0x1000c594        0xc /usr/lib/gcc/arm-none-eabi/12.2.1/../../../arm-none-eabi/lib/thumb/v6-m/nofp/libc.a(lib_a-errno.o)
                0x1000c594                __errno
 .text          0x1000c5a0      0x1c0 /usr/lib/gcc/arm-none-eabi/12.2.1/../../../arm-none-eabi/lib/thumb/v6-m/nofp/libc.a(lib_a-fflush.o)
                0x1000c5a0                __sflush_r
                0x1000c6e0                _fflush_r
                0x1000c70c                fflush
 .text          0x1000c760      0x248 /usr/lib/gcc/arm-none-eabi/12.2.1/../../../arm-none-eabi/lib/thumb/v6-m/nofp/libc.a(lib_a-findfp.o)
                0x1000c764                _cleanup_r
                0x1000c860                __sfmoreglue
                0x1000c890                __sfp
                0x1000c940                _cleanup
                0x1000c958                __sinit
                0x1000c968                __sfp_lock_acquire
                0x1000c96c                __sfp_lock_release
                0x1000c970                __sinit_lock_acquire
                0x1000c974                __sinit_lock_release
                0x1000c978                __fp_lock_all
                0x1000c990                __fp_unlock_all
 .text          0x1000c9a8      0x260 /usr/lib/gcc/arm-none-eabi/12.2.1/../../../arm-none-eabi/lib/thumb/v6-m/nofp/libc.a(lib_a-freer.o)
                0x1000c9a8                _malloc_trim_r
                0x1000ca44                _free_r
 .text          0x1000cc08       0x88 /usr/lib/gcc/arm-none-eabi/12.2.1/../../../arm-none-eabi/lib/thumb/v6-m/nofp/libc.a(lib_a-fwalk.o)
                0x1000cc08                _fwalk
                0x1000cc48                _fwalk_reent
 .text          0x1000cc90       0x14 /usr/lib/gcc/arm-none-eabi/12.2.1/../../../arm-none-eabi/lib/thumb/v6-m/nofp/libc.a(lib_a-localeconv.o)
                0x1000cc90                __localeconv_l
                0x1000cc94                _localeconv_r
                0x1000cc9c                localeconv
 .text          0x1000cca4      0x144 /usr/lib/gcc/arm-none-eabi/12.2.1/../../../arm-none-eabi/lib/thumb/v6-m/nofp/libc.a(lib_a-makebuf.o)
                0x1000cca4                __smakebuf_r
                0x1000cd88                __swhatbuf_r
 .text          0x1000cde8      0xafc /usr/lib/gcc/arm-none-eabi/12.2.1/../../../arm-none-eabi/lib/thumb/v6-m/nofp/libc.a(lib_a-mprec.o)
                0x1000cde8                _Balloc
                0x1000ce38                _Bfree
                0x1000ce4c                __multadd
                0x1000cef4                __s2b
                0x1000cfa4                __hi0bits
                0x1000cfdc                __lo0bits
                0x1000d038                __i2b
                0x1000d098                __multiply
                0x1000d23c                __pow5mult
                0x1000d314                __lshift
                0x1000d410                __mcmp
                0x1000d444                __mdiff
                0x1000d5d0                __ulp
                0x1000d618                __b2d
                0x1000d6e0                __d2b
                0x1000d7b8                __ratio
                0x1000d820                _mprec_log10
                0x1000d854                __copybits
                0x1000d894                __any_on
 .text          0x1000d8e4       0xa4 /usr/lib/gcc/arm-none-eabi/12.2.1/../../../arm-none-eabi/lib/thumb/v6-m/nofp/libc.a(lib_a-stdio.o)
                0x1000d8e4                __sread
                0x1000d90c                __seofread
                0x1000d910                __swrite
                0x1000d950                __sseek
                0x1000d97c                __sclose
 .text          0x1000d988      0xdd8 /usr/lib/gcc/arm-none-eabi/12.2.1/../../../arm-none-eabi/lib/thumb/v6-m/nofp/libc.a(lib_a-vfiprintf.o)
                0x1000da10                __sprint_r
                0x1000da24                _vfiprintf_r
                0x1000e6d4                vfiprintf
 .text          0x1000e760       0x28 /usr/lib/gcc/arm-none-eabi/12.2.1/../../../arm-none-eabi/lib/thumb/v6-m/nofp/libc.a(lib_a-writer.o)
                0x1000e760                _write_r
 .text          0x1000e788       0x24 /usr/lib/gcc/arm-none-eabi/12.2.1/../../../arm-none-eabi/lib/thumb/v6-m/nofp/libc.a(lib_a-closer.o)
                0x1000e788                _close_r
 .text          0x1000e7ac       0xe8 /usr/lib/gcc/arm-none-eabi/12.2.1/../../../arm-none-eabi/lib/thumb/v6-m/nofp/libc.a(lib_a-fclose.o)
                0x1000e81c                _fclose_r
                0x1000e854                fclose
 .text          0x1000e894       0xfc /usr/lib/gcc/arm-none-eabi/12.2.1/../../../arm-none-eabi/lib/thumb/v6-m/nofp/libc.a(lib_a-fputwc.o)
                0x1000e894                __fputwc
                0x1000e92c                _fputwc_r
                0x1000e94c                fputwc
 .text          0x1000e990       0x28 /usr/lib/gcc/arm-none-eabi/12.2.1/../../../arm-none-eabi/lib/thumb/v6-m/nofp/libc.a(lib_a-fstatr.o)
                0x1000e990                _fstat_r
 .text          0x1000e9b8      0x2f4 /usr/lib/gcc/arm-none-eabi/12.2.1/../../../arm-none-eabi/lib/thumb/v6-m/nofp/libc.a(lib_a-fvwrite.o)
                0x1000e9b8                __sfvwrite_r
 .text          0x1000ecac       0x24 /usr/lib/gcc/arm-none-eabi/12.2.1/../../../arm-none-eabi/lib/thumb/v6-m/nofp/libc.a(lib_a-isattyr.o)
                0x1000ecac                _isatty_r
 .text          0x1000ecd0       0x98 /usr/lib/gcc/arm-none-eabi/12.2.1/../../../arm-none-eabi/lib/thumb/v6-m/nofp/libc.a(lib_a-locale.o)
                0x1000ecd0                _setlocale_r
                0x1000ed14                __locale_mb_cur_max
                0x1000ed24                setlocale
 .text          0x1000ed68       0x28 /usr/lib/gcc/arm-none-eabi/12.2.1/../../../arm-none-eabi/lib/thumb/v6-m/nofp/libc.a(lib_a-lseekr.o)
                0x1000ed68                _lseek_r
 .text          0x1000ed90       0x44 /usr/lib/gcc/arm-none-eabi/12.2.1/../../../arm-none-eabi/lib/thumb/v6-m/nofp/libc.a(lib_a-mbtowc_r.o)
                0x1000ed90                _mbtowc_r
                0x1000eda8                __ascii_mbtowc
 .text          0x1000edd4       0x28 /usr/lib/gcc/arm-none-eabi/12.2.1/../../../arm-none-eabi/lib/thumb/v6-m/nofp/libc.a(lib_a-readr.o)
                0x1000edd4                _read_r
 .text          0x1000edfc       0xe0 /usr/lib/gcc/arm-none-eabi/12.2.1/../../../arm-none-eabi/lib/thumb/v6-m/nofp/libc.a(lib_a-wbuf.o)
                0x1000edfc                __swbuf_r
                0x1000eec4                __swbuf
 .text          0x1000eedc       0x84 /usr/lib/gcc/arm-none-eabi/12.2.1/../../../arm-none-eabi/lib/thumb/v6-m/nofp/libc.a(lib_a-wcrtomb.o)
                0x1000eedc                _wcrtomb_r
                0x1000ef1c                wcrtomb
 .text          0x1000ef60       0x2c /usr/lib/gcc/arm-none-eabi/12.2.1/../../../arm-none-eabi/lib/thumb/v6-m/nofp/libc.a(lib_a-wctomb_r.o)
                0x1000ef60                _wctomb_r
                0x1000ef70                __ascii_wctomb
 *(.fini)
 .fini          0x1000ef8c        0x4 /usr/lib/gcc/arm-none-eabi/12.2.1/thumb/v6-m/nofp/crti.o
                0x1000ef8c                _fini
 .fini.__stub   0x1000ef90      0x120 linker stubs
 *crtbegin.o(.ctors)
 *crtbegin?.o(.ctors)
 *(EXCLUDE_FILE(*crtend.o *crtend?.o) .ctors)
 *(SORT_BY_NAME(.ctors.*))
 *(.ctors)
 *crtbegin.o(.dtors)
 *crtbegin?.o(.dtors)
 *(EXCLUDE_FILE(*crtend.o *crtend?.o) .dtors)
 *(SORT_BY_NAME(.dtors.*))
 *(.dtors)
 *(.eh_frame*)
 .eh_frame      0x1000f0b0        0x0 /usr/lib/gcc/arm-none-eabi/12.2.1/thumb/v6-m/nofp/crtbegin.o
                0x1000f0b0                        . = ALIGN (0x4)

.glue_7         0x1000f0b0        0x0
 .glue_7        0x1000f0b0        0x0 linker stubs

.glue_7t        0x1000f0b0        0x0
 .glue_7t       0x1000f0b0        0x0 linker stubs

.vfp11_veneer   0x1000f0b0        0x0
 .vfp11_veneer  0x1000f0b0        0x0 linker stubs

.v4_bx          0x1000f0b0        0x0
 .v4_bx         0x1000f0b0        0x0 linker stubs

.iplt           0x1000f0b0        0x0
 .iplt          0x1000f0b0        0x0 /usr/lib/gcc/arm-none-eabi/12.2.1/thumb/v6-m/nofp/crtbegin.o

.rodata         0x1000f0b0     0x147c
 *(EXCLUDE_FILE(*libm.a: *libc.a:*lib_a-mem*.o *libgcc.a:) .rodata*)
 .rodata.new__circularslave_main.str1.4
                0x1000f0b0        0x2 CMakeFiles/CircularSlave.dir/_circularslave_main.c.obj
 *fill*         0x1000f0b2        0x2 
 .rodata.str1.4
                0x1000f0b4       0x11 CMakeFiles/CircularSlave.dir/CircularSlave.c.obj
 *fill*         0x1000f0c5        0x3 
 .rodata.spin_lock_claim_unused.str1.4
                0x1000f0c8       0x1b CMakeFiles/CircularSlave.dir/home/ee149/pico/pico-sdk/src/rp2_common/hardware_sync/sync.c.obj
 *fill*         0x1000f0e3        0x1 
 .rodata.user_irq_claim_unused.str1.4
                0x1000f0e4       0x1b CMakeFiles/CircularSlave.dir/home/ee149/pico/pico-sdk/src/rp2_common/hardware_irq/irq.c.obj
 *fill*         0x1000f0ff        0x1 
 .rodata.at_the_end_of_time
                0x1000f100        0x8 CMakeFiles/CircularSlave.dir/home/ee149/pico/pico-sdk/src/common/pico_time/time.c.obj
                0x1000f100                at_the_end_of_time
 .rodata.hardware_alarm_claim.str1.4
                0x1000f108       0x22 CMakeFiles/CircularSlave.dir/home/ee149/pico/pico-sdk/src/rp2_common/hardware_timer/timer.c.obj
 *fill*         0x1000f12a        0x2 
 .rodata.__assert_func.str1.4
                0x1000f12c       0x3f CMakeFiles/CircularSlave.dir/home/ee149/pico/pico-sdk/src/rp2_common/pico_runtime/runtime.c.obj
                                 0x43 (size before relaxing)
 *fill*         0x1000f16b        0x1 
 .rodata.panic.str1.4
                0x1000f16c       0x10 CMakeFiles/CircularSlave.dir/home/ee149/pico/pico-sdk/src/rp2_common/pico_runtime/runtime.c.obj
                                 0x12 (size before relaxing)
 .rodata.hard_assertion_failure.str1.4
                0x1000f17c        0xc CMakeFiles/CircularSlave.dir/home/ee149/pico/pico-sdk/src/rp2_common/pico_runtime/runtime.c.obj
 .rodata._ftoa.str1.4
                0x1000f188       0x15 CMakeFiles/CircularSlave.dir/home/ee149/pico/pico-sdk/src/rp2_common/pico_printf/printf.c.obj
 *fill*         0x1000f19d        0x3 
 .rodata._vsnprintf
                0x1000f1a0      0x19c CMakeFiles/CircularSlave.dir/home/ee149/pico/pico-sdk/src/rp2_common/pico_printf/printf.c.obj
 *fill*         0x1000f33c        0x4 
 .rodata.pow10.0
                0x1000f340       0x50 CMakeFiles/CircularSlave.dir/home/ee149/pico/pico-sdk/src/rp2_common/pico_printf/printf.c.obj
 .rodata.missing_double_func_shim.str1.4
                0x1000f390       0x18 CMakeFiles/CircularSlave.dir/home/ee149/pico/pico-sdk/src/rp2_common/pico_double/double_init_rom.c.obj
 .rodata.missing_float_func_shim.str1.4
                0x1000f3a8        0x1 CMakeFiles/CircularSlave.dir/home/ee149/pico/pico-sdk/src/rp2_common/pico_float/float_init_rom.c.obj
 .rodata.__wrap_malloc.str1.4
                0x1000f3a8        0xe CMakeFiles/CircularSlave.dir/home/ee149/pico/pico-sdk/src/rp2_common/pico_malloc/pico_malloc.c.obj
 *fill*         0x1000f3b6        0x2 
 .rodata.str1.4
                0x1000f3b8       0x54 CMakeFiles/CircularSlave.dir/home/ee149/pico/pico-sdk/src/rp2_common/pico_standard_link/binary_info.c.obj
 .rodata.__bi_81
                0x1000f40c        0xc CMakeFiles/CircularSlave.dir/home/ee149/pico/pico-sdk/src/rp2_common/pico_standard_link/binary_info.c.obj
 .rodata.__bi_75
                0x1000f418        0xc CMakeFiles/CircularSlave.dir/home/ee149/pico/pico-sdk/src/rp2_common/pico_standard_link/binary_info.c.obj
 .rodata.__bi_44
                0x1000f424        0xc CMakeFiles/CircularSlave.dir/home/ee149/pico/pico-sdk/src/rp2_common/pico_standard_link/binary_info.c.obj
 .rodata.crlf_str.0
                0x1000f430        0x2 CMakeFiles/CircularSlave.dir/home/ee149/pico/pico-sdk/src/rp2_common/pico_stdio/stdio.c.obj
 *fill*         0x1000f432        0x2 
 .rodata._resetd_driver
                0x1000f434       0x18 CMakeFiles/CircularSlave.dir/home/ee149/pico/pico-sdk/src/rp2_common/pico_stdio_usb/reset_interface.c.obj
 .rodata.str1.4
                0x1000f44c       0x13 CMakeFiles/CircularSlave.dir/home/ee149/pico/pico-sdk/src/rp2_common/pico_stdio_usb/stdio_usb.c.obj
 *fill*         0x1000f45f        0x1 
 .rodata.__bi_182.0
                0x1000f460        0xc CMakeFiles/CircularSlave.dir/home/ee149/pico/pico-sdk/src/rp2_common/pico_stdio_usb/stdio_usb.c.obj
 .rodata.str1.4
                0x1000f46c       0x2a CMakeFiles/CircularSlave.dir/home/ee149/pico/pico-sdk/src/rp2_common/pico_stdio_usb/stdio_usb_descriptors.c.obj
 *fill*         0x1000f496        0x2 
 .rodata.usbd_desc_str
                0x1000f498       0x18 CMakeFiles/CircularSlave.dir/home/ee149/pico/pico-sdk/src/rp2_common/pico_stdio_usb/stdio_usb_descriptors.c.obj
 .rodata.usbd_desc_cfg
                0x1000f4b0       0x54 CMakeFiles/CircularSlave.dir/home/ee149/pico/pico-sdk/src/rp2_common/pico_stdio_usb/stdio_usb_descriptors.c.obj
 .rodata.usbd_desc_device
                0x1000f504       0x12 CMakeFiles/CircularSlave.dir/home/ee149/pico/pico-sdk/src/rp2_common/pico_stdio_usb/stdio_usb_descriptors.c.obj
 *fill*         0x1000f516        0x2 
 .rodata.str1.4
                0x1000f518       0x14 CMakeFiles/CircularSlave.dir/home/ee149/pico/pico-sdk/lib/tinyusb/src/portable/raspberrypi/rp2040/dcd_rp2040.c.obj
 .rodata.str1.4
                0x1000f52c       0x50 CMakeFiles/CircularSlave.dir/home/ee149/pico/pico-sdk/lib/tinyusb/src/portable/raspberrypi/rp2040/rp2040_usb.c.obj
                                 0x53 (size before relaxing)
 .rodata.tud_task_ext
                0x1000f57c       0x8c CMakeFiles/CircularSlave.dir/home/ee149/pico/pico-sdk/lib/tinyusb/src/device/usbd.c.obj
 .rodata._usbd_driver
                0x1000f608       0x18 CMakeFiles/CircularSlave.dir/home/ee149/pico/pico-sdk/lib/tinyusb/src/device/usbd.c.obj
 .rodata._lf_physical_time.str1.4
                0x1000f620       0x23 core/libcore.a(tag.c.obj)
 *fill*         0x1000f643        0x1 
 .rodata.lf_comma_separated_time.str1.4
                0x1000f644       0x14 core/libcore.a(tag.c.obj)
                                 0x18 (size before relaxing)
 .rodata._lf_allocate.str1.4
                0x1000f658        0xf core/libcore.a(reactor_common.c.obj)
 *fill*         0x1000f667        0x1 
 .rodata._lf_schedule.str1.4
                0x1000f668       0x6f core/libcore.a(reactor_common.c.obj)
 *fill*         0x1000f6d7        0x1 
 .rodata._lf_advance_logical_time.str1.4
                0x1000f6d8       0x40 core/libcore.a(reactor_common.c.obj)
 .rodata.usage.str1.4
                0x1000f718      0x248 core/libcore.a(reactor_common.c.obj)
                                0x24a (size before relaxing)
 .rodata.process_args.str1.4
                0x1000f960      0x1bb core/libcore.a(reactor_common.c.obj)
                                0x1c3 (size before relaxing)
 *fill*         0x1000fb1b        0x1 
 .rodata.termination.str1.4
                0x1000fb1c      0x1ce core/libcore.a(reactor_common.c.obj)
 *fill*         0x1000fcea        0x2 
 .rodata._lf_free_token.part.0.str1.4
                0x1000fcec       0xbd core/libcore.a(lf_token.c.obj)
 *fill*         0x1000fda9        0x3 
 .rodata._lf_get_token.str1.4
                0x1000fdac       0x32 core/libcore.a(lf_token.c.obj)
 .rodata.environment_init.str1.4
                0x1000fdde        0xe core/libcore.a(environment.c.obj)
 *fill*         0x1000fdde        0x2 
 .rodata        0x1000fde0       0x10 core/libcore.a(environment.c.obj)
 .rodata._lf_trigger_reaction.str1.4
                0x1000fdf0       0x2a core/libcore.a(reactor.c.obj)
 .rodata.next.str1.4
                0x1000fe1a       0x45 core/libcore.a(reactor.c.obj)
 *fill*         0x1000fe1a        0x2 
 .rodata.lf_reactor_c_main.str1.4
                0x1000fe1c       0x72 core/libcore.a(reactor.c.obj)
 *fill*         0x1000fe8e        0x2 
 .rodata        0x1000fe90       0x10 core/libcore.a(reactor.c.obj)
 .rodata.find_equal_same_priority.str1.4
                0x1000fea0       0x3d core/libcore.a(pqueue.c.obj)
 *fill*         0x1000fedd        0x3 
 .rodata._lf_message_print.str1.4
                0x1000fee0       0x1b core/libcore.a(util.c.obj)
 .rodata.lf_print.str1.4
                0x1000fefb        0x1 core/libcore.a(util.c.obj)
 *fill*         0x1000fefb        0x1 
 .rodata.lf_print_error.str1.4
                0x1000fefc        0x8 core/libcore.a(util.c.obj)
 .rodata.lf_print_warning.str1.4
                0x1000ff04        0xa core/libcore.a(util.c.obj)
 *fill*         0x1000ff0e        0x2 
 .rodata.lf_print_error_and_exit.str1.4
                0x1000ff10        0xe core/libcore.a(util.c.obj)
 *fill*         0x1000ff1e        0x2 
 .rodata        0x1000ff20        0x4 /usr/lib/gcc/arm-none-eabi/12.2.1/../../../arm-none-eabi/lib/thumb/v6-m/nofp/libc.a(lib_a-impure.o)
                0x1000ff20                _global_impure_ptr
 .rodata.str1.4
                0x1000ff24       0x3b /usr/lib/gcc/arm-none-eabi/12.2.1/../../../arm-none-eabi/lib/thumb/v6-m/nofp/libc.a(lib_a-vfprintf.o)
                                 0x42 (size before relaxing)
 *fill*         0x1000ff5f        0x1 
 .rodata        0x1000ff60      0x184 /usr/lib/gcc/arm-none-eabi/12.2.1/../../../arm-none-eabi/lib/thumb/v6-m/nofp/libc.a(lib_a-vfprintf.o)
 .rodata        0x100100e4      0x101 /usr/lib/gcc/arm-none-eabi/12.2.1/../../../arm-none-eabi/lib/thumb/v6-m/nofp/libc.a(lib_a-ctype_.o)
                0x100100e4                _ctype_
 *fill*         0x100101e5        0x3 
 .rodata.str1.4
                0x100101e8       0x56 /usr/lib/gcc/arm-none-eabi/12.2.1/../../../arm-none-eabi/lib/thumb/v6-m/nofp/libc.a(lib_a-dtoa.o)
                                 0x5a (size before relaxing)
 *fill*         0x1001023e        0x2 
 .rodata.str1.4
                0x10010240       0x33 /usr/lib/gcc/arm-none-eabi/12.2.1/../../../arm-none-eabi/lib/thumb/v6-m/nofp/libc.a(lib_a-mprec.o)
                                 0x47 (size before relaxing)
 *fill*         0x10010273        0x5 
 .rodata        0x10010278      0x128 /usr/lib/gcc/arm-none-eabi/12.2.1/../../../arm-none-eabi/lib/thumb/v6-m/nofp/libc.a(lib_a-mprec.o)
                0x10010288                __mprec_tinytens
                0x100102b0                __mprec_bigtens
                0x100102d8                __mprec_tens
 .rodata.str1.4
                0x100103a0       0x2f /usr/lib/gcc/arm-none-eabi/12.2.1/../../../arm-none-eabi/lib/thumb/v6-m/nofp/libc.a(lib_a-vfiprintf.o)
 .rodata        0x100103a0      0x184 /usr/lib/gcc/arm-none-eabi/12.2.1/../../../arm-none-eabi/lib/thumb/v6-m/nofp/libc.a(lib_a-vfiprintf.o)
 .rodata.str1.4
                0x10010524        0x6 /usr/lib/gcc/arm-none-eabi/12.2.1/../../../arm-none-eabi/lib/thumb/v6-m/nofp/libc.a(lib_a-locale.o)
                                 0x12 (size before relaxing)
                0x1001052c                        . = ALIGN (0x4)
 *fill*         0x1001052a        0x2 
 *(SORT_BY_ALIGNMENT(SORT_BY_NAME(.flashdata*)))
                0x1001052c                        . = ALIGN (0x4)

.ARM.extab
 *(.ARM.extab* .gnu.linkonce.armextab.*)
                0x1001052c                        __exidx_start = .

.ARM.exidx
 *(.ARM.exidx* .gnu.linkonce.armexidx.*)
                0x1001052c                        __exidx_end = .
                0x1001052c                        . = ALIGN (0x4)
                0x1001052c                        __binary_info_start = .

.binary_info    0x1001052c       0x20
 *(.binary_info.keep.*)
 .binary_info.keep.__bi_ptr81
                0x1001052c        0x4 CMakeFiles/CircularSlave.dir/home/ee149/pico/pico-sdk/src/rp2_common/pico_standard_link/binary_info.c.obj
 .binary_info.keep.__bi_ptr75
                0x10010530        0x4 CMakeFiles/CircularSlave.dir/home/ee149/pico/pico-sdk/src/rp2_common/pico_standard_link/binary_info.c.obj
 .binary_info.keep.__bi_ptr50
                0x10010534        0x4 CMakeFiles/CircularSlave.dir/home/ee149/pico/pico-sdk/src/rp2_common/pico_standard_link/binary_info.c.obj
 .binary_info.keep.__bi_ptr44
                0x10010538        0x4 CMakeFiles/CircularSlave.dir/home/ee149/pico/pico-sdk/src/rp2_common/pico_standard_link/binary_info.c.obj
 .binary_info.keep.__bi_ptr38
                0x1001053c        0x4 CMakeFiles/CircularSlave.dir/home/ee149/pico/pico-sdk/src/rp2_common/pico_standard_link/binary_info.c.obj
 .binary_info.keep.__bi_ptr30
                0x10010540        0x4 CMakeFiles/CircularSlave.dir/home/ee149/pico/pico-sdk/src/rp2_common/pico_standard_link/binary_info.c.obj
 .binary_info.keep.__bi_ptr22
                0x10010544        0x4 CMakeFiles/CircularSlave.dir/home/ee149/pico/pico-sdk/src/rp2_common/pico_standard_link/binary_info.c.obj
 *(.binary_info.*)
 .binary_info.__bi_ptr182
                0x10010548        0x4 CMakeFiles/CircularSlave.dir/home/ee149/pico/pico-sdk/src/rp2_common/pico_stdio_usb/stdio_usb.c.obj
                0x1001054c                        __binary_info_end = .

.rel.dyn        0x1001054c        0x0
 .rel.iplt      0x1001054c        0x0 /usr/lib/gcc/arm-none-eabi/12.2.1/thumb/v6-m/nofp/crtbegin.o
                0x1001054c                        . = ALIGN (0x4)

.ram_vector_table
                0x20000000       0xc0
 *(.ram_vector_table)
 .ram_vector_table
                0x20000000       0xc0 CMakeFiles/CircularSlave.dir/home/ee149/pico/pico-sdk/src/rp2_common/pico_runtime/runtime.c.obj
                0x20000000                ram_vector_table

.data           0x200000c0     0x1b04 load address 0x1001054c
                0x200000c0                        __data_start__ = .
 *(vtable)
 *(.time_critical*)
 .time_critical.sem_acquire_block_until
                0x200000c0       0x68 CMakeFiles/CircularSlave.dir/home/ee149/pico/pico-sdk/src/common/pico_sync/sem.c.obj
                0x200000c0                sem_acquire_block_until
 .time_critical.sem_reset
                0x20000128       0x40 CMakeFiles/CircularSlave.dir/home/ee149/pico/pico-sdk/src/common/pico_sync/sem.c.obj
                0x20000128                sem_reset
 .time_critical.mutex_enter_blocking
                0x20000168       0x48 CMakeFiles/CircularSlave.dir/home/ee149/pico/pico-sdk/src/common/pico_sync/mutex.c.obj
                0x20000168                mutex_enter_blocking
 .time_critical.mutex_try_enter
                0x200001b0       0x40 CMakeFiles/CircularSlave.dir/home/ee149/pico/pico-sdk/src/common/pico_sync/mutex.c.obj
                0x200001b0                mutex_try_enter
 .time_critical.mutex_try_enter_block_until
                0x200001f0       0x9c CMakeFiles/CircularSlave.dir/home/ee149/pico/pico-sdk/src/common/pico_sync/mutex.c.obj
                0x200001f0                mutex_try_enter_block_until
 .time_critical.mutex_enter_timeout_ms
                0x2000028c       0x90 CMakeFiles/CircularSlave.dir/home/ee149/pico/pico-sdk/src/common/pico_sync/mutex.c.obj
                0x2000028c                mutex_enter_timeout_ms
 .time_critical.mutex_exit
                0x2000031c       0x28 CMakeFiles/CircularSlave.dir/home/ee149/pico/pico-sdk/src/common/pico_sync/mutex.c.obj
                0x2000031c                mutex_exit
 .time_critical.flash_init_boot2_copyout
                0x20000344       0x30 CMakeFiles/CircularSlave.dir/home/ee149/pico/pico-sdk/src/rp2_common/hardware_flash/flash.c.obj
 .time_critical.flash_enable_xip_via_boot2
                0x20000374        0xc CMakeFiles/CircularSlave.dir/home/ee149/pico/pico-sdk/src/rp2_common/hardware_flash/flash.c.obj
 .time_critical.flash_cs_force
                0x20000380       0x38 CMakeFiles/CircularSlave.dir/home/ee149/pico/pico-sdk/src/rp2_common/hardware_flash/flash.c.obj
 .time_critical.flash_do_cmd
                0x200003b8       0xc0 CMakeFiles/CircularSlave.dir/home/ee149/pico/pico-sdk/src/rp2_common/hardware_flash/flash.c.obj
                0x200003b8                flash_do_cmd
 .time_critical.reset_non_control_endpoints
                0x20000478       0x68 CMakeFiles/CircularSlave.dir/home/ee149/pico/pico-sdk/lib/tinyusb/src/portable/raspberrypi/rp2040/dcd_rp2040.c.obj
 .time_critical.hw_handle_buff_status
                0x200004e0       0xac CMakeFiles/CircularSlave.dir/home/ee149/pico/pico-sdk/lib/tinyusb/src/portable/raspberrypi/rp2040/dcd_rp2040.c.obj
 .time_critical.dcd_rp2040_irq
                0x2000058c      0x510 CMakeFiles/CircularSlave.dir/home/ee149/pico/pico-sdk/lib/tinyusb/src/portable/raspberrypi/rp2040/dcd_rp2040.c.obj
 .time_critical.e15_is_bulkin_ep
                0x20000a9c       0x28 CMakeFiles/CircularSlave.dir/home/ee149/pico/pico-sdk/lib/tinyusb/src/portable/raspberrypi/rp2040/rp2040_usb.c.obj
 .time_critical.e15_is_critical_frame_period
                0x20000ac4       0x34 CMakeFiles/CircularSlave.dir/home/ee149/pico/pico-sdk/lib/tinyusb/src/portable/raspberrypi/rp2040/rp2040_usb.c.obj
 .time_critical.prepare_ep_buffer
                0x20000af8       0x6c CMakeFiles/CircularSlave.dir/home/ee149/pico/pico-sdk/lib/tinyusb/src/portable/raspberrypi/rp2040/rp2040_usb.c.obj
 .time_critical.sync_ep_buffer
                0x20000b64       0x48 CMakeFiles/CircularSlave.dir/home/ee149/pico/pico-sdk/lib/tinyusb/src/portable/raspberrypi/rp2040/rp2040_usb.c.obj
 .time_critical._hw_endpoint_xfer_sync
                0x20000bac       0x28 CMakeFiles/CircularSlave.dir/home/ee149/pico/pico-sdk/lib/tinyusb/src/portable/raspberrypi/rp2040/rp2040_usb.c.obj
 .time_critical.hw_endpoint_reset_transfer
                0x20000bd4        0xc CMakeFiles/CircularSlave.dir/home/ee149/pico/pico-sdk/lib/tinyusb/src/portable/raspberrypi/rp2040/rp2040_usb.c.obj
                0x20000bd4                hw_endpoint_reset_transfer
 .time_critical._hw_endpoint_buffer_control_update32
                0x20000be0       0x58 CMakeFiles/CircularSlave.dir/home/ee149/pico/pico-sdk/lib/tinyusb/src/portable/raspberrypi/rp2040/rp2040_usb.c.obj
                0x20000be0                _hw_endpoint_buffer_control_update32
 .time_critical.hw_endpoint_start_next_buffer
                0x20000c38       0x6c CMakeFiles/CircularSlave.dir/home/ee149/pico/pico-sdk/lib/tinyusb/src/portable/raspberrypi/rp2040/rp2040_usb.c.obj
                0x20000c38                hw_endpoint_start_next_buffer
 .time_critical.hw_endpoint_xfer_continue
                0x20000ca4       0x50 CMakeFiles/CircularSlave.dir/home/ee149/pico/pico-sdk/lib/tinyusb/src/portable/raspberrypi/rp2040/rp2040_usb.c.obj
                0x20000ca4                hw_endpoint_xfer_continue
 .time_critical.tinyusb
                0x20000cf4      0x170 CMakeFiles/CircularSlave.dir/home/ee149/pico/pico-sdk/lib/tinyusb/src/device/usbd.c.obj
                0x20000cf4                dcd_event_handler
 .time_critical.i2c_slave_irq_handler