Archive member included to satisfy reference by file (symbol)

core/libcore.a(tag.c.obj)     CMakeFiles/I2cMaster.dir/lib/schedule.c.obj (lf_time_logical)
core/libcore.a(reactor_common.c.obj)
                              CMakeFiles/I2cMaster.dir/_i2cmaster_main.c.obj (_lf_new_reactor)
core/libcore.a(lf_token.c.obj)
                              core/libcore.a(reactor_common.c.obj) (_lf_initialize_token_with_value)
core/libcore.a(environment.c.obj)
                              core/libcore.a(reactor_common.c.obj) (environment_free)
core/libcore.a(reactor.c.obj)
                              core/libcore.a(reactor_common.c.obj) (_lf_trigger_reaction)
core/libcore.a(vector.c.obj)  core/libcore.a(reactor_common.c.obj) (vector_at)
core/libcore.a(pqueue.c.obj)  core/libcore.a(environment.c.obj) (pqueue_init)
core/libcore.a(util.c.obj)    core/libcore.a(reactor_common.c.obj) (lf_print)
core/libcore.a(hashset.c.obj)
                              core/libcore.a(lf_token.c.obj) (hashset_num_items)
core/libcore.a(hashset_itr.c.obj)
                              core/libcore.a(lf_token.c.obj) (hashset_iterator)
core/libcore.a(lf_rp2040_support.c.obj)
                              core/libcore.a(reactor.c.obj) (_lf_initialize_clock)
/usr/lib/gcc/arm-none-eabi/10.3.1/thumb/v6-m/nofp/libgcc.a(_dvmd_tls.o)
                              CMakeFiles/I2cMaster.dir/home/foobar/pico-sdk/src/rp2_common/pico_divider/divider.S.obj (__aeabi_idiv0)
/usr/lib/gcc/arm-none-eabi/10.3.1/../../../arm-none-eabi/lib/thumb/v6-m/nofp/libc.a(lib_a-atexit.o)
                              /usr/lib/gcc/arm-none-eabi/10.3.1/../../../arm-none-eabi/lib/thumb/v6-m/nofp/crt0.o (atexit)
/usr/lib/gcc/arm-none-eabi/10.3.1/../../../arm-none-eabi/lib/thumb/v6-m/nofp/libc.a(lib_a-atoi.o)
                              core/libcore.a(reactor_common.c.obj) (atoi)
/usr/lib/gcc/arm-none-eabi/10.3.1/../../../arm-none-eabi/lib/thumb/v6-m/nofp/libc.a(lib_a-atoll.o)
                              core/libcore.a(reactor_common.c.obj) (atoll)
/usr/lib/gcc/arm-none-eabi/10.3.1/../../../arm-none-eabi/lib/thumb/v6-m/nofp/libc.a(lib_a-calloc.o)
                              CMakeFiles/I2cMaster.dir/home/foobar/pico-sdk/src/rp2_common/pico_malloc/pico_malloc.c.obj (calloc)
/usr/lib/gcc/arm-none-eabi/10.3.1/../../../arm-none-eabi/lib/thumb/v6-m/nofp/libc.a(lib_a-callocr.o)
                              /usr/lib/gcc/arm-none-eabi/10.3.1/../../../arm-none-eabi/lib/thumb/v6-m/nofp/libc.a(lib_a-calloc.o) (_calloc_r)
/usr/lib/gcc/arm-none-eabi/10.3.1/../../../arm-none-eabi/lib/thumb/v6-m/nofp/libc.a(lib_a-fini.o)
                              /usr/lib/gcc/arm-none-eabi/10.3.1/../../../arm-none-eabi/lib/thumb/v6-m/nofp/crt0.o (__libc_fini_array)
/usr/lib/gcc/arm-none-eabi/10.3.1/../../../arm-none-eabi/lib/thumb/v6-m/nofp/libc.a(lib_a-impure.o)
                              core/libcore.a(util.c.obj) (_impure_ptr)
/usr/lib/gcc/arm-none-eabi/10.3.1/../../../arm-none-eabi/lib/thumb/v6-m/nofp/libc.a(lib_a-init.o)
                              /usr/lib/gcc/arm-none-eabi/10.3.1/../../../arm-none-eabi/lib/thumb/v6-m/nofp/crt0.o (__libc_init_array)
/usr/lib/gcc/arm-none-eabi/10.3.1/../../../arm-none-eabi/lib/thumb/v6-m/nofp/libc.a(lib_a-malloc.o)
                              CMakeFiles/I2cMaster.dir/home/foobar/pico-sdk/src/rp2_common/pico_malloc/pico_malloc.c.obj (malloc)
/usr/lib/gcc/arm-none-eabi/10.3.1/../../../arm-none-eabi/lib/thumb/v6-m/nofp/libc.a(lib_a-mallocr.o)
                              /usr/lib/gcc/arm-none-eabi/10.3.1/../../../arm-none-eabi/lib/thumb/v6-m/nofp/libc.a(lib_a-callocr.o) (_malloc_r)
/usr/lib/gcc/arm-none-eabi/10.3.1/../../../arm-none-eabi/lib/thumb/v6-m/nofp/libc.a(lib_a-mlock.o)
                              /usr/lib/gcc/arm-none-eabi/10.3.1/../../../arm-none-eabi/lib/thumb/v6-m/nofp/libc.a(lib_a-mallocr.o) (__malloc_lock)
/usr/lib/gcc/arm-none-eabi/10.3.1/../../../arm-none-eabi/lib/thumb/v6-m/nofp/libc.a(lib_a-realloc.o)
                              CMakeFiles/I2cMaster.dir/home/foobar/pico-sdk/src/rp2_common/pico_malloc/pico_malloc.c.obj (realloc)
/usr/lib/gcc/arm-none-eabi/10.3.1/../../../arm-none-eabi/lib/thumb/v6-m/nofp/libc.a(lib_a-reallocr.o)
                              /usr/lib/gcc/arm-none-eabi/10.3.1/../../../arm-none-eabi/lib/thumb/v6-m/nofp/libc.a(lib_a-realloc.o) (_realloc_r)
/usr/lib/gcc/arm-none-eabi/10.3.1/../../../arm-none-eabi/lib/thumb/v6-m/nofp/libc.a(lib_a-sbrkr.o)
                              /usr/lib/gcc/arm-none-eabi/10.3.1/../../../arm-none-eabi/lib/thumb/v6-m/nofp/libc.a(lib_a-mallocr.o) (_sbrk_r)
/usr/lib/gcc/arm-none-eabi/10.3.1/../../../arm-none-eabi/lib/thumb/v6-m/nofp/libc.a(lib_a-strcmp.o)
                              core/libcore.a(reactor_common.c.obj) (strcmp)
/usr/lib/gcc/arm-none-eabi/10.3.1/../../../arm-none-eabi/lib/thumb/v6-m/nofp/libc.a(lib_a-strlen-stub.o)
                              CMakeFiles/I2cMaster.dir/home/foobar/pico-sdk/src/rp2_common/pico_stdio/stdio.c.obj (strlen)
[...]
Memory Configuration

Name             Origin             Length             Attributes
FLASH            0x0000000010000000 0x0000000000200000 xr
RAM              0x0000000020000000 0x0000000000040000 xrw
SCRATCH_X        0x0000000020040000 0x0000000000001000 xrw
SCRATCH_Y        0x0000000020041000 0x0000000000001000 xrw
*default*        0x0000000000000000 0xffffffffffffffff

Linker script and memory map

LOAD /usr/lib/gcc/arm-none-eabi/10.3.1/thumb/v6-m/nofp/crti.o
LOAD /usr/lib/gcc/arm-none-eabi/10.3.1/thumb/v6-m/nofp/crtbegin.o
LOAD /usr/lib/gcc/arm-none-eabi/10.3.1/../../../arm-none-eabi/lib/thumb/v6-m/nofp/crt0.o

.flash_begin    0x0000000010000000        0x0
                0x0000000010000000                __flash_binary_start = .

.boot2          0x0000000010000000      0x100
                0x0000000010000000                __boot2_start__ = .
 *(.boot2)
 .boot2         0x0000000010000000      0x100 /tmp/ccy6a54A.o
                0x0000000010000100                __boot2_end__ = .
                0x0000000000000001                ASSERT (((__boot2_end__ - __boot2_start__) == 0x100), ERROR: Pico second stage bootloader must be 256 bytes in size)

.text           0x0000000010000100     0xc868
                0x0000000010000100                __logical_binary_start = .
 *(.vectors)
 .vectors       0x0000000010000100       0xd4 CMakeFiles/I2cMaster.dir/home/foobar/pico-sdk/src/rp2_common/pico_standard_link/crt0.S.obj
                0x0000000010000100                __vectors
                0x0000000010000100                __VECTOR_TABLE
                0x00000000100001c0                isr_invalid
                0x00000000100001c0                __default_isrs_start
                0x00000000100001c2                isr_nmi
                0x00000000100001c4                isr_hardfault
                0x00000000100001c6                isr_svcall
                0x00000000100001c8                isr_pendsv
                0x00000000100001ca                isr_systick
                0x00000000100001cc                isr_irq30
                0x00000000100001cc                __unhandled_user_irq
                0x00000000100001cc                isr_irq13
                0x00000000100001cc                isr_irq27
                0x00000000100001cc                isr_irq31
                0x00000000100001cc                isr_irq5
                0x00000000100001cc                isr_irq11
                0x00000000100001cc                isr_irq23
                0x00000000100001cc                isr_irq18
                0x00000000100001cc                isr_irq28
                0x00000000100001cc                isr_irq19
                0x00000000100001cc                isr_irq0
                0x00000000100001cc                isr_irq6
                0x00000000100001cc                isr_irq22
                0x00000000100001cc                isr_irq17
                0x00000000100001cc                isr_irq14
                0x00000000100001cc                isr_irq2
                0x00000000100001cc                isr_irq10
                0x00000000100001cc                isr_irq8
                0x00000000100001cc                isr_irq24
                0x00000000100001cc                isr_irq1
                0x00000000100001cc                isr_irq7
                0x00000000100001cc                isr_irq21
                0x00000000100001cc                isr_irq20
                0x00000000100001cc                isr_irq15
                0x00000000100001cc                isr_irq25
                0x00000000100001cc                isr_irq4
                0x00000000100001cc                isr_irq16
                0x00000000100001cc                isr_irq29
                0x00000000100001cc                isr_irq26
                0x00000000100001cc                __default_isrs_end
                0x00000000100001cc                isr_irq3
                0x00000000100001cc                isr_irq12
                0x00000000100001cc                isr_irq9
                0x00000000100001d2                unhandled_user_irq_num_in_r0
 *(.binary_info_header)
 .binary_info_header
                0x00000000100001d4       0x14 CMakeFiles/I2cMaster.dir/home/foobar/pico-sdk/src/rp2_common/pico_standard_link/crt0.S.obj
                0x00000000100001e8                __binary_info_header_end = .
 *(.reset)
 .reset         0x00000000100001e8       0xa0 CMakeFiles/I2cMaster.dir/home/foobar/pico-sdk/src/rp2_common/pico_standard_link/crt0.S.obj
                0x00000000100001e8                _entry_point
 .reset         0x0000000010000288       0x30 CMakeFiles/I2cMaster.dir/home/foobar/pico-sdk/src/rp2_common/pico_standard_link/binary_info.c.obj
 *(.init)
 .init          0x00000000100002b8        0x4 /usr/lib/gcc/arm-none-eabi/10.3.1/thumb/v6-m/nofp/crti.o
                0x00000000100002b8                _init
 *(EXCLUDE_FILE(*libm.a: *libc.a:*lib_a-mem*.o *libgcc.a:) .text*)
 .text          0x00000000100002bc       0x98 /usr/lib/gcc/arm-none-eabi/10.3.1/thumb/v6-m/nofp/crtbegin.o
 .text._i2cmaster_mainreaction_function_0
                0x0000000010000354       0x38 CMakeFiles/I2cMaster.dir/_i2cmaster_main.c.obj
                0x0000000010000354                _i2cmaster_mainreaction_function_0
 .text._i2cmaster_mainreaction_function_1
                0x000000001000038c       0x24 CMakeFiles/I2cMaster.dir/_i2cmaster_main.c.obj
                0x000000001000038c                _i2cmaster_mainreaction_function_1
 .text.new__i2cmaster_main
                0x00000000100003b0       0x80 CMakeFiles/I2cMaster.dir/_i2cmaster_main.c.obj
                0x00000000100003b0                new__i2cmaster_main
 .text.startup.main
                0x0000000010000430        0xc CMakeFiles/I2cMaster.dir/I2cMaster.c.obj
                0x0000000010000430                main
 .text._lf_set_default_command_line_options
                0x000000001000043c        0x4 CMakeFiles/I2cMaster.dir/I2cMaster.c.obj
                0x000000001000043c                _lf_set_default_command_line_options
 .text._lf_create_environments
                0x0000000010000440       0x30 CMakeFiles/I2cMaster.dir/I2cMaster.c.obj
                0x0000000010000440                _lf_create_environments
 .text._lf_get_environments
                0x0000000010000470        0xc CMakeFiles/I2cMaster.dir/I2cMaster.c.obj
                0x0000000010000470                _lf_get_environments
 .text._lf_initialize_trigger_objects
                0x000000001000047c       0x84 CMakeFiles/I2cMaster.dir/I2cMaster.c.obj
                0x000000001000047c                _lf_initialize_trigger_objects
 .text.terminate_execution
                0x0000000010000500        0x4 CMakeFiles/I2cMaster.dir/I2cMaster.c.obj
                0x0000000010000500                terminate_execution
 .text.gpio_set_function
                0x0000000010000504       0x30 CMakeFiles/I2cMaster.dir/home/foobar/pico-sdk/src/rp2_common/hardware_gpio/gpio.c.obj
                0x0000000010000504                gpio_set_function
 .text.gpio_set_pulls
                0x0000000010000534       0x30 CMakeFiles/I2cMaster.dir/home/foobar/pico-sdk/src/rp2_common/hardware_gpio/gpio.c.obj
                0x0000000010000534                gpio_set_pulls
 .text.running_on_fpga
                0x0000000010000564       0x10 CMakeFiles/I2cMaster.dir/home/foobar/pico-sdk/src/rp2_common/pico_platform/platform.c.obj
                0x0000000010000564                running_on_fpga
 .text.hw_claim_or_assert
                0x0000000010000574       0x44 CMakeFiles/I2cMaster.dir/home/foobar/pico-sdk/src/rp2_common/hardware_claim/claim.c.obj
                0x0000000010000574                hw_claim_or_assert
 .text.hw_claim_unused_from_range
                0x00000000100005b8       0x9c CMakeFiles/I2cMaster.dir/home/foobar/pico-sdk/src/rp2_common/hardware_claim/claim.c.obj
                0x00000000100005b8                hw_claim_unused_from_range
 .text.spin_locks_reset
                0x0000000010000654       0x1c CMakeFiles/I2cMaster.dir/home/foobar/pico-sdk/src/rp2_common/hardware_sync/sync.c.obj
                0x0000000010000654                spin_locks_reset
 .text.next_striped_spin_lock_num
                0x0000000010000670       0x18 CMakeFiles/I2cMaster.dir/home/foobar/pico-sdk/src/rp2_common/hardware_sync/sync.c.obj
                0x0000000010000670                next_striped_spin_lock_num
 .text.spin_lock_claim_unused
                0x0000000010000688       0x20 CMakeFiles/I2cMaster.dir/home/foobar/pico-sdk/src/rp2_common/hardware_sync/sync.c.obj
                0x0000000010000688                spin_lock_claim_unused
 .text.irq_set_enabled
                0x00000000100006a8       0x24 CMakeFiles/I2cMaster.dir/home/foobar/pico-sdk/src/rp2_common/hardware_irq/irq.c.obj
                0x00000000100006a8                irq_set_enabled
 .text.irq_get_vtable_handler
                0x00000000100006cc       0x10 CMakeFiles/I2cMaster.dir/home/foobar/pico-sdk/src/rp2_common/hardware_irq/irq.c.obj
                0x00000000100006cc                irq_get_vtable_handler
 .text.irq_set_exclusive_handler
                0x00000000100006dc       0x54 CMakeFiles/I2cMaster.dir/home/foobar/pico-sdk/src/rp2_common/hardware_irq/irq.c.obj
                0x00000000100006dc                irq_set_exclusive_handler
 .text.irq_remove_handler
                0x0000000010000730      0x1b0 CMakeFiles/I2cMaster.dir/home/foobar/pico-sdk/src/rp2_common/hardware_irq/irq.c.obj
                0x0000000010000730                irq_remove_handler
 .text.irq_add_tail_to_free_list
                0x00000000100008e0       0xb4 CMakeFiles/I2cMaster.dir/home/foobar/pico-sdk/src/rp2_common/hardware_irq/irq.c.obj
                0x00000000100008e0                irq_add_tail_to_free_list
 .text.irq_init_priorities
                0x0000000010000994       0x24 CMakeFiles/I2cMaster.dir/home/foobar/pico-sdk/src/rp2_common/hardware_irq/irq.c.obj
                0x0000000010000994                irq_init_priorities
 .text.sem_init
                0x00000000100009b8       0x20 CMakeFiles/I2cMaster.dir/home/foobar/pico-sdk/src/common/pico_sync/sem.c.obj
                0x00000000100009b8                sem_init
 .text.lock_init
                0x00000000100009d8       0x10 CMakeFiles/I2cMaster.dir/home/foobar/pico-sdk/src/common/pico_sync/lock_core.c.obj
                0x00000000100009d8                lock_init
 .text.mutex_init
                0x00000000100009e8       0x1c CMakeFiles/I2cMaster.dir/home/foobar/pico-sdk/src/common/pico_sync/mutex.c.obj
                0x00000000100009e8                mutex_init
 .text.recursive_mutex_init
                0x0000000010000a04       0x1c CMakeFiles/I2cMaster.dir/home/foobar/pico-sdk/src/common/pico_sync/mutex.c.obj
                0x0000000010000a04                recursive_mutex_init
 .text.critical_section_init
                0x0000000010000a20       0x20 CMakeFiles/I2cMaster.dir/home/foobar/pico-sdk/src/common/pico_sync/critical_section.c.obj
                0x0000000010000a20                critical_section_init
 .text.timer_pool_entry_comparator
                0x0000000010000a40       0x34 CMakeFiles/I2cMaster.dir/home/foobar/pico-sdk/src/common/pico_time/time.c.obj
                0x0000000010000a40                timer_pool_entry_comparator
 .text.sleep_until_callback
                0x0000000010000a74       0x30 CMakeFiles/I2cMaster.dir/home/foobar/pico-sdk/src/common/pico_time/time.c.obj
 .text.add_alarm_under_lock.isra.0
                0x0000000010000aa4      0x100 CMakeFiles/I2cMaster.dir/home/foobar/pico-sdk/src/common/pico_time/time.c.obj
 .text.alarm_pool_alarm_callback
                0x0000000010000ba4      0x1bc CMakeFiles/I2cMaster.dir/home/foobar/pico-sdk/src/common/pico_time/time.c.obj
 .text.alarm_pool_init_default
                0x0000000010000d60       0x6c CMakeFiles/I2cMaster.dir/home/foobar/pico-sdk/src/common/pico_time/time.c.obj
                0x0000000010000d60                alarm_pool_init_default
 .text.alarm_pool_add_alarm_at
                0x0000000010000dcc      0x178 CMakeFiles/I2cMaster.dir/home/foobar/pico-sdk/src/common/pico_time/time.c.obj
                0x0000000010000dcc                alarm_pool_add_alarm_at
 .text.best_effort_wfe_or_timeout
                0x0000000010000f44       0xd4 CMakeFiles/I2cMaster.dir/home/foobar/pico-sdk/src/common/pico_time/time.c.obj
                0x0000000010000f44                best_effort_wfe_or_timeout
 .text.hardware_alarm_irq_handler
                0x0000000010001018       0xbc CMakeFiles/I2cMaster.dir/home/foobar/pico-sdk/src/rp2_common/hardware_timer/timer.c.obj
 .text.hardware_alarm_claim
                0x00000000100010d4       0x18 CMakeFiles/I2cMaster.dir/home/foobar/pico-sdk/src/rp2_common/hardware_timer/timer.c.obj
                0x00000000100010d4                hardware_alarm_claim
 .text.time_us_64
                0x00000000100010ec       0x14 CMakeFiles/I2cMaster.dir/home/foobar/pico-sdk/src/rp2_common/hardware_timer/timer.c.obj
                0x00000000100010ec                time_us_64
 .text.busy_wait_us
                0x0000000010001100       0x54 CMakeFiles/I2cMaster.dir/home/foobar/pico-sdk/src/rp2_common/hardware_timer/timer.c.obj
                0x0000000010001100                busy_wait_us
 .text.hardware_alarm_set_callback
                0x0000000010001154       0x8c CMakeFiles/I2cMaster.dir/home/foobar/pico-sdk/src/rp2_common/hardware_timer/timer.c.obj
                0x0000000010001154                hardware_alarm_set_callback
 .text.hardware_alarm_set_target
                0x00000000100011e0       0xd4 CMakeFiles/I2cMaster.dir/home/foobar/pico-sdk/src/rp2_common/hardware_timer/timer.c.obj
                0x00000000100011e0                hardware_alarm_set_target
 .text.hardware_alarm_cancel
                0x00000000100012b4       0x3c CMakeFiles/I2cMaster.dir/home/foobar/pico-sdk/src/rp2_common/hardware_timer/timer.c.obj
                0x00000000100012b4                hardware_alarm_cancel
 .text.ph_merge_nodes
                0x00000000100012f0       0x68 CMakeFiles/I2cMaster.dir/home/foobar/pico-sdk/src/common/pico_util/pheap.c.obj
 .text.ph_post_alloc_init
                0x0000000010001358       0x3c CMakeFiles/I2cMaster.dir/home/foobar/pico-sdk/src/common/pico_util/pheap.c.obj
                0x0000000010001358                ph_post_alloc_init
 .text.ph_merge_two_pass
                0x0000000010001394       0x90 CMakeFiles/I2cMaster.dir/home/foobar/pico-sdk/src/common/pico_util/pheap.c.obj
                0x0000000010001394                ph_merge_two_pass
 .text.ph_remove_any_head
                0x0000000010001424      0x100 CMakeFiles/I2cMaster.dir/home/foobar/pico-sdk/src/common/pico_util/pheap.c.obj
 .text.ph_remove_head
                0x0000000010001524      0x104 CMakeFiles/I2cMaster.dir/home/foobar/pico-sdk/src/common/pico_util/pheap.c.obj
                0x0000000010001524                ph_remove_head
 .text.ph_remove_and_free_node
                0x0000000010001628       0x7c CMakeFiles/I2cMaster.dir/home/foobar/pico-sdk/src/common/pico_util/pheap.c.obj
                0x0000000010001628                ph_remove_and_free_node
 .text.clocks_init
                0x00000000100016a4      0x2d0 CMakeFiles/I2cMaster.dir/home/foobar/pico-sdk/src/rp2_common/hardware_clocks/clocks.c.obj
                0x00000000100016a4                clocks_init
 .text.clock_get_hz
                0x0000000010001974        0xc CMakeFiles/I2cMaster.dir/home/foobar/pico-sdk/src/rp2_common/hardware_clocks/clocks.c.obj
                0x0000000010001974                clock_get_hz
 .text.pll_init
                0x0000000010001980       0xa0 CMakeFiles/I2cMaster.dir/home/foobar/pico-sdk/src/rp2_common/hardware_pll/pll.c.obj
                0x0000000010001980                pll_init
 .text.watchdog_start_tick
                0x0000000010001a20       0x10 CMakeFiles/I2cMaster.dir/home/foobar/pico-sdk/src/rp2_common/hardware_watchdog/watchdog.c.obj
                0x0000000010001a20                watchdog_start_tick
 .text.xosc_init
                0x0000000010001a30       0x28 CMakeFiles/I2cMaster.dir/home/foobar/pico-sdk/src/rp2_common/hardware_xosc/xosc.c.obj
                0x0000000010001a30                xosc_init
 .text.runtime_init
                0x0000000010001a58       0xf0 CMakeFiles/I2cMaster.dir/home/foobar/pico-sdk/src/rp2_common/pico_runtime/runtime.c.obj
                0x0000000010001a58                runtime_init
 .text._exit    0x0000000010001b48        0x4 CMakeFiles/I2cMaster.dir/home/foobar/pico-sdk/src/rp2_common/pico_runtime/runtime.c.obj
                0x0000000010001b48                _exit
 .text._sbrk    0x0000000010001b4c       0x34 CMakeFiles/I2cMaster.dir/home/foobar/pico-sdk/src/rp2_common/pico_runtime/runtime.c.obj
                0x0000000010001b4c                _sbrk
 .text.exit     0x0000000010001b80        0x8 CMakeFiles/I2cMaster.dir/home/foobar/pico-sdk/src/rp2_common/pico_runtime/runtime.c.obj
                0x0000000010001b80                exit
 .text.__assert_func
                0x0000000010001b88       0x34 CMakeFiles/I2cMaster.dir/home/foobar/pico-sdk/src/rp2_common/pico_runtime/runtime.c.obj
                0x0000000010001b88                __assert_func
 .text.panic    0x0000000010001bbc       0x30 CMakeFiles/I2cMaster.dir/home/foobar/pico-sdk/src/rp2_common/pico_runtime/runtime.c.obj
                0x0000000010001bbc                panic
 .text.hard_assertion_failure
                0x0000000010001bec        0xc CMakeFiles/I2cMaster.dir/home/foobar/pico-sdk/src/rp2_common/pico_runtime/runtime.c.obj
                0x0000000010001bec                hard_assertion_failure
 .text._out_buffer
                0x0000000010001bf8        0x8 CMakeFiles/I2cMaster.dir/home/foobar/pico-sdk/src/rp2_common/pico_printf/printf.c.obj
 .text._out_null
                0x0000000010001c00        0x4 CMakeFiles/I2cMaster.dir/home/foobar/pico-sdk/src/rp2_common/pico_printf/printf.c.obj
 .text._out_rev
                0x0000000010001c04       0x9c CMakeFiles/I2cMaster.dir/home/foobar/pico-sdk/src/rp2_common/pico_printf/printf.c.obj
 .text._ntoa_format
                0x0000000010001ca0      0x1cc CMakeFiles/I2cMaster.dir/home/foobar/pico-sdk/src/rp2_common/pico_printf/printf.c.obj
 .text._out_char
                0x0000000010001e6c       0x10 CMakeFiles/I2cMaster.dir/home/foobar/pico-sdk/src/rp2_common/pico_printf/printf.c.obj
 .text._out_fct
                0x0000000010001e7c       0x10 CMakeFiles/I2cMaster.dir/home/foobar/pico-sdk/src/rp2_common/pico_printf/printf.c.obj
 .text._etoa    0x0000000010001e8c      0x44c CMakeFiles/I2cMaster.dir/home/foobar/pico-sdk/src/rp2_common/pico_printf/printf.c.obj
 .text._ftoa    0x00000000100022d8      0x398 CMakeFiles/I2cMaster.dir/home/foobar/pico-sdk/src/rp2_common/pico_printf/printf.c.obj
 .text._vsnprintf
                0x0000000010002670      0xb04 CMakeFiles/I2cMaster.dir/home/foobar/pico-sdk/src/rp2_common/pico_printf/printf.c.obj
 .text.__wrap_snprintf
                0x0000000010003174       0x28 CMakeFiles/I2cMaster.dir/home/foobar/pico-sdk/src/rp2_common/pico_printf/printf.c.obj
                0x0000000010003174                __wrap_snprintf
 .text.vfctprintf
                0x000000001000319c       0x20 CMakeFiles/I2cMaster.dir/home/foobar/pico-sdk/src/rp2_common/pico_printf/printf.c.obj
                0x000000001000319c                vfctprintf
 .text.weak_raw_printf
                0x00000000100031bc       0x40 CMakeFiles/I2cMaster.dir/home/foobar/pico-sdk/src/rp2_common/pico_printf/printf.c.obj
                0x00000000100031bc                weak_raw_printf
 .text.weak_raw_vprintf
                0x00000000100031fc       0x30 CMakeFiles/I2cMaster.dir/home/foobar/pico-sdk/src/rp2_common/pico_printf/printf.c.obj
                0x00000000100031fc                weak_raw_vprintf
 .text          0x000000001000322c       0x10 CMakeFiles/I2cMaster.dir/home/foobar/pico-sdk/src/rp2_common/pico_bit_ops/bit_ops_aeabi.S.obj
 .text.rom_func_lookup
                0x000000001000323c       0x10 CMakeFiles/I2cMaster.dir/home/foobar/pico-sdk/src/rp2_common/pico_bootrom/bootrom.c.obj
                0x000000001000323c                rom_func_lookup
 .text.rom_data_lookup
                0x000000001000324c       0x10 CMakeFiles/I2cMaster.dir/home/foobar/pico-sdk/src/rp2_common/pico_bootrom/bootrom.c.obj
                0x000000001000324c                rom_data_lookup
 .text.rom_funcs_lookup
                0x000000001000325c       0x44 CMakeFiles/I2cMaster.dir/home/foobar/pico-sdk/src/rp2_common/pico_bootrom/bootrom.c.obj
                0x000000001000325c                rom_funcs_lookup
 .text.__wrap___aeabi_idiv
                0x00000000100032a0       0x50 CMakeFiles/I2cMaster.dir/home/foobar/pico-sdk/src/rp2_common/pico_divider/divider.S.obj
                0x00000000100032a0                __wrap___aeabi_idivmod
                0x00000000100032a0                divmod_s32s32
                0x00000000100032a0                div_s32s32
                0x00000000100032a0                __wrap___aeabi_idiv
                0x00000000100032a8                divmod_s32s32_unsafe
                0x00000000100032d4                divmod_s32s32_savestate
 .text.__wrap___aeabi_uidiv
                0x00000000100032f0       0x4c CMakeFiles/I2cMaster.dir/home/foobar/pico-sdk/src/rp2_common/pico_divider/divider.S.obj
                0x00000000100032f0                __wrap___aeabi_uidiv
                0x00000000100032f0                __wrap___aeabi_uidivmod
                0x00000000100032f0                div_u32u32
                0x00000000100032f0                divmod_u32u32
                0x00000000100032f8                divmod_u32u32_unsafe
                0x0000000010003320                divmod_u32u32_savestate
 .text.__wrap___aeabi_ldiv
                0x000000001000333c      0x424 CMakeFiles/I2cMaster.dir/home/foobar/pico-sdk/src/rp2_common/pico_divider/divider.S.obj
                0x000000001000333c                div_s64s64
                0x000000001000333c                divmod_s64s64
                0x000000001000333c                __wrap___aeabi_ldivmod
                0x000000001000336c                div_u64u64
                0x000000001000336c                divmod_u64u64
                0x000000001000336c                __wrap___aeabi_uldivmod
                0x000000001000337c                divmod_u64u64_savestate
                0x000000001000339c                divmod_s64s64_unsafe
                0x0000000010003424                divmod_u64u64_unsafe
 .text.__wrap___aeabi_darithmetic
                0x0000000010003760       0x60 CMakeFiles/I2cMaster.dir/home/foobar/pico-sdk/src/rp2_common/pico_double/double_aeabi.S.obj
                0x0000000010003760                __wrap___aeabi_drsub
                0x0000000010003766                __wrap___aeabi_dsub
                0x0000000010003770                __wrap___aeabi_dadd
                0x000000001000377a                __wrap___aeabi_ddiv
                0x00000000100037ae                __wrap___aeabi_dmul
 .text.__wrap___aeabi_cdcmple
                0x00000000100037c0       0x6c CMakeFiles/I2cMaster.dir/home/foobar/pico-sdk/src/rp2_common/pico_double/double_aeabi.S.obj
                0x00000000100037c0                __wrap___aeabi_cdrcmple
                0x00000000100037d0                __wrap___aeabi_cdcmple
                0x00000000100037d0                __wrap___aeabi_cdcmpeq
 .text.__wrap___aeabi_dcmpeq
                0x000000001000382c       0x10 CMakeFiles/I2cMaster.dir/home/foobar/pico-sdk/src/rp2_common/pico_double/double_aeabi.S.obj
                0x000000001000382c                __wrap___aeabi_dcmpeq
 .text.__wrap___aeabi_dcmplt
                0x000000001000383c        0xc CMakeFiles/I2cMaster.dir/home/foobar/pico-sdk/src/rp2_common/pico_double/double_aeabi.S.obj
                0x000000001000383c                __wrap___aeabi_dcmplt
 .text.__wrap___aeabi_dcmple
                0x0000000010003848       0x10 CMakeFiles/I2cMaster.dir/home/foobar/pico-sdk/src/rp2_common/pico_double/double_aeabi.S.obj
                0x0000000010003848                __wrap___aeabi_dcmple
 .text.__wrap___aeabi_dcmpge
                0x0000000010003858       0x10 CMakeFiles/I2cMaster.dir/home/foobar/pico-sdk/src/rp2_common/pico_double/double_aeabi.S.obj
                0x0000000010003858                __wrap___aeabi_dcmpge
 .text.__wrap___aeabi_dcmpgt
                0x0000000010003868        0xa CMakeFiles/I2cMaster.dir/home/foobar/pico-sdk/src/rp2_common/pico_double/double_aeabi.S.obj
                0x0000000010003868                __wrap___aeabi_dcmpgt
 .text.__wrap___aeabi_dcmpun
                0x0000000010003872       0x1c CMakeFiles/I2cMaster.dir/home/foobar/pico-sdk/src/rp2_common/pico_double/double_aeabi.S.obj
                0x0000000010003872                __wrap___aeabi_dcmpun
 *fill*         0x000000001000388e        0x2 
 .text.__wrap___aeabi_i2d
                0x0000000010003890       0x38 CMakeFiles/I2cMaster.dir/home/foobar/pico-sdk/src/rp2_common/pico_double/double_aeabi.S.obj
                0x0000000010003890                __wrap___aeabi_ui2d
                0x0000000010003898                __wrap___aeabi_i2d
 .text.__wrap___aeabi_d2iz
                0x00000000100038c8       0x48 CMakeFiles/I2cMaster.dir/home/foobar/pico-sdk/src/rp2_common/pico_double/double_aeabi.S.obj
                0x00000000100038c8                __wrap___aeabi_d2iz
                0x00000000100038c8                double2int_z
 .text.__wrap___aeabi_d2uiz
                0x0000000010003910       0x10 CMakeFiles/I2cMaster.dir/home/foobar/pico-sdk/src/rp2_common/pico_double/double_aeabi.S.obj
                0x0000000010003910                double2uint
                0x0000000010003910                __wrap___aeabi_d2uiz
 .text.missing_double_func_shim
                0x0000000010003920        0xc CMakeFiles/I2cMaster.dir/home/foobar/pico-sdk/src/rp2_common/pico_double/double_init_rom.c.obj
 .text.__aeabi_double_init
                0x000000001000392c       0x98 CMakeFiles/I2cMaster.dir/home/foobar/pico-sdk/src/rp2_common/pico_double/double_init_rom.c.obj
                0x000000001000392c                __aeabi_double_init
 .text.double_table_shim_on_use_helper
                0x00000000100039c4       0x2c CMakeFiles/I2cMaster.dir/home/foobar/pico-sdk/src/rp2_common/pico_double/double_v1_rom_shim.S.obj
                0x00000000100039c4                double_table_shim_on_use_helper
 .text.__aeabi_lmul
                0x00000000100039f0       0x32 CMakeFiles/I2cMaster.dir/home/foobar/pico-sdk/src/rp2_common/pico_int64_ops/pico_int64_ops_aeabi.S.obj
                0x00000000100039f0                __wrap___aeabi_lmul
 *fill*         0x0000000010003a22        0x2 
 .text.__wrap___aeabi_farithmetic
                0x0000000010003a24       0x48 CMakeFiles/I2cMaster.dir/home/foobar/pico-sdk/src/rp2_common/pico_float/float_aeabi.S.obj
                0x0000000010003a24                __wrap___aeabi_frsub
                0x0000000010003a2a                __wrap___aeabi_fsub
                0x0000000010003a30                __wrap___aeabi_fadd
                0x0000000010003a36                __wrap___aeabi_fdiv
                0x0000000010003a5e                __wrap___aeabi_fmul
 .text.__wrap___aeabi_cfcmple
                0x0000000010003a6c       0x50 CMakeFiles/I2cMaster.dir/home/foobar/pico-sdk/src/rp2_common/pico_float/float_aeabi.S.obj
                0x0000000010003a6c                __wrap___aeabi_cfrcmple
                0x0000000010003a78                __wrap___aeabi_cfcmpeq
                0x0000000010003a78                __wrap___aeabi_cfcmple
 .text.__wrap___aeabi_fcmpge
                0x0000000010003abc       0x10 CMakeFiles/I2cMaster.dir/home/foobar/pico-sdk/src/rp2_common/pico_float/float_aeabi.S.obj
                0x0000000010003abc                __wrap___aeabi_fcmpge
 .text.__wrap___aeabi_ui2f
                0x0000000010003acc        0xa CMakeFiles/I2cMaster.dir/home/foobar/pico-sdk/src/rp2_common/pico_float/float_aeabi.S.obj
                0x0000000010003acc                __wrap___aeabi_ui2f
 *fill*         0x0000000010003ad6        0x2 
 .text.__wrap___aeabi_i2f
                0x0000000010003ad8       0x44 CMakeFiles/I2cMaster.dir/home/foobar/pico-sdk/src/rp2_common/pico_float/float_aeabi.S.obj
                0x0000000010003ad8                __wrap___aeabi_i2f
 .text.missing_float_func_shim
                0x0000000010003b1c        0xc CMakeFiles/I2cMaster.dir/home/foobar/pico-sdk/src/rp2_common/pico_float/float_init_rom.c.obj
 .text.__aeabi_float_init
                0x0000000010003b28       0x5c CMakeFiles/I2cMaster.dir/home/foobar/pico-sdk/src/rp2_common/pico_float/float_init_rom.c.obj
                0x0000000010003b28                __aeabi_float_init
 .text.__wrap_malloc
                0x0000000010003b84       0x3c CMakeFiles/I2cMaster.dir/home/foobar/pico-sdk/src/rp2_common/pico_malloc/pico_malloc.c.obj
                0x0000000010003b84                __wrap_malloc
 .text.__wrap_calloc
                0x0000000010003bc0       0x40 CMakeFiles/I2cMaster.dir/home/foobar/pico-sdk/src/rp2_common/pico_malloc/pico_malloc.c.obj
                0x0000000010003bc0                __wrap_calloc
 .text.__wrap_realloc
                0x0000000010003c00       0x40 CMakeFiles/I2cMaster.dir/home/foobar/pico-sdk/src/rp2_common/pico_malloc/pico_malloc.c.obj
                0x0000000010003c00                __wrap_realloc
 .text.__wrap_free
                0x0000000010003c40       0x20 CMakeFiles/I2cMaster.dir/home/foobar/pico-sdk/src/rp2_common/pico_malloc/pico_malloc.c.obj
                0x0000000010003c40                __wrap_free
 .text          0x0000000010003c60       0x10 CMakeFiles/I2cMaster.dir/home/foobar/pico-sdk/src/rp2_common/pico_mem_ops/mem_ops_aeabi.S.obj
                0x0000000010003c60                __aeabi_mem_init
 .text.memset   0x0000000010003c70        0xc CMakeFiles/I2cMaster.dir/home/foobar/pico-sdk/src/rp2_common/pico_mem_ops/mem_ops_aeabi.S.obj
                0x0000000010003c70                __wrap_memset
 .text.memcpy   0x0000000010003c7c        0xc CMakeFiles/I2cMaster.dir/home/foobar/pico-sdk/src/rp2_common/pico_mem_ops/mem_ops_aeabi.S.obj
                0x0000000010003c7c                __wrap___aeabi_memcpy
                0x0000000010003c7c                __wrap_memcpy
 .text.stdio_out_chars_no_crlf
                0x0000000010003c88       0x10 CMakeFiles/I2cMaster.dir/home/foobar/pico-sdk/src/rp2_common/pico_stdio/stdio.c.obj
 .text.stdio_out_chars_crlf
                0x0000000010003c98       0xb4 CMakeFiles/I2cMaster.dir/home/foobar/pico-sdk/src/rp2_common/pico_stdio/stdio.c.obj
 .text.stdio_buffered_printer
                0x0000000010003d4c       0x64 CMakeFiles/I2cMaster.dir/home/foobar/pico-sdk/src/rp2_common/pico_stdio/stdio.c.obj
 .text.stdio_put_string.isra.0
                0x0000000010003db0       0xfc CMakeFiles/I2cMaster.dir/home/foobar/pico-sdk/src/rp2_common/pico_stdio/stdio.c.obj
 .text.__wrap_putchar
                0x0000000010003eac       0x98 CMakeFiles/I2cMaster.dir/home/foobar/pico-sdk/src/rp2_common/pico_stdio/stdio.c.obj
                0x0000000010003eac                __wrap_putchar
 .text.__wrap_puts
                0x0000000010003f44       0x3c CMakeFiles/I2cMaster.dir/home/foobar/pico-sdk/src/rp2_common/pico_stdio/stdio.c.obj
                0x0000000010003f44                __wrap_puts
 .text._read    0x0000000010003f80       0x94 CMakeFiles/I2cMaster.dir/home/foobar/pico-sdk/src/rp2_common/pico_stdio/stdio.c.obj
                0x0000000010003f80                _read
 .text._write   0x0000000010004014       0xac CMakeFiles/I2cMaster.dir/home/foobar/pico-sdk/src/rp2_common/pico_stdio/stdio.c.obj
                0x0000000010004014                _write
 .text._close   0x00000000100040c0        0x8 CMakeFiles/I2cMaster.dir/home/foobar/pico-sdk/src/rp2_common/pico_stdio/stdio.c.obj
                0x00000000100040c0                _close
 .text._lseek   0x00000000100040c8        0x8 CMakeFiles/I2cMaster.dir/home/foobar/pico-sdk/src/rp2_common/pico_stdio/stdio.c.obj
                0x00000000100040c8                _lseek
 .text._fstat   0x00000000100040d0        0x8 CMakeFiles/I2cMaster.dir/home/foobar/pico-sdk/src/rp2_common/pico_stdio/stdio.c.obj
                0x00000000100040d0                _fstat
 .text._isatty  0x00000000100040d8        0xc CMakeFiles/I2cMaster.dir/home/foobar/pico-sdk/src/rp2_common/pico_stdio/stdio.c.obj
                0x00000000100040d8                _isatty
 .text.__wrap_vprintf
                0x00000000100040e4       0xd8 CMakeFiles/I2cMaster.dir/home/foobar/pico-sdk/src/rp2_common/pico_stdio/stdio.c.obj
                0x00000000100040e4                __wrap_vprintf
 .text.__wrap_printf
                0x00000000100041bc       0x18 CMakeFiles/I2cMaster.dir/home/foobar/pico-sdk/src/rp2_common/pico_stdio/stdio.c.obj
                0x00000000100041bc                __wrap_printf
 .text.stdio_init_all
                0x00000000100041d4        0xc CMakeFiles/I2cMaster.dir/home/foobar/pico-sdk/src/rp2_common/pico_stdio/stdio.c.obj
                0x00000000100041d4                stdio_init_all
 .text.stdio_uart_init
                0x00000000100041e0        0x4 CMakeFiles/I2cMaster.dir/home/foobar/pico-sdk/src/rp2_common/pico_stdio_uart/stdio_uart.c.obj
                0x00000000100041e0                stdio_uart_init
 .text.i2c_set_baudrate
                0x00000000100041e4       0xc4 CMakeFiles/I2cMaster.dir/home/foobar/pico-sdk/src/rp2_common/hardware_i2c/i2c.c.obj
                0x00000000100041e4                i2c_set_baudrate
 .text.i2c_init
                0x00000000100042a8       0x54 CMakeFiles/I2cMaster.dir/home/foobar/pico-sdk/src/rp2_common/hardware_i2c/i2c.c.obj
                0x00000000100042a8                i2c_init
 .text.i2c_write_blocking
                0x00000000100042fc       0xd0 CMakeFiles/I2cMaster.dir/home/foobar/pico-sdk/src/rp2_common/hardware_i2c/i2c.c.obj
                0x00000000100042fc                i2c_write_blocking
 .text.lf_tag_compare
                0x00000000100043cc       0x38 core/libcore.a(tag.c.obj)
                0x00000000100043cc                lf_tag_compare
 .text.lf_time_logical
                0x0000000010004404        0x8 core/libcore.a(tag.c.obj)
                0x0000000010004404                lf_time_logical
 .text.lf_time_logical_elapsed
                0x000000001000440c       0x14 core/libcore.a(tag.c.obj)
                0x000000001000440c                lf_time_logical_elapsed
 .text.lf_time_physical
                0x0000000010004420       0x60 core/libcore.a(tag.c.obj)
                0x0000000010004420                lf_time_physical
 .text.lf_time_physical_elapsed
                0x0000000010004480       0x6c core/libcore.a(tag.c.obj)
                0x0000000010004480                lf_time_physical_elapsed
 .text.lf_comma_separated_time
                0x00000000100044ec      0x274 core/libcore.a(tag.c.obj)
                0x00000000100044ec                lf_comma_separated_time
 .text._lf_new_reactor
                0x0000000010004760       0x40 core/libcore.a(reactor_common.c.obj)
                0x0000000010004760                _lf_new_reactor
 .text._lf_set_stop_tag
                0x00000000100047a0       0x3c core/libcore.a(reactor_common.c.obj)
                0x00000000100047a0                _lf_set_stop_tag
 .text._lf_start_time_step
                0x00000000100047dc       0x68 core/libcore.a(reactor_common.c.obj)
                0x00000000100047dc                _lf_start_time_step
 .text._lf_is_tag_after_stop_tag
                0x0000000010004844       0x30 core/libcore.a(reactor_common.c.obj)
                0x0000000010004844                _lf_is_tag_after_stop_tag
 .text._lf_initialize_timer
                0x0000000010004874       0x88 core/libcore.a(reactor_common.c.obj)
                0x0000000010004874                _lf_initialize_timer
 .text._lf_initialize_timers
                0x00000000100048fc       0x30 core/libcore.a(reactor_common.c.obj)
                0x00000000100048fc                _lf_initialize_timers
 .text._lf_trigger_startup_reactions
                0x000000001000492c       0x38 core/libcore.a(reactor_common.c.obj)
                0x000000001000492c                _lf_trigger_startup_reactions
 .text._lf_trigger_shutdown_reactions
                0x0000000010004964       0x38 core/libcore.a(reactor_common.c.obj)
                0x0000000010004964                _lf_trigger_shutdown_reactions
 .text._lf_schedule
                0x000000001000499c      0x2c4 core/libcore.a(reactor_common.c.obj)
                0x000000001000499c                _lf_schedule
 .text._lf_pop_events
                0x0000000010004c60      0x118 core/libcore.a(reactor_common.c.obj)
                0x0000000010004c60                _lf_pop_events
 .text._lf_advance_logical_time
                0x0000000010004d78       0x38 core/libcore.a(reactor_common.c.obj)
                0x0000000010004d78                _lf_advance_logical_time
 .text._lf_invoke_reaction
                0x0000000010004db0       0x14 core/libcore.a(reactor_common.c.obj)
                0x0000000010004db0                _lf_invoke_reaction
 .text.schedule_output_reactions
                0x0000000010004dc4      0x150 core/libcore.a(reactor_common.c.obj)
                0x0000000010004dc4                schedule_output_reactions
 .text.usage    0x0000000010004f14       0xb0 core/libcore.a(reactor_common.c.obj)
                0x0000000010004f14                usage
 .text.process_args
                0x0000000010004fc4      0x414 core/libcore.a(reactor_common.c.obj)
                0x0000000010004fc4                process_args
 .text.initialize_global
                0x00000000100053d8       0x24 core/libcore.a(reactor_common.c.obj)
                0x00000000100053d8                initialize_global
 .text.termination
                0x00000000100053fc      0x194 core/libcore.a(reactor_common.c.obj)
                0x00000000100053fc                termination
 .text._lf_free_token.part.0
                0x0000000010005590       0xcc core/libcore.a(lf_token.c.obj)
 .text._lf_free_all_tokens
                0x000000001000565c       0xe0 core/libcore.a(lf_token.c.obj)
                0x000000001000565c                _lf_free_all_tokens
 .text._lf_replace_template_token
                0x000000001000573c       0x44 core/libcore.a(lf_token.c.obj)
                0x000000001000573c                _lf_replace_template_token
 .text._lf_done_using
                0x0000000010005780       0x2c core/libcore.a(lf_token.c.obj)
                0x0000000010005780                _lf_done_using
 .text._lf_free_token_copies
                0x00000000100057ac       0x44 core/libcore.a(lf_token.c.obj)
                0x00000000100057ac                _lf_free_token_copies
 .text.environment_init_tags
                0x00000000100057f0       0x58 core/libcore.a(environment.c.obj)
                0x00000000100057f0                environment_init_tags
 .text.environment_free
                0x0000000010005848       0x44 core/libcore.a(environment.c.obj)
                0x0000000010005848                environment_free
 .text.environment_init
                0x000000001000588c      0x188 core/libcore.a(environment.c.obj)
                0x000000001000588c                environment_init
 .text._lf_trigger_reaction
                0x0000000010005a14       0x28 core/libcore.a(reactor.c.obj)
                0x0000000010005a14                _lf_trigger_reaction
 .text._lf_do_step
                0x0000000010005a3c       0xb0 core/libcore.a(reactor.c.obj)
                0x0000000010005a3c                _lf_do_step
 .text.next     0x0000000010005aec      0x138 core/libcore.a(reactor.c.obj)
                0x0000000010005aec                next
 .text.lf_reactor_c_main
                0x0000000010005c24       0xf8 core/libcore.a(reactor.c.obj)
                0x0000000010005c24                lf_reactor_c_main
 .text.lf_critical_section_enter
                0x0000000010005d1c        0x8 core/libcore.a(reactor.c.obj)
                0x0000000010005d1c                lf_critical_section_enter
 .text.lf_critical_section_exit
                0x0000000010005d24        0x8 core/libcore.a(reactor.c.obj)
                0x0000000010005d24                lf_critical_section_exit
 .text.vector_at
                0x0000000010005d2c       0x54 core/libcore.a(vector.c.obj)
                0x0000000010005d2c                vector_at
 .text.vector_size
                0x0000000010005d80        0x8 core/libcore.a(vector.c.obj)
                0x0000000010005d80                vector_size
 .text.percolate_down
                0x0000000010005d88       0xd8 core/libcore.a(pqueue.c.obj)
 .text.bubble_up.isra.0
                0x0000000010005e60       0x84 core/libcore.a(pqueue.c.obj)
 .text.find_equal_same_priority
                0x0000000010005ee4       0xa8 core/libcore.a(pqueue.c.obj)
                0x0000000010005ee4                find_equal_same_priority
 .text.pqueue_init
                0x0000000010005f8c       0x54 core/libcore.a(pqueue.c.obj)
                0x0000000010005f8c                pqueue_init
 .text.pqueue_free
                0x0000000010005fe0       0x14 core/libcore.a(pqueue.c.obj)
                0x0000000010005fe0                pqueue_free
 .text.pqueue_size
                0x0000000010005ff4       0x10 core/libcore.a(pqueue.c.obj)
                0x0000000010005ff4                pqueue_size
 .text.pqueue_find_equal_same_priority
                0x0000000010006004        0xc core/libcore.a(pqueue.c.obj)
                0x0000000010006004                pqueue_find_equal_same_priority
 .text.pqueue_insert
                0x0000000010006010       0x44 core/libcore.a(pqueue.c.obj)
                0x0000000010006010                pqueue_insert
 .text.pqueue_pop
                0x0000000010006054       0x28 core/libcore.a(pqueue.c.obj)
                0x0000000010006054                pqueue_pop
 .text.pqueue_peek
                0x000000001000607c       0x14 core/libcore.a(pqueue.c.obj)
                0x000000001000607c                pqueue_peek
 .text.in_reverse_order
                0x0000000010006090       0x18 core/libcore.a(pqueue.c.obj)
                0x0000000010006090                in_reverse_order
 .text.in_no_particular_order
                0x00000000100060a8        0x4 core/libcore.a(pqueue.c.obj)
                0x00000000100060a8                in_no_particular_order
 .text.event_matches
                0x00000000100060ac        0xc core/libcore.a(pqueue.c.obj)
                0x00000000100060ac                event_matches
 .text.reaction_matches
                0x00000000100060b8        0x8 core/libcore.a(pqueue.c.obj)
                0x00000000100060b8                reaction_matches
 .text.get_event_time
                0x00000000100060c0        0x8 core/libcore.a(pqueue.c.obj)
                0x00000000100060c0                get_event_time
 .text.get_reaction_index
                0x00000000100060c8        0x8 core/libcore.a(pqueue.c.obj)
                0x00000000100060c8                get_reaction_index
 .text.get_event_position
                0x00000000100060d0        0x4 core/libcore.a(pqueue.c.obj)
                0x00000000100060d0                get_event_position
 .text.get_reaction_position
                0x00000000100060d4        0x4 core/libcore.a(pqueue.c.obj)
                0x00000000100060d4                get_reaction_position
 .text.set_event_position
                0x00000000100060d8        0x4 core/libcore.a(pqueue.c.obj)
                0x00000000100060d8                set_event_position
 .text.set_reaction_position
                0x00000000100060dc        0x4 core/libcore.a(pqueue.c.obj)
                0x00000000100060dc                set_reaction_position
 .text.print_reaction
                0x00000000100060e0        0x4 core/libcore.a(pqueue.c.obj)
                0x00000000100060e0                print_reaction
 .text.print_event
                0x00000000100060e4        0x4 core/libcore.a(pqueue.c.obj)
                0x00000000100060e4                print_event
 .text._lf_message_print
                0x00000000100060e8       0xc0 core/libcore.a(util.c.obj)
                0x00000000100060e8                _lf_message_print
 .text.lf_print
                0x00000000100061a8       0x88 core/libcore.a(util.c.obj)
                0x00000000100061a8                lf_print
 .text.lf_print_error
                0x0000000010006230       0x88 core/libcore.a(util.c.obj)
                0x0000000010006230                lf_print_error
 .text.lf_print_warning
                0x00000000100062b8       0x88 core/libcore.a(util.c.obj)
                0x00000000100062b8                lf_print_warning
 .text.lf_print_error_and_exit
                0x0000000010006340       0x24 core/libcore.a(util.c.obj)
                0x0000000010006340                lf_print_error_and_exit
 .text.lf_assert
                0x0000000010006364       0x2c core/libcore.a(util.c.obj)
                0x0000000010006364                lf_assert
 .text.hashset_num_items
                0x0000000010006390        0x4 core/libcore.a(hashset.c.obj)
                0x0000000010006390                hashset_num_items
 .text.hashset_destroy
                0x0000000010006394       0x18 core/libcore.a(hashset.c.obj)
                0x0000000010006394                hashset_destroy
 .text.hashset_create
                0x00000000100063ac       0x40 core/libcore.a(hashset.c.obj)
                0x00000000100063ac                hashset_create
 .text.hashset_add
                0x00000000100063ec      0x180 core/libcore.a(hashset.c.obj)
                0x00000000100063ec                hashset_add
 .text.hashset_iterator
                0x000000001000656c       0x1c core/libcore.a(hashset_itr.c.obj)
                0x000000001000656c                hashset_iterator
 .text.hashset_iterator_next
                0x0000000010006588       0x34 core/libcore.a(hashset_itr.c.obj)
                0x0000000010006588                hashset_iterator_next
 .text.hashset_iterator_value
                0x00000000100065bc        0xc core/libcore.a(hashset_itr.c.obj)
                0x00000000100065bc                hashset_iterator_value
 .text._lf_initialize_clock
                0x00000000100065c8       0x20 core/libcore.a(lf_rp2040_support.c.obj)
                0x00000000100065c8                _lf_initialize_clock
 .text._lf_clock_now
                0x00000000100065e8       0x24 core/libcore.a(lf_rp2040_support.c.obj)
                0x00000000100065e8                _lf_clock_now
 .text._lf_interruptable_sleep_until_locked
                0x000000001000660c       0x48 core/libcore.a(lf_rp2040_support.c.obj)
                0x000000001000660c                _lf_interruptable_sleep_until_locked
 .text.lf_disable_interrupts_nested
                0x0000000010006654       0x3c core/libcore.a(lf_rp2040_support.c.obj)
                0x0000000010006654                lf_disable_interrupts_nested
 .text.lf_enable_interrupts_nested
                0x0000000010006690       0x34 core/libcore.a(lf_rp2040_support.c.obj)
                0x0000000010006690                lf_enable_interrupts_nested
 .text          0x00000000100066c4       0x10 /usr/lib/gcc/arm-none-eabi/10.3.1/../../../arm-none-eabi/lib/thumb/v6-m/nofp/libc.a(lib_a-atexit.o)
                0x00000000100066c4                atexit
 .text          0x00000000100066d4       0x18 /usr/lib/gcc/arm-none-eabi/10.3.1/../../../arm-none-eabi/lib/thumb/v6-m/nofp/libc.a(lib_a-atoi.o)
                0x00000000100066d4                atoi
                0x00000000100066e0                _atoi_r
 .text          0x00000000100066ec       0x18 /usr/lib/gcc/arm-none-eabi/10.3.1/../../../arm-none-eabi/lib/thumb/v6-m/nofp/libc.a(lib_a-atoll.o)
                0x00000000100066ec                atoll
                0x00000000100066f8                _atoll_r
 .text          0x0000000010006704       0x18 /usr/lib/gcc/arm-none-eabi/10.3.1/../../../arm-none-eabi/lib/thumb/v6-m/nofp/libc.a(lib_a-calloc.o)
                0x0000000010006704                calloc
 .text          0x000000001000671c       0x5c /usr/lib/gcc/arm-none-eabi/10.3.1/../../../arm-none-eabi/lib/thumb/v6-m/nofp/libc.a(lib_a-callocr.o)
                0x000000001000671c                _calloc_r
 .text          0x0000000010006778       0x28 /usr/lib/gcc/arm-none-eabi/10.3.1/../../../arm-none-eabi/lib/thumb/v6-m/nofp/libc.a(lib_a-malloc.o)
                0x0000000010006778                malloc
                0x000000001000678c                free
 .text          0x00000000100067a0      0x574 /usr/lib/gcc/arm-none-eabi/10.3.1/../../../arm-none-eabi/lib/thumb/v6-m/nofp/libc.a(lib_a-mallocr.o)
                0x00000000100067a0                _malloc_r
 .text          0x0000000010006d14        0x8 /usr/lib/gcc/arm-none-eabi/10.3.1/../../../arm-none-eabi/lib/thumb/v6-m/nofp/libc.a(lib_a-mlock.o)
                0x0000000010006d14                __malloc_lock
                0x0000000010006d18                __malloc_unlock
 .text          0x0000000010006d1c       0x18 /usr/lib/gcc/arm-none-eabi/10.3.1/../../../arm-none-eabi/lib/thumb/v6-m/nofp/libc.a(lib_a-realloc.o)
                0x0000000010006d1c                realloc
 .text          0x0000000010006d34      0x354 /usr/lib/gcc/arm-none-eabi/10.3.1/../../../arm-none-eabi/lib/thumb/v6-m/nofp/libc.a(lib_a-reallocr.o)
                0x0000000010006d34                _realloc_r
 .text          0x0000000010007088       0x24 /usr/lib/gcc/arm-none-eabi/10.3.1/../../../arm-none-eabi/lib/thumb/v6-m/nofp/libc.a(lib_a-sbrkr.o)
                0x0000000010007088                _sbrk_r
 .text          0x00000000100070ac       0x88 /usr/lib/gcc/arm-none-eabi/10.3.1/../../../arm-none-eabi/lib/thumb/v6-m/nofp/libc.a(lib_a-strcmp.o)
                0x00000000100070ac                strcmp
 .text          0x0000000010007134       0x5c /usr/lib/gcc/arm-none-eabi/10.3.1/../../../arm-none-eabi/lib/thumb/v6-m/nofp/libc.a(lib_a-strlen-stub.o)
                0x0000000010007134                strlen
 .text          0x0000000010007190       0x74 /usr/lib/gcc/arm-none-eabi/10.3.1/../../../arm-none-eabi/lib/thumb/v6-m/nofp/libc.a(lib_a-strncmp.o)
                0x0000000010007190                strncmp
 .text          0x0000000010007204      0x1b8 /usr/lib/gcc/arm-none-eabi/10.3.1/../../../arm-none-eabi/lib/thumb/v6-m/nofp/libc.a(lib_a-strtol.o)
                0x0000000010007348                _strtol_r
                0x0000000010007364                strtol_l
                0x0000000010007390                strtol
 .text          0x00000000100073bc      0x1d0 /usr/lib/gcc/arm-none-eabi/10.3.1/../../../arm-none-eabi/lib/thumb/v6-m/nofp/libc.a(lib_a-strtoll.o)
                0x0000000010007554                _strtoll_r
                0x000000001000755c                strtoll_l
                0x0000000010007574                strtoll
 .text          0x000000001000758c     0x16e4 /usr/lib/gcc/arm-none-eabi/10.3.1/../../../arm-none-eabi/lib/thumb/v6-m/nofp/libc.a(lib_a-vfprintf.o)
                0x000000001000758c                _vfprintf_r
                0x0000000010008be4                vfprintf
 .text          0x0000000010008c70       0xdc /usr/lib/gcc/arm-none-eabi/10.3.1/../../../arm-none-eabi/lib/thumb/v6-m/nofp/libc.a(lib_a-wsetup.o)
                0x0000000010008c70                __swsetup_r
 .text          0x0000000010008d4c       0x88 /usr/lib/gcc/arm-none-eabi/10.3.1/../../../arm-none-eabi/lib/thumb/v6-m/nofp/libc.a(lib_a-__atexit.o)
                0x0000000010008d4c                __register_exitproc
 .text          0x0000000010008dd4     0x1104 /usr/lib/gcc/arm-none-eabi/10.3.1/../../../arm-none-eabi/lib/thumb/v6-m/nofp/libc.a(lib_a-dtoa.o)
                0x0000000010008f1c                _dtoa_r
 .text          0x0000000010009ed8        0xc /usr/lib/gcc/arm-none-eabi/10.3.1/../../../arm-none-eabi/lib/thumb/v6-m/nofp/libc.a(lib_a-errno.o)
                0x0000000010009ed8                __errno
 .text          0x0000000010009ee4      0x1c0 /usr/lib/gcc/arm-none-eabi/10.3.1/../../../arm-none-eabi/lib/thumb/v6-m/nofp/libc.a(lib_a-fflush.o)
                0x0000000010009ee4                __sflush_r
                0x000000001000a024                _fflush_r
                0x000000001000a050                fflush
 .text          0x000000001000a0a4      0x248 /usr/lib/gcc/arm-none-eabi/10.3.1/../../../arm-none-eabi/lib/thumb/v6-m/nofp/libc.a(lib_a-findfp.o)
                0x000000001000a0a8                _cleanup_r
                0x000000001000a1a4                __sfmoreglue
                0x000000001000a1d4                __sfp
                0x000000001000a284                _cleanup
                0x000000001000a29c                __sinit
                0x000000001000a2ac                __sfp_lock_acquire
                0x000000001000a2b0                __sfp_lock_release
                0x000000001000a2b4                __sinit_lock_acquire
                0x000000001000a2b8                __sinit_lock_release
                0x000000001000a2bc                __fp_lock_all
                0x000000001000a2d4                __fp_unlock_all
 .text          0x000000001000a2ec      0x260 /usr/lib/gcc/arm-none-eabi/10.3.1/../../../arm-none-eabi/lib/thumb/v6-m/nofp/libc.a(lib_a-freer.o)
                0x000000001000a2ec                _malloc_trim_r
                0x000000001000a388                _free_r
 .text          0x000000001000a54c       0x88 /usr/lib/gcc/arm-none-eabi/10.3.1/../../../arm-none-eabi/lib/thumb/v6-m/nofp/libc.a(lib_a-fwalk.o)
                0x000000001000a54c                _fwalk
                0x000000001000a58c                _fwalk_reent
 .text          0x000000001000a5d4       0x14 /usr/lib/gcc/arm-none-eabi/10.3.1/../../../arm-none-eabi/lib/thumb/v6-m/nofp/libc.a(lib_a-localeconv.o)
                0x000000001000a5d4                __localeconv_l
                0x000000001000a5d8                _localeconv_r
                0x000000001000a5e0                localeconv
 .text          0x000000001000a5e8      0x144 /usr/lib/gcc/arm-none-eabi/10.3.1/../../../arm-none-eabi/lib/thumb/v6-m/nofp/libc.a(lib_a-makebuf.o)
                0x000000001000a5e8                __smakebuf_r
                0x000000001000a6cc                __swhatbuf_r
 .text          0x000000001000a72c      0xafc /usr/lib/gcc/arm-none-eabi/10.3.1/../../../arm-none-eabi/lib/thumb/v6-m/nofp/libc.a(lib_a-mprec.o)
                0x000000001000a72c                _Balloc
                0x000000001000a77c                _Bfree
                0x000000001000a790                __multadd
                0x000000001000a838                __s2b
                0x000000001000a8e8                __hi0bits
                0x000000001000a920                __lo0bits
                0x000000001000a97c                __i2b
                0x000000001000a9dc                __multiply
                0x000000001000ab80                __pow5mult
                0x000000001000ac58                __lshift
                0x000000001000ad54                __mcmp
                0x000000001000ad88                __mdiff
                0x000000001000af14                __ulp
                0x000000001000af5c                __b2d
                0x000000001000b024                __d2b
                0x000000001000b0fc                __ratio
                0x000000001000b164                _mprec_log10
                0x000000001000b198                __copybits
                0x000000001000b1d8                __any_on
 .text          0x000000001000b228       0xa4 /usr/lib/gcc/arm-none-eabi/10.3.1/../../../arm-none-eabi/lib/thumb/v6-m/nofp/libc.a(lib_a-stdio.o)
                0x000000001000b228                __sread
                0x000000001000b250                __seofread
                0x000000001000b254                __swrite
                0x000000001000b294                __sseek
                0x000000001000b2c0                __sclose
 .text          0x000000001000b2cc      0xdd8 /usr/lib/gcc/arm-none-eabi/10.3.1/../../../arm-none-eabi/lib/thumb/v6-m/nofp/libc.a(lib_a-vfiprintf.o)
                0x000000001000b354                __sprint_r
                0x000000001000b368                _vfiprintf_r
                0x000000001000c018                vfiprintf
 .text          0x000000001000c0a4       0x28 /usr/lib/gcc/arm-none-eabi/10.3.1/../../../arm-none-eabi/lib/thumb/v6-m/nofp/libc.a(lib_a-writer.o)
                0x000000001000c0a4                _write_r
 .text          0x000000001000c0cc       0x24 /usr/lib/gcc/arm-none-eabi/10.3.1/../../../arm-none-eabi/lib/thumb/v6-m/nofp/libc.a(lib_a-closer.o)
                0x000000001000c0cc                _close_r
 .text          0x000000001000c0f0       0xe8 /usr/lib/gcc/arm-none-eabi/10.3.1/../../../arm-none-eabi/lib/thumb/v6-m/nofp/libc.a(lib_a-fclose.o)
                0x000000001000c160                _fclose_r
                0x000000001000c198                fclose
 .text          0x000000001000c1d8       0xfc /usr/lib/gcc/arm-none-eabi/10.3.1/../../../arm-none-eabi/lib/thumb/v6-m/nofp/libc.a(lib_a-fputwc.o)
                0x000000001000c1d8                __fputwc
                0x000000001000c270                _fputwc_r
                0x000000001000c290                fputwc
 .text          0x000000001000c2d4       0x28 /usr/lib/gcc/arm-none-eabi/10.3.1/../../../arm-none-eabi/lib/thumb/v6-m/nofp/libc.a(lib_a-fstatr.o)
                0x000000001000c2d4                _fstat_r
 .text          0x000000001000c2fc      0x2f4 /usr/lib/gcc/arm-none-eabi/10.3.1/../../../arm-none-eabi/lib/thumb/v6-m/nofp/libc.a(lib_a-fvwrite.o)
                0x000000001000c2fc                __sfvwrite_r
 .text          0x000000001000c5f0       0x24 /usr/lib/gcc/arm-none-eabi/10.3.1/../../../arm-none-eabi/lib/thumb/v6-m/nofp/libc.a(lib_a-isattyr.o)
                0x000000001000c5f0                _isatty_r
 .text          0x000000001000c614       0x98 /usr/lib/gcc/arm-none-eabi/10.3.1/../../../arm-none-eabi/lib/thumb/v6-m/nofp/libc.a(lib_a-locale.o)
                0x000000001000c614                _setlocale_r
                0x000000001000c658                __locale_mb_cur_max
                0x000000001000c668                setlocale
 .text          0x000000001000c6ac       0x28 /usr/lib/gcc/arm-none-eabi/10.3.1/../../../arm-none-eabi/lib/thumb/v6-m/nofp/libc.a(lib_a-lseekr.o)
                0x000000001000c6ac                _lseek_r
 .text          0x000000001000c6d4       0x44 /usr/lib/gcc/arm-none-eabi/10.3.1/../../../arm-none-eabi/lib/thumb/v6-m/nofp/libc.a(lib_a-mbtowc_r.o)
                0x000000001000c6d4                _mbtowc_r
                0x000000001000c6ec                __ascii_mbtowc
 .text          0x000000001000c718       0x28 /usr/lib/gcc/arm-none-eabi/10.3.1/../../../arm-none-eabi/lib/thumb/v6-m/nofp/libc.a(lib_a-readr.o)
                0x000000001000c718                _read_r
 .text          0x000000001000c740       0xe0 /usr/lib/gcc/arm-none-eabi/10.3.1/../../../arm-none-eabi/lib/thumb/v6-m/nofp/libc.a(lib_a-wbuf.o)
                0x000000001000c740                __swbuf_r
                0x000000001000c808                __swbuf
 .text          0x000000001000c820       0x84 /usr/lib/gcc/arm-none-eabi/10.3.1/../../../arm-none-eabi/lib/thumb/v6-m/nofp/libc.a(lib_a-wcrtomb.o)
                0x000000001000c820                _wcrtomb_r
                0x000000001000c860                wcrtomb
 .text          0x000000001000c8a4       0x2c /usr/lib/gcc/arm-none-eabi/10.3.1/../../../arm-none-eabi/lib/thumb/v6-m/nofp/libc.a(lib_a-wctomb_r.o)
                0x000000001000c8a4                _wctomb_r
                0x000000001000c8b4                __ascii_wctomb
 *(.fini)
 .fini          0x000000001000c8d0        0x4 /usr/lib/gcc/arm-none-eabi/10.3.1/thumb/v6-m/nofp/crti.o
                0x000000001000c8d0                _fini
 *fill*         0x000000001000c8d4        0x4 
 .fini.__stub   0x000000001000c8d8       0x90 linker stubs
 *crtbegin.o(.ctors)
 *crtbegin?.o(.ctors)
 *(EXCLUDE_FILE(*crtend.o *crtend?.o) .ctors)
 *(SORT_BY_NAME(.ctors.*))
 *(.ctors)
 *crtbegin.o(.dtors)
 *crtbegin?.o(.dtors)
 *(EXCLUDE_FILE(*crtend.o *crtend?.o) .dtors)
 *(SORT_BY_NAME(.dtors.*))
 *(.dtors)
 *(.eh_frame*)
 .eh_frame      0x000000001000c968        0x0 /usr/lib/gcc/arm-none-eabi/10.3.1/thumb/v6-m/nofp/crtbegin.o
                0x000000001000c968                . = ALIGN (0x4)

.glue_7         0x000000001000c968        0x0
 .glue_7        0x000000001000c968        0x0 linker stubs

.glue_7t        0x000000001000c968        0x0
 .glue_7t       0x000000001000c968        0x0 linker stubs

.vfp11_veneer   0x000000001000c968        0x0
 .vfp11_veneer  0x000000001000c968        0x0 linker stubs

.v4_bx          0x000000001000c968        0x0
 .v4_bx         0x000000001000c968        0x0 linker stubs

.iplt           0x000000001000c968        0x0
 .iplt          0x000000001000c968        0x0 /usr/lib/gcc/arm-none-eabi/10.3.1/thumb/v6-m/nofp/crtbegin.o

.rodata         0x000000001000c968     0x12b0
 *(EXCLUDE_FILE(*libm.a: *libc.a:*lib_a-mem*.o *libgcc.a:) .rodata*)
 .rodata.new__i2cmaster_main.str1.4
                0x000000001000c968        0x2 CMakeFiles/I2cMaster.dir/_i2cmaster_main.c.obj
 *fill*         0x000000001000c96a        0x2 
 .rodata.__bi_34.0
                0x000000001000c96c        0x8 CMakeFiles/I2cMaster.dir/_i2cmaster_main.c.obj
 .rodata.spin_lock_claim_unused.str1.4
                0x000000001000c974       0x1b CMakeFiles/I2cMaster.dir/home/foobar/pico-sdk/src/rp2_common/hardware_sync/sync.c.obj
 *fill*         0x000000001000c98f        0x1 
 .rodata.at_the_end_of_time
                0x000000001000c990        0x8 CMakeFiles/I2cMaster.dir/home/foobar/pico-sdk/src/common/pico_time/time.c.obj
                0x000000001000c990                at_the_end_of_time
 .rodata.hardware_alarm_claim.str1.4
                0x000000001000c998       0x22 CMakeFiles/I2cMaster.dir/home/foobar/pico-sdk/src/rp2_common/hardware_timer/timer.c.obj
 *fill*         0x000000001000c9ba        0x2 
 .rodata.__assert_func.str1.4
                0x000000001000c9bc       0x3f CMakeFiles/I2cMaster.dir/home/foobar/pico-sdk/src/rp2_common/pico_runtime/runtime.c.obj
                                         0x43 (size before relaxing)
 *fill*         0x000000001000c9fb        0x1 
 .rodata.panic.str1.4
                0x000000001000c9fc       0x10 CMakeFiles/I2cMaster.dir/home/foobar/pico-sdk/src/rp2_common/pico_runtime/runtime.c.obj
                                         0x12 (size before relaxing)
 .rodata.hard_assertion_failure.str1.4
                0x000000001000ca0c        0xc CMakeFiles/I2cMaster.dir/home/foobar/pico-sdk/src/rp2_common/pico_runtime/runtime.c.obj
 .rodata._ftoa.str1.4
                0x000000001000ca18       0x15 CMakeFiles/I2cMaster.dir/home/foobar/pico-sdk/src/rp2_common/pico_printf/printf.c.obj
 *fill*         0x000000001000ca2d        0x3 
 .rodata._vsnprintf
                0x000000001000ca30      0x1e0 CMakeFiles/I2cMaster.dir/home/foobar/pico-sdk/src/rp2_common/pico_printf/printf.c.obj
 .rodata.pow10.0
                0x000000001000cc10       0x50 CMakeFiles/I2cMaster.dir/home/foobar/pico-sdk/src/rp2_common/pico_printf/printf.c.obj
 .rodata.missing_double_func_shim.str1.4
                0x000000001000cc60       0x18 CMakeFiles/I2cMaster.dir/home/foobar/pico-sdk/src/rp2_common/pico_double/double_init_rom.c.obj
 .rodata.missing_float_func_shim.str1.4
                0x000000001000cc78        0x1 CMakeFiles/I2cMaster.dir/home/foobar/pico-sdk/src/rp2_common/pico_float/float_init_rom.c.obj
 .rodata.__wrap_malloc.str1.4
                0x000000001000cc78        0xe CMakeFiles/I2cMaster.dir/home/foobar/pico-sdk/src/rp2_common/pico_malloc/pico_malloc.c.obj
 *fill*         0x000000001000cc86        0x2 
 .rodata.str1.4
                0x000000001000cc88       0x50 CMakeFiles/I2cMaster.dir/home/foobar/pico-sdk/src/rp2_common/pico_standard_link/binary_info.c.obj
 .rodata.__bi_44
                0x000000001000ccd8        0xc CMakeFiles/I2cMaster.dir/home/foobar/pico-sdk/src/rp2_common/pico_standard_link/binary_info.c.obj
 .rodata.__bi_75
                0x000000001000cce4        0xc CMakeFiles/I2cMaster.dir/home/foobar/pico-sdk/src/rp2_common/pico_standard_link/binary_info.c.obj
 .rodata.__bi_81
                0x000000001000ccf0        0xc CMakeFiles/I2cMaster.dir/home/foobar/pico-sdk/src/rp2_common/pico_standard_link/binary_info.c.obj
 .rodata.crlf_str.0
                0x000000001000ccfc        0x2 CMakeFiles/I2cMaster.dir/home/foobar/pico-sdk/src/rp2_common/pico_stdio/stdio.c.obj
 *fill*         0x000000001000ccfe        0x2 
 .rodata._lf_physical_time.str1.4
                0x000000001000cd00       0x23 core/libcore.a(tag.c.obj)
 *fill*         0x000000001000cd23        0x1 
 .rodata.lf_comma_separated_time.str1.4
                0x000000001000cd24       0x14 core/libcore.a(tag.c.obj)
                                         0x18 (size before relaxing)
 .rodata._lf_allocate.str1.4
                0x000000001000cd38        0xf core/libcore.a(reactor_common.c.obj)
 *fill*         0x000000001000cd47        0x1 
 .rodata._lf_schedule.str1.4
                0x000000001000cd48       0x6f core/libcore.a(reactor_common.c.obj)
 *fill*         0x000000001000cdb7        0x1 
 .rodata._lf_advance_logical_time.str1.4
                0x000000001000cdb8       0x40 core/libcore.a(reactor_common.c.obj)
 .rodata.usage.str1.4
                0x000000001000cdf8      0x248 core/libcore.a(reactor_common.c.obj)
                                        0x24a (size before relaxing)
 .rodata.process_args.str1.4
                0x000000001000d040      0x1c3 core/libcore.a(reactor_common.c.obj)
 *fill*         0x000000001000d203        0x1 
 .rodata.termination.str1.4
                0x000000001000d204      0x1ce core/libcore.a(reactor_common.c.obj)
 *fill*         0x000000001000d3d2        0x2 
 .rodata._lf_free_token.part.0.str1.4
                0x000000001000d3d4       0xbd core/libcore.a(lf_token.c.obj)
 *fill*         0x000000001000d491        0x3 
 .rodata._lf_get_token.str1.4
                0x000000001000d494       0x32 core/libcore.a(lf_token.c.obj)
 .rodata.environment_init.str1.4
                0x000000001000d4c6        0xe core/libcore.a(environment.c.obj)
 *fill*         0x000000001000d4c6        0x2 
 .rodata        0x000000001000d4c8       0x10 core/libcore.a(environment.c.obj)
 .rodata._lf_trigger_reaction.str1.4
                0x000000001000d4d8       0x2a core/libcore.a(reactor.c.obj)
 .rodata.next.str1.4
                0x000000001000d502       0x45 core/libcore.a(reactor.c.obj)
 *fill*         0x000000001000d502        0x2 
 .rodata.lf_reactor_c_main.str1.4
                0x000000001000d504       0x72 core/libcore.a(reactor.c.obj)
 *fill*         0x000000001000d576        0x2 
 .rodata        0x000000001000d578       0x10 core/libcore.a(reactor.c.obj)
 .rodata.find_equal_same_priority.str1.4
                0x000000001000d588       0x3d core/libcore.a(pqueue.c.obj)
 *fill*         0x000000001000d5c5        0x3 
 .rodata._lf_message_print.str1.4
                0x000000001000d5c8       0x1b core/libcore.a(util.c.obj)
 .rodata.lf_print.str1.4
                0x000000001000d5e3        0x1 core/libcore.a(util.c.obj)
 *fill*         0x000000001000d5e3        0x1 
 .rodata.lf_print_error.str1.4
                0x000000001000d5e4        0x8 core/libcore.a(util.c.obj)
 .rodata.lf_print_warning.str1.4
                0x000000001000d5ec        0xa core/libcore.a(util.c.obj)
 *fill*         0x000000001000d5f6        0x2 
 .rodata.lf_print_error_and_exit.str1.4
                0x000000001000d5f8        0xe core/libcore.a(util.c.obj)
 *fill*         0x000000001000d606        0x2 
 .rodata        0x000000001000d608        0x4 /usr/lib/gcc/arm-none-eabi/10.3.1/../../../arm-none-eabi/lib/thumb/v6-m/nofp/libc.a(lib_a-impure.o)
                0x000000001000d608                _global_impure_ptr
 .rodata.str1.4
                0x000000001000d60c       0x3b /usr/lib/gcc/arm-none-eabi/10.3.1/../../../arm-none-eabi/lib/thumb/v6-m/nofp/libc.a(lib_a-vfprintf.o)
                                         0x42 (size before relaxing)
 *fill*         0x000000001000d647        0x1 
 .rodata        0x000000001000d648      0x184 /usr/lib/gcc/arm-none-eabi/10.3.1/../../../arm-none-eabi/lib/thumb/v6-m/nofp/libc.a(lib_a-vfprintf.o)
 .rodata        0x000000001000d7cc      0x101 /usr/lib/gcc/arm-none-eabi/10.3.1/../../../arm-none-eabi/lib/thumb/v6-m/nofp/libc.a(lib_a-ctype_.o)
                0x000000001000d7cc                _ctype_
 *fill*         0x000000001000d8cd        0x3 
 .rodata.str1.4
                0x000000001000d8d0       0x56 /usr/lib/gcc/arm-none-eabi/10.3.1/../../../arm-none-eabi/lib/thumb/v6-m/nofp/libc.a(lib_a-dtoa.o)
                                         0x5a (size before relaxing)
 *fill*         0x000000001000d926        0x2 
 .rodata.str1.4
                0x000000001000d928       0x33 /usr/lib/gcc/arm-none-eabi/10.3.1/../../../arm-none-eabi/lib/thumb/v6-m/nofp/libc.a(lib_a-mprec.o)
                                         0x47 (size before relaxing)
 *fill*         0x000000001000d95b        0x5 
 .rodata        0x000000001000d960      0x128 /usr/lib/gcc/arm-none-eabi/10.3.1/../../../arm-none-eabi/lib/thumb/v6-m/nofp/libc.a(lib_a-mprec.o)
                0x000000001000d970                __mprec_tinytens
                0x000000001000d998                __mprec_bigtens
                0x000000001000d9c0                __mprec_tens
 .rodata.str1.4
                0x000000001000da88       0x2f /usr/lib/gcc/arm-none-eabi/10.3.1/../../../arm-none-eabi/lib/thumb/v6-m/nofp/libc.a(lib_a-vfiprintf.o)
 .rodata        0x000000001000da88      0x184 /usr/lib/gcc/arm-none-eabi/10.3.1/../../../arm-none-eabi/lib/thumb/v6-m/nofp/libc.a(lib_a-vfiprintf.o)
 .rodata.str1.4
                0x000000001000dc0c        0xa /usr/lib/gcc/arm-none-eabi/10.3.1/../../../arm-none-eabi/lib/thumb/v6-m/nofp/libc.a(lib_a-locale.o)
                                         0x12 (size before relaxing)
                0x000000001000dc18                . = ALIGN (0x4)
 *fill*         0x000000001000dc16        0x2 
 *(SORT_BY_ALIGNMENT(SORT_BY_NAME(.flashdata*)))
                0x000000001000dc18                . = ALIGN (0x4)

.ARM.extab
 *(.ARM.extab* .gnu.linkonce.armextab.*)
                0x000000001000dc18                __exidx_start = .

.ARM.exidx
 *(.ARM.exidx* .gnu.linkonce.armexidx.*)
                0x000000001000dc18                __exidx_end = .
                0x000000001000dc18                . = ALIGN (0x4)
                0x000000001000dc18                __binary_info_start = .

.binary_info    0x000000001000dc18       0x20
 *(.binary_info.keep.*)
 .binary_info.keep.__bi_ptr34
                0x000000001000dc18        0x4 CMakeFiles/I2cMaster.dir/_i2cmaster_main.c.obj
 .binary_info.keep.__bi_ptr22
                0x000000001000dc1c        0x4 CMakeFiles/I2cMaster.dir/home/foobar/pico-sdk/src/rp2_common/pico_standard_link/binary_info.c.obj
 .binary_info.keep.__bi_ptr30
                0x000000001000dc20        0x4 CMakeFiles/I2cMaster.dir/home/foobar/pico-sdk/src/rp2_common/pico_standard_link/binary_info.c.obj
 .binary_info.keep.__bi_ptr38
                0x000000001000dc24        0x4 CMakeFiles/I2cMaster.dir/home/foobar/pico-sdk/src/rp2_common/pico_standard_link/binary_info.c.obj
 .binary_info.keep.__bi_ptr44
                0x000000001000dc28        0x4 CMakeFiles/I2cMaster.dir/home/foobar/pico-sdk/src/rp2_common/pico_standard_link/binary_info.c.obj
 .binary_info.keep.__bi_ptr50
                0x000000001000dc2c        0x4 CMakeFiles/I2cMaster.dir/home/foobar/pico-sdk/src/rp2_common/pico_standard_link/binary_info.c.obj
 .binary_info.keep.__bi_ptr75
                0x000000001000dc30        0x4 CMakeFiles/I2cMaster.dir/home/foobar/pico-sdk/src/rp2_common/pico_standard_link/binary_info.c.obj
 .binary_info.keep.__bi_ptr81
                0x000000001000dc34        0x4 CMakeFiles/I2cMaster.dir/home/foobar/pico-sdk/src/rp2_common/pico_standard_link/binary_info.c.obj
 *(.binary_info.*)
                0x000000001000dc38                __binary_info_end = .

.rel.dyn        0x000000001000dc38        0x0
 .rel.iplt      0x000000001000dc38        0x0 /usr/lib/gcc/arm-none-eabi/10.3.1/thumb/v6-m/nofp/crtbegin.o
                0x000000001000dc38                . = ALIGN (0x4)

.ram_vector_table
                0x0000000020000000       0xc0
 *(.ram_vector_table)
 .ram_vector_table
                0x0000000020000000       0xc0 CMakeFiles/I2cMaster.dir/home/foobar/pico-sdk/src/rp2_common/pico_runtime/runtime.c.obj
                0x0000000020000000                ram_vector_table

.data           0x00000000200000c0      0xd78 load address 0x000000001000dc38
                0x00000000200000c0                __data_start__ = .
 *(vtable)
 *(.time_critical*)
 .time_critical.sem_acquire_block_until
                0x00000000200000c0       0x68 CMakeFiles/I2cMaster.dir/home/foobar/pico-sdk/src/common/pico_sync/sem.c.obj
                0x00000000200000c0                sem_acquire_block_until
 .time_critical.sem_reset
                0x0000000020000128       0x40 CMakeFiles/I2cMaster.dir/home/foobar/pico-sdk/src/common/pico_sync/sem.c.obj
                0x0000000020000128                sem_reset
 .time_critical.mutex_enter_blocking
                0x0000000020000168       0x48 CMakeFiles/I2cMaster.dir/home/foobar/pico-sdk/src/common/pico_sync/mutex.c.obj
                0x0000000020000168                mutex_enter_blocking
 .time_critical.mutex_try_enter_block_until
                0x00000000200001b0       0x9c CMakeFiles/I2cMaster.dir/home/foobar/pico-sdk/src/common/pico_sync/mutex.c.obj
                0x00000000200001b0                mutex_try_enter_block_until
 .time_critical.mutex_exit
                0x000000002000024c       0x28 CMakeFiles/I2cMaster.dir/home/foobar/pico-sdk/src/common/pico_sync/mutex.c.obj
                0x000000002000024c                mutex_exit
 *(.text*)
 .text          0x0000000020000274        0x4 /usr/lib/gcc/arm-none-eabi/10.3.1/thumb/v6-m/nofp/libgcc.a(_dvmd_tls.o)
                0x0000000020000274                __aeabi_ldiv0
                0x0000000020000274                __aeabi_idiv0
 .text          0x0000000020000278       0x74 /usr/lib/gcc/arm-none-eabi/10.3.1/../../../arm-none-eabi/lib/thumb/v6-m/nofp/libc.a(lib_a-memchr-stub.o)
                0x0000000020000278                memchr
 .text          0x00000000200002ec       0xac /usr/lib/gcc/arm-none-eabi/10.3.1/../../../arm-none-eabi/lib/thumb/v6-m/nofp/libc.a(lib_a-memmove.o)
                0x00000000200002ec                memmove
 .text.__stub   0x0000000020000398       0x10 linker stubs
                0x00000000200003a8                . = ALIGN (0x4)
 *(.rodata*)
                0x00000000200003a8                . = ALIGN (0x4)
 *(.data*)
 .data.striped_spin_lock_num
                0x00000000200003a8        0x1 CMakeFiles/I2cMaster.dir/home/foobar/pico-sdk/src/rp2_common/hardware_sync/sync.c.obj
 *fill*         0x00000000200003a9        0x3 
 .data          0x00000000200003ac       0x48 CMakeFiles/I2cMaster.dir/home/foobar/pico-sdk/src/rp2_common/hardware_irq/irq_handler_chain.S.obj
                0x00000000200003ac                irq_handler_chain_slots
                0x00000000200003dc                irq_handler_chain_first_slot
                0x00000000200003e6                irq_handler_chain_remove_tail
 .data.default_alarm_pool
                0x00000000200003f4       0x18 CMakeFiles/I2cMaster.dir/home/foobar/pico-sdk/src/common/pico_time/time.c.obj
 .data.default_alarm_pool_heap
                0x000000002000040c       0x10 CMakeFiles/I2cMaster.dir/home/foobar/pico-sdk/src/common/pico_time/time.c.obj
 *fill*         0x000000002000041c        0x4 
 .data.aeabi_bits_funcs
                0x0000000020000420       0x10 CMakeFiles/I2cMaster.dir/home/foobar/pico-sdk/src/rp2_common/pico_bit_ops/bit_ops_aeabi.S.obj
                0x0000000020000420                aeabi_bits_funcs
                0x0000000020000430                aeabi_bits_funcs_end
 .data.aeabi_mem_funcs
                0x0000000020000430       0x10 CMakeFiles/I2cMaster.dir/home/foobar/pico-sdk/src/rp2_common/pico_mem_ops/mem_ops_aeabi.S.obj
                0x0000000020000430                aeabi_mem_funcs
                0x0000000020000440                aeabi_mem_funcs_end
 .data.i2c0_inst
                0x0000000020000440        0x8 CMakeFiles/I2cMaster.dir/home/foobar/pico-sdk/src/rp2_common/hardware_i2c/i2c.c.obj
                0x0000000020000440                i2c0_inst
 .data._lf_last_reported_unadjusted_physical_time_ns
                0x0000000020000448        0x8 core/libcore.a(tag.c.obj)
                0x0000000020000448                _lf_last_reported_unadjusted_physical_time_ns
 .data.start_time
                0x0000000020000450        0x8 core/libcore.a(tag.c.obj)
                0x0000000020000450                start_time
 .data.duration
                0x0000000020000458        0x8 core/libcore.a(reactor_common.c.obj)
                0x0000000020000458                duration
 .data._lf_my_fed_id
                0x0000000020000460        0x4 core/libcore.a(util.c.obj)
                0x0000000020000460                _lf_my_fed_id
 .data.print_message_level
                0x0000000020000464        0x4 core/libcore.a(util.c.obj)
                0x0000000020000464                print_message_level
 .data          0x0000000020000468      0x430 /usr/lib/gcc/arm-none-eabi/10.3.1/../../../arm-none-eabi/lib/thumb/v6-m/nofp/libc.a(lib_a-impure.o)
                0x0000000020000468                _impure_ptr
 .data          0x0000000020000898      0x410 /usr/lib/gcc/arm-none-eabi/10.3.1/../../../arm-none-eabi/lib/thumb/v6-m/nofp/libc.a(lib_a-mallocr.o)
                0x0000000020000898                __malloc_sbrk_base
                0x000000002000089c                __malloc_trim_threshold
                0x00000000200008a0                __malloc_av_
 .data          0x0000000020000ca8      0x16c /usr/lib/gcc/arm-none-eabi/10.3.1/../../../arm-none-eabi/lib/thumb/v6-m/nofp/libc.a(lib_a-locale.o)
                0x0000000020000ca8                __global_locale
                0x0000000020000e14                . = ALIGN (0x4)
 *(.after_data.*)
                0x0000000020000e14                . = ALIGN (0x4)
                0x0000000020000e14                PROVIDE (__mutex_array_start = .)
 *(SORT_BY_NAME(.mutex_array.*))
 *(.mutex_array)
 .mutex_array   0x0000000020000e14        0x8 CMakeFiles/I2cMaster.dir/home/foobar/pico-sdk/src/rp2_common/pico_malloc/pico_malloc.c.obj
 .mutex_array   0x0000000020000e1c        0x8 CMakeFiles/I2cMaster.dir/home/foobar/pico-sdk/src/rp2_common/pico_stdio/stdio.c.obj
                0x0000000020000e24                PROVIDE (__mutex_array_end = .)
                0x0000000020000e24                . = ALIGN (0x4)
                0x0000000020000e24                PROVIDE (__preinit_array_start = .)
 *(SORT_BY_NAME(.preinit_array.*))
 .preinit_array.00001
                0x0000000020000e24        0x4 CMakeFiles/I2cMaster.dir/home/foobar/pico-sdk/src/rp2_common/pico_mem_ops/mem_ops_aeabi.S.obj
 .preinit_array.00010
                0x0000000020000e28        0x4 CMakeFiles/I2cMaster.dir/home/foobar/pico-sdk/src/rp2_common/pico_bit_ops/bit_ops_aeabi.S.obj
 .preinit_array.00020
                0x0000000020000e2c        0x4 CMakeFiles/I2cMaster.dir/home/foobar/pico-sdk/src/rp2_common/pico_double/double_aeabi.S.obj
 .preinit_array.00020
                0x0000000020000e30        0x4 CMakeFiles/I2cMaster.dir/home/foobar/pico-sdk/src/rp2_common/pico_float/float_aeabi.S.obj
 *(.preinit_array)
                0x0000000020000e34                PROVIDE (__preinit_array_end = .)
                0x0000000020000e34                . = ALIGN (0x4)
                0x0000000020000e34                PROVIDE (__init_array_start = .)
 *(SORT_BY_NAME(.init_array.*))
 *(.init_array)
 .init_array    0x0000000020000e34        0x4 /usr/lib/gcc/arm-none-eabi/10.3.1/thumb/v6-m/nofp/crtbegin.o
                0x0000000020000e38                PROVIDE (__init_array_end = .)
                0x0000000020000e38                . = ALIGN (0x4)
                0x0000000020000e38                PROVIDE (__fini_array_start = .)
 *(SORT_BY_NAME(.fini_array.*))
 *(.fini_array)
                0x0000000020000e38                PROVIDE (__fini_array_end = .)
 *(.jcr)
                0x0000000020000e38                . = ALIGN (0x4)
                0x0000000020000e38                __data_end__ = .
                0x000000001000dc38                __etext = LOADADDR (.data)

.tm_clone_table
                0x0000000020000e38        0x0 load address 0x000000001000e9b0
 .tm_clone_table
                0x0000000020000e38        0x0 /usr/lib/gcc/arm-none-eabi/10.3.1/thumb/v6-m/nofp/crtbegin.o
 .tm_clone_table
                0x0000000020000e38        0x0 /usr/lib/gcc/arm-none-eabi/10.3.1/thumb/v6-m/nofp/crtend.o

.igot.plt       0x0000000020000e38        0x0 load address 0x000000001000e9b0
 .igot.plt      0x0000000020000e38        0x0 /usr/lib/gcc/arm-none-eabi/10.3.1/thumb/v6-m/nofp/crtbegin.o

.uninitialized_data
                0x0000000020000e38        0x0 load address 0x000000001000e9b0
                0x0000000020000e38                . = ALIGN (0x4)
 *(.uninitialized_data*)

.scratch_x      0x0000000020040000        0x0 load address 0x000000001000e9b0
                0x0000000020040000                __scratch_x_start__ = .
 *(.scratch_x.*)
                0x0000000020040000                . = ALIGN (0x4)
                0x0000000020040000                __scratch_x_end__ = .
                0x000000001000e9b0                __scratch_x_source__ = LOADADDR (.scratch_x)

.scratch_y      0x0000000020041000        0x0 load address 0x000000001000e9b0
                0x0000000020041000                __scratch_y_start__ = .
 *(.scratch_y.*)
                0x0000000020041000                . = ALIGN (0x4)
                0x0000000020041000                __scratch_y_end__ = .
                0x000000001000e9b0                __scratch_y_source__ = LOADADDR (.scratch_y)

.bss            0x0000000020000e38      0x4ec
                0x0000000020000e38                . = ALIGN (0x4)
                0x0000000020000e38                __bss_start__ = .
 *(SORT_BY_ALIGNMENT(SORT_BY_NAME(.bss*)))
 .bss._lf_last_reported_physical_time_ns
                0x0000000020000e38        0x8 core/libcore.a(tag.c.obj)
                0x0000000020000e38                _lf_last_reported_physical_time_ns
 .bss._lf_time_physical_clock_offset
                0x0000000020000e40        0x8 core/libcore.a(tag.c.obj)
                0x0000000020000e40                _lf_time_physical_clock_offset
 .bss._lf_time_test_physical_clock_offset
                0x0000000020000e48        0x8 core/libcore.a(tag.c.obj)
                0x0000000020000e48                _lf_time_test_physical_clock_offset
 .bss.default_alarm_pool_entries
                0x0000000020000e50      0x100 CMakeFiles/I2cMaster.dir/home/foobar/pico-sdk/src/common/pico_time/time.c.obj
 .bss.envs      0x0000000020000f50       0x88 CMakeFiles/I2cMaster.dir/I2cMaster.c.obj
                0x0000000020000f50                envs
 .bss.sd_table  0x0000000020000fd8      0x100 CMakeFiles/I2cMaster.dir/home/foobar/pico-sdk/src/rp2_common/pico_double/double_init_rom.c.obj
                0x0000000020000fd8                sd_table
 .bss           0x00000000200010d8       0x1c /usr/lib/gcc/arm-none-eabi/10.3.1/thumb/v6-m/nofp/crtbegin.o
 .bss           0x00000000200010f4       0x34 /usr/lib/gcc/arm-none-eabi/10.3.1/../../../arm-none-eabi/lib/thumb/v6-m/nofp/libc.a(lib_a-mallocr.o)
                0x00000000200010f4                __malloc_top_pad
                0x00000000200010f8                __malloc_current_mallinfo
                0x0000000020001120                __malloc_max_sbrked_mem
                0x0000000020001124                __malloc_max_total_mem
 .bss           0x0000000020001128        0x4 /usr/lib/gcc/arm-none-eabi/10.3.1/../../../arm-none-eabi/lib/thumb/v6-m/nofp/libc.a(lib_a-reent.o)
                0x0000000020001128                errno
 .bss._lf_count_payload_allocations
                0x000000002000112c        0x4 core/libcore.a(lf_token.c.obj)
                0x000000002000112c                _lf_count_payload_allocations
 .bss._lf_count_token_allocations
                0x0000000020001130        0x4 core/libcore.a(lf_token.c.obj)
                0x0000000020001130                _lf_count_token_allocations
 .bss._lf_crit_sec
                0x0000000020001134        0x8 core/libcore.a(lf_rp2040_support.c.obj)
 .bss._lf_num_nested_crit_sec
                0x000000002000113c        0x4 core/libcore.a(lf_rp2040_support.c.obj)
 .bss._lf_number_of_workers
                0x0000000020001140        0x4 core/libcore.a(reactor_common.c.obj)
                0x0000000020001140                _lf_number_of_workers
 .bss._lf_reactors_to_free
                0x0000000020001144        0x4 core/libcore.a(reactor_common.c.obj)
                0x0000000020001144                _lf_reactors_to_free
 .bss._lf_sem_irq_event
                0x0000000020001148        0x8 core/libcore.a(lf_rp2040_support.c.obj)
 .bss._lf_token_recycling_bin
                0x0000000020001150        0x4 core/libcore.a(lf_token.c.obj)
 .bss._lf_token_templates
                0x0000000020001154        0x4 core/libcore.a(lf_token.c.obj)
 .bss._lf_tokens_allocated_in_reactions
                0x0000000020001158        0x4 core/libcore.a(lf_token.c.obj)
                0x0000000020001158                _lf_tokens_allocated_in_reactions
 .bss.alarm_callbacks
                0x000000002000115c       0x10 CMakeFiles/I2cMaster.dir/home/foobar/pico-sdk/src/rp2_common/hardware_timer/timer.c.obj
 .bss.claimed   0x000000002000116c        0x4 CMakeFiles/I2cMaster.dir/home/foobar/pico-sdk/src/rp2_common/hardware_sync/sync.c.obj
 .bss.configured_freq
                0x0000000020001170       0x28 CMakeFiles/I2cMaster.dir/home/foobar/pico-sdk/src/rp2_common/hardware_clocks/clocks.c.obj
 .bss.default_alarm_pool_entry_ids_high
                0x0000000020001198       0x10 CMakeFiles/I2cMaster.dir/home/foobar/pico-sdk/src/common/pico_time/time.c.obj
 .bss.default_alarm_pool_heap_nodes
                0x00000000200011a8       0x30 CMakeFiles/I2cMaster.dir/home/foobar/pico-sdk/src/common/pico_time/time.c.obj
 .bss.default_argc
                0x00000000200011d8        0x4 core/libcore.a(reactor_common.c.obj)
                0x00000000200011d8                default_argc
 .bss.default_argv
                0x00000000200011dc        0x4 core/libcore.a(reactor_common.c.obj)
                0x00000000200011dc                default_argv
 .bss.drivers   0x00000000200011e0        0x4 CMakeFiles/I2cMaster.dir/home/foobar/pico-sdk/src/rp2_common/pico_stdio/stdio.c.obj
 .bss.filter    0x00000000200011e4        0x4 CMakeFiles/I2cMaster.dir/home/foobar/pico-sdk/src/rp2_common/pico_stdio/stdio.c.obj
 .bss.heap_end.0
                0x00000000200011e8        0x4 CMakeFiles/I2cMaster.dir/home/foobar/pico-sdk/src/rp2_common/pico_runtime/runtime.c.obj
 .bss.lazy_vsnprintf
                0x00000000200011ec        0x4 CMakeFiles/I2cMaster.dir/home/foobar/pico-sdk/src/rp2_common/pico_printf/printf.c.obj
 .bss.pools     0x00000000200011f0       0x10 CMakeFiles/I2cMaster.dir/home/foobar/pico-sdk/src/common/pico_time/time.c.obj
 .bss.print_message_function
                0x0000000020001200        0x4 core/libcore.a(util.c.obj)
                0x0000000020001200                print_message_function
 .bss.sf_clz_func
                0x0000000020001204        0x4 CMakeFiles/I2cMaster.dir/home/foobar/pico-sdk/src/rp2_common/pico_double/double_init_rom.c.obj
                0x0000000020001204                sf_clz_func
 .bss.sf_table  0x0000000020001208      0x100 CMakeFiles/I2cMaster.dir/home/foobar/pico-sdk/src/rp2_common/pico_float/float_init_rom.c.obj
                0x0000000020001208                sf_table
 .bss.sleep_notifier
                0x0000000020001308        0x4 CMakeFiles/I2cMaster.dir/home/foobar/pico-sdk/src/common/pico_time/time.c.obj
 .bss.target_hi
                0x000000002000130c       0x10 CMakeFiles/I2cMaster.dir/home/foobar/pico-sdk/src/rp2_common/hardware_timer/timer.c.obj
 .bss._lf_execution_started
                0x000000002000131c        0x1 core/libcore.a(reactor_common.c.obj)
                0x000000002000131c                _lf_execution_started
 .bss.claimed   0x000000002000131d        0x1 CMakeFiles/I2cMaster.dir/home/foobar/pico-sdk/src/rp2_common/hardware_timer/timer.c.obj
 .bss.fast      0x000000002000131e        0x1 core/libcore.a(reactor_common.c.obj)
                0x000000002000131e                fast
 .bss.irq_hander_chain_free_slot_head
                0x000000002000131f        0x1 CMakeFiles/I2cMaster.dir/home/foobar/pico-sdk/src/rp2_common/hardware_irq/irq.c.obj
 .bss.keepalive_specified
                0x0000000020001320        0x1 core/libcore.a(reactor_common.c.obj)
                0x0000000020001320                keepalive_specified
 .bss.timer_callbacks_pending
                0x0000000020001321        0x1 CMakeFiles/I2cMaster.dir/home/foobar/pico-sdk/src/rp2_common/hardware_timer/timer.c.obj
 *(COMMON)
                0x0000000020001324                . = ALIGN (0x4)
 *fill*         0x0000000020001322        0x2 
                0x0000000020001324                __bss_end__ = .

.heap           0x0000000020001324      0x800
                0x0000000020001324                __end__ = .
                0x0000000020001324                end = __end__
 *(.heap*)
 .heap          0x0000000020001324      0x800 CMakeFiles/I2cMaster.dir/home/foobar/pico-sdk/src/rp2_common/pico_standard_link/crt0.S.obj
                0x0000000020001b24                __HeapLimit = .

.stack1_dummy   0x0000000020040000      0x800
 *(.stack1*)
 .stack1        0x0000000020040000      0x800 CMakeFiles/I2cMaster.dir/home/foobar/pico-sdk/src/rp2_common/pico_multicore/multicore.c.obj

.stack_dummy    0x0000000020041000      0x800
 *(.stack*)
 .stack         0x0000000020041000      0x800 CMakeFiles/I2cMaster.dir/home/foobar/pico-sdk/src/rp2_common/pico_standard_link/crt0.S.obj

.flash_end      0x000000001000e9b0        0x0
                0x000000001000e9b0                PROVIDE (__flash_binary_end = .)
                0x0000000020040000                __StackLimit = (ORIGIN (RAM) + LENGTH (RAM))
                0x0000000020041000                __StackOneTop = (ORIGIN (SCRATCH_X) + LENGTH (SCRATCH_X))
                0x0000000020042000                __StackTop = (ORIGIN (SCRATCH_Y) + LENGTH (SCRATCH_Y))
                0x0000000020040800                __StackOneBottom = (__StackOneTop - SIZEOF (.stack1_dummy))
                0x0000000020041800                __StackBottom = (__StackTop - SIZEOF (.stack_dummy))
                0x0000000020042000                PROVIDE (__stack = __StackTop)
                0x0000000000000001                ASSERT ((__StackLimit >= __HeapLimit), region RAM overflowed)
                0x0000000000000001                ASSERT (((__binary_info_header_end - __logical_binary_start) <= 0x100), Binary info must be in first 256 bytes of the binary)
LOAD CMakeFiles/I2cMaster.dir/lib/schedule.c.obj
LOAD CMakeFiles/I2cMaster.dir/_i2cmaster_main.c.obj
LOAD CMakeFiles/I2cMaster.dir/I2cMaster.c.obj
LOAD CMakeFiles/I2cMaster.dir/home/foobar/pico-sdk/src/rp2_common/pico_stdlib/stdlib.c.obj
LOAD CMakeFiles/I2cMaster.dir/home/foobar/pico-sdk/src/rp2_common/hardware_gpio/gpio.c.obj
LOAD CMakeFiles/I2cMaster.dir/home/foobar/pico-sdk/src/rp2_common/pico_platform/platform.c.obj
LOAD CMakeFiles/I2cMaster.dir/home/foobar/pico-sdk/src/rp2_common/hardware_claim/claim.c.obj
LOAD CMakeFiles/I2cMaster.dir/home/foobar/pico-sdk/src/rp2_common/hardware_sync/sync.c.obj
LOAD CMakeFiles/I2cMaster.dir/home/foobar/pico-sdk/src/rp2_common/hardware_irq/irq.c.obj
LOAD CMakeFiles/I2cMaster.dir/home/foobar/pico-sdk/src/rp2_common/hardware_irq/irq_handler_chain.S.obj
LOAD CMakeFiles/I2cMaster.dir/home/foobar/pico-sdk/src/common/pico_sync/sem.c.obj
LOAD CMakeFiles/I2cMaster.dir/home/foobar/pico-sdk/src/common/pico_sync/lock_core.c.obj
LOAD CMakeFiles/I2cMaster.dir/home/foobar/pico-sdk/src/common/pico_sync/mutex.c.obj
LOAD CMakeFiles/I2cMaster.dir/home/foobar/pico-sdk/src/common/pico_sync/critical_section.c.obj
LOAD CMakeFiles/I2cMaster.dir/home/foobar/pico-sdk/src/common/pico_time/time.c.obj
LOAD CMakeFiles/I2cMaster.dir/home/foobar/pico-sdk/src/common/pico_time/timeout_helper.c.obj
LOAD CMakeFiles/I2cMaster.dir/home/foobar/pico-sdk/src/rp2_common/hardware_timer/timer.c.obj
LOAD CMakeFiles/I2cMaster.dir/home/foobar/pico-sdk/src/common/pico_util/datetime.c.obj
LOAD CMakeFiles/I2cMaster.dir/home/foobar/pico-sdk/src/common/pico_util/pheap.c.obj
LOAD CMakeFiles/I2cMaster.dir/home/foobar/pico-sdk/src/common/pico_util/queue.c.obj
LOAD CMakeFiles/I2cMaster.dir/home/foobar/pico-sdk/src/rp2_common/hardware_uart/uart.c.obj
LOAD CMakeFiles/I2cMaster.dir/home/foobar/pico-sdk/src/rp2_common/hardware_clocks/clocks.c.obj
LOAD CMakeFiles/I2cMaster.dir/home/foobar/pico-sdk/src/rp2_common/hardware_pll/pll.c.obj
LOAD CMakeFiles/I2cMaster.dir/home/foobar/pico-sdk/src/rp2_common/hardware_vreg/vreg.c.obj
LOAD CMakeFiles/I2cMaster.dir/home/foobar/pico-sdk/src/rp2_common/hardware_watchdog/watchdog.c.obj
LOAD CMakeFiles/I2cMaster.dir/home/foobar/pico-sdk/src/rp2_common/hardware_xosc/xosc.c.obj
LOAD CMakeFiles/I2cMaster.dir/home/foobar/pico-sdk/src/rp2_common/hardware_divider/divider.S.obj
LOAD CMakeFiles/I2cMaster.dir/home/foobar/pico-sdk/src/rp2_common/pico_runtime/runtime.c.obj
LOAD CMakeFiles/I2cMaster.dir/home/foobar/pico-sdk/src/rp2_common/pico_printf/printf.c.obj
LOAD CMakeFiles/I2cMaster.dir/home/foobar/pico-sdk/src/rp2_common/pico_bit_ops/bit_ops_aeabi.S.obj
LOAD CMakeFiles/I2cMaster.dir/home/foobar/pico-sdk/src/rp2_common/pico_bootrom/bootrom.c.obj
LOAD CMakeFiles/I2cMaster.dir/home/foobar/pico-sdk/src/rp2_common/pico_divider/divider.S.obj
LOAD CMakeFiles/I2cMaster.dir/home/foobar/pico-sdk/src/rp2_common/pico_double/double_aeabi.S.obj